<html>
<body>
<pre>
<h1>µVision Build Log</h1>
<h2>Tool Versions:</h2>
IDE-Version: ¦ÌVision V5.24.2.0
Copyright (C) 2017 ARM Ltd and ARM Germany GmbH. All rights reserved.
License Information: Praymerry Lenovo, eason, LIC=CZLZX-HT466-DYQV3-A9315-VSY4R-8PYX1
 
Tool Versions:
Toolchain:       MDK-ARM Plus  Version: 5.24.1
Toolchain Path:  D:\Keil\ARM Start\ARM\ARMCC\Bin
C Compiler:      Armcc.exe V5.06 update 5 (build 528)
Assembler:       Armasm.exe V5.06 update 5 (build 528)
Linker/Locator:  ArmLink.exe V5.06 update 5 (build 528)
Library Manager: ArmAr.exe V5.06 update 5 (build 528)
Hex Converter:   FromElf.exe V5.06 update 5 (build 528)
CPU DLL:         SARMCM3.DLL V5.24.1
Dialog DLL:      DCM.DLL V1.16.0.0
Target DLL:      STLink\ST-LINKIII-KEIL_SWO.dll V3.0.1.0
Dialog DLL:      TCM.DLL V1.32.0.0
 
<h2>Project:</h2>
C:\Users\Lenovo\Desktop\My FreeRtos\Hal-Stm32F1-Intelligent-door-lock-system\MDK-ARM\F1 Intelligent Door Lock.uvprojx
Project File Date:  07/31/2024

<h2>Output:</h2>
*** Using Compiler 'V5.06 update 5 (build 528)', folder: 'D:\Keil\ARM Start\ARM\ARMCC\Bin'
Build target 'F1 Intelligent Door Lock'
compiling HCSR04.c...
../SYSTEM/Delay.h(10): warning:  #1-D: last line of file ends without a newline
  #endif
..\SDK\HRSR04\HCSR04.c(201): warning:  #1-D: last line of file ends without a newline
  }
..\SDK\HRSR04\HCSR04.c: 2 warnings, 0 errors
compiling HC05.c...
../SYSTEM/Delay.h(10): warning:  #1-D: last line of file ends without a newline
  #endif
../SDK/LCD/lcd.h(56): warning:  #1-D: last line of file ends without a newline
  #endif
..\SDK\BLUETOOTH\HC05.h(43): warning:  #1-D: last line of file ends without a newline
  #endif
..\SDK\BLUETOOTH\HC05.c(19): warning:  #167-D: argument of type "uint8_t *" is incompatible with parameter of type "const char *"
      else if (strcmp(Blue_Rx_Buffer, "doorclose") == 0)
..\SDK\BLUETOOTH\HC05.c(23): warning:  #167-D: argument of type "uint8_t *" is incompatible with parameter of type "const char *"
      else if (strcmp(Blue_Rx_Buffer, "ledredon") == 0)
..\SDK\BLUETOOTH\HC05.c(27): warning:  #167-D: argument of type "uint8_t *" is incompatible with parameter of type "const char *"
      else if (strcmp(Blue_Rx_Buffer, "ledredoff") == 0)
..\SDK\BLUETOOTH\HC05.c(31): warning:  #167-D: argument of type "uint8_t *" is incompatible with parameter of type "const char *"
      else if (strcmp(Blue_Rx_Buffer, "ledwhiteon") == 0)
..\SDK\BLUETOOTH\HC05.c(35): warning:  #167-D: argument of type "uint8_t *" is incompatible with parameter of type "const char *"
      else if (strcmp(Blue_Rx_Buffer, "ledwhiteoff") == 0)
..\SDK\BLUETOOTH\HC05.c(39): warning:  #167-D: argument of type "uint8_t *" is incompatible with parameter of type "const char *"
      else if (strcmp(Blue_Rx_Buffer, "ledgreenon") == 0)
..\SDK\BLUETOOTH\HC05.c(43): warning:  #167-D: argument of type "uint8_t *" is incompatible with parameter of type "const char *"
      else if (strcmp(Blue_Rx_Buffer, "ledgreenoff") == 0)
..\SDK\BLUETOOTH\HC05.c(80): warning:  #68-D: integer conversion resulted in a change of sign
          LCD_Fill(-10, -10, 240, 240, 
HITE);
..\SDK\BLUETOOTH\HC05.c(80): warning:  #68-D: integer conversion resulted in a change of sign
          LCD_Fill(-10, -10, 240, 240, 
HITE);
..\SDK\BLUETOOTH\HC05.c(87): warning:  #68-D: integer conversion resulted in a change of sign
          LCD_Fill(-10, -10, 240, 240, 
HITE);
..\SDK\BLUETOOTH\HC05.c(87): warning:  #68-D: integer conversion resulted in a change of sign
          LCD_Fill(-10, -10, 240, 240, 
HITE);
..\SDK\BLUETOOTH\HC05.c(94): warning:  #68-D: integer conversion resulted in a change of sign
          LCD_Fill(-10, -10, 240, 240, 
HITE);
..\SDK\BLUETOOTH\HC05.c(94): warning:  #68-D: integer conversion resulted in a change of sign
          LCD_Fill(-10, -10, 240, 240, 
HITE);
..\SDK\BLUETOOTH\HC05.c(101): warning:  #68-D: integer conversion resulted in a change of sign
          LCD_Fill(-10, -10, 240, 240, 
HITE);
..\SDK\BLUETOOTH\HC05.c(101): warning:  #68-D: integer conversion resulted in a change of sign
          LCD_Fill(-10, -10, 240, 240, 
HITE);
..\SDK\BLUETOOTH\HC05.c(108): warning:  #68-D: integer conversion resulted in a change of sign
          LCD_Fill(-10, -10, 240, 240, 
HITE);
..\SDK\BLUETOOTH\HC05.c(108): warning:  #68-D: integer conversion resulted in a change of sign
          LCD_Fill(-10, -10, 240, 240, 
HITE);
..\SDK\BLUETOOTH\HC05.c(115): warning:  #68-D: integer conversion resulted in a change of sign
          LCD_Fill(-10, -10, 240, 240, 
HITE);
..\SDK\BLUETOOTH\HC05.c(115): warning:  #68-D: integer conversion resulted in a change of sign
          LCD_Fill(-10, -10, 240, 240, 
HITE);
..\SDK\BLUETOOTH\HC05.c(121): warning:  #68-D: integer conversion resulted in a change of sign
          LCD_Fill(-10, -10, 240, 240, 
HITE);
..\SDK\BLUETOOTH\HC05.c(121): warning:  #68-D: integer conversion resulted in a change of sign
          LCD_Fill(-10, -10, 240, 240, 
HITE);
..\SDK\BLUETOOTH\HC05.c(128): warning:  #68-D: integer conversion resulted in a change of sign
          LCD_Fill(-10, -10, 240, 240, 
HITE);
..\SDK\BLUETOOTH\HC05.c(128): warning:  #68-D: integer conversion resulted in a change of sign
          LCD_Fill(-10, -10, 240, 240, 
HITE);
..\SDK\BLUETOOTH\HC05.c(135): warning:  #68-D: integer conversion resulted in a change of sign
          LCD_Fill(-10, -10, 240, 240, 
HITE);
..\SDK\BLUETOOTH\HC05.c(135): warning:  #68-D: integer conversion resulted in a change of sign
          LCD_Fill(-10, -10, 240, 240, 
HITE);
..\SDK\BLUETOOTH\HC05.c(137): warning:  #1-D: last line of file ends without a newline
  }
..\SDK\BLUETOOTH\HC05.c: 29 warnings, 0 errors
compiling main.c...
../SYSTEM/Delay.h(10): warning:  #1-D: last line of file ends without a newline
  #endif
../SDK/LCD/lcd.h(56): warning:  #1-D: last line of file ends without a newline
  #endif
../SDK/BLUETOOTH/HC05.h(43): warning:  #1-D: last line of file ends without a newline
  #endif
../Core/Src/main.c(80): warning:  #68-D: integer conversion resulted in a change of sign
    LCD_Fill(-10, -10, 240, 240, 
HITE);
../Core/Src/main.c(80): warning:  #68-D: integer conversion resulted in a change of sign
    LCD_Fill(-10, -10, 240, 240, 
HITE);
../Core/Src/main.c(84): warning:  #68-D: integer conversion resulted in a change of sign
    LCD_Fill(-10, -10, 240, 240, 
HITE);
../Core/Src/main.c(84): warning:  #68-D: integer conversion resulted in a change of sign
    LCD_Fill(-10, -10, 240, 240, 
HITE);
../Core/Src/main.c(92): warning:  #68-D: integer conversion resulted in a change of sign
    LCD_Fill(-10, -10, 240, 240, 
HITE);
../Core/Src/main.c(92): warning:  #68-D: integer conversion resulted in a change of sign
    LCD_Fill(-10, -10, 240, 240, 
HITE);
../Core/Src/main.c(95): warning:  #68-D: integer conversion resulted in a change of sign
    LCD_Fill(-10, -10, 240, 240, 
HITE);
../Core/Src/main.c(95): warning:  #68-D: integer conversion resulted in a change of sign
    LCD_Fill(-10, -10, 240, 240, 
HITE);
../Core/Src/main.c(156): warning:  #68-D: integer conversion resulted in a change of sign
    LCD_Fill(-10, -10, 240, 240, 
HITE);
../Core/Src/main.c(156): warning:  #68-D: integer conversion resulted in a change of sign
    LCD_Fill(-10, -10, 240, 240, 
HITE);
../Core/Src/main.c: 13 warnings, 0 errors
compiling AS608.c...
../SYSTEM/Delay.h(10): warning:  #1-D: last line of file ends without a newline
  #endif
../SDK/LCD/lcd.h(56): warning:  #1-D: last line of file ends without a newline
  #endif
..\SDK\AS608\AS608.c(785): warning:  #940-D: missing return statement at end of non-void function "Press_FR" 
  }
..\SDK\AS608\AS608.c(803): warning:  #68-D: integer conversion resulted in a change of sign
  			LCD_Fill(-10, -10, 240, 240, 
HITE);
..\SDK\AS608\AS608.c(803): warning:  #68-D: integer conversion resulted in a change of sign
  			LCD_Fill(-10, -10, 240, 240, 
HITE);
..\SDK\AS608\AS608.c(812): warning:  #68-D: integer conversion resulted in a change of sign
  					LCD_Fill(-10, -10, 240, 240, 
HITE);
..\SDK\AS608\AS608.c(812): warning:  #68-D: integer conversion resulted in a change of sign
  					LCD_Fill(-10, -10, 240, 240, 
HITE);
..\SDK\AS608\AS608.c(820): warning:  #68-D: integer conversion resulted in a change of sign
  					LCD_Fill(-10, -10, 240, 240, 
HITE);
..\SDK\AS608\AS608.c(820): warning:  #68-D: integer conversion resulted in a change of sign
  					LCD_Fill(-10, -10, 240, 240, 
HITE);
..\SDK\AS608\AS608.c(827): warning:  #68-D: integer conversion resulted in a change of sign
  				LCD_Fill(-10, -10, 240, 240, 
HITE);
..\SDK\AS608\AS608.c(827): warning:  #68-D: integer conversion resulted in a change of sign
  				LCD_Fill(-10, -10, 240, 240, 
HITE);
..\SDK\AS608\AS608.c(834): warning:  #68-D: integer conversion resulted in a change of sign
  			LCD_Fill(-10, -10, 240, 240, 
HITE);
..\SDK\AS608\AS608.c(834): warning:  #68-D: integer conversion resulted in a change of sign
  			LCD_Fill(-10, -10, 240, 240, 
HITE);
..\SDK\AS608\AS608.c(844): warning:  #68-D: integer conversion resulted in a change of sign
  					LCD_Fill(-10, -10, 240, 240, 
HITE);
..\SDK\AS608\AS608.c(844): warning:  #68-D: integer conversion resulted in a change of sign
  					LCD_Fill(-10, -10, 240, 240, 
HITE);
..\SDK\AS608\AS608.c(852): warning:  #68-D: integer conversion resulted in a change of sign
  					LCD_Fill(-10, -10, 240, 240, 
HITE);
..\SDK\AS608\AS608.c(852): warning:  #68-D: integer conversion resulted in a change of sign
  					LCD_Fill(-10, -10, 240, 240, 
HITE);
..\SDK\AS608\AS608.c(859): warning:  #68-D: integer conversion resulted in a change of sign
  				LCD_Fill(-10, -10, 240, 240, 
HITE);
..\SDK\AS608\AS608.c(859): warning:  #68-D: integer conversion resulted in a change of sign
  				LCD_Fill(-10, -10, 240, 240, 
HITE);
..\SDK\AS608\AS608.c(866): warning:  #68-D: integer conversion resulted in a change of sign
  			LCD_Fill(-10, -10, 240, 240, 
HITE);
..\SDK\AS608\AS608.c(866): warning:  #68-D: integer conversion resulted in a change of sign
  			LCD_Fill(-10, -10, 240, 240, 
HITE);
..\SDK\AS608\AS608.c(872): warning:  #68-D: integer conversion resulted in a change of sign
  				LCD_Fill(-10, -10, 240, 240, 
HITE);
..\SDK\AS608\AS608.c(872): warning:  #68-D: integer conversion resulted in a change of sign
  				LCD_Fill(-10, -10, 240, 240, 
HITE);
..\SDK\AS608\AS608.c(879): warning:  #68-D: integer conversion resulted in a change of sign
  				LCD_Fill(-10, -10, 240, 240, 
HITE);
..\SDK\AS608\AS608.c(879): warning:  #68-D: integer conversion resulted in a change of sign
  				LCD_Fill(-10, -10, 240, 240, 
HITE);
..\SDK\AS608\AS608.c(890): warning:  #68-D: integer conversion resulted in a change of sign
  			LCD_Fill(-10, -10, 240, 240, 
HITE);
..\SDK\AS608\AS608.c(890): warning:  #68-D: integer conversion resulted in a change of sign
  			LCD_Fill(-10, -10, 240, 240, 
HITE);
..\SDK\AS608\AS608.c(897): warning:  #68-D: integer conversion resulted in a change of sign
  				LCD_Fill(-10, -10, 240, 240, 
HITE);
..\SDK\AS608\AS608.c(897): warning:  #68-D: integer conversion resulted in a change of sign
  				LCD_Fill(-10, -10, 240, 240, 
HITE);
..\SDK\AS608\AS608.c(904): warning:  #68-D: integer conversion resulted in a change of sign
  				LCD_Fill(-10, -10, 240, 240, 
HITE);
..\SDK\AS608\AS608.c(904): warning:  #68-D: integer conversion resulted in a change of sign
  				LCD_Fill(-10, -10, 240, 240, 
HITE);
..\SDK\AS608\AS608.c(918): warning:  #68-D: integer conversion resulted in a change of sign
  				LCD_Fill(-10, -10, 240, 240, 
HITE);
..\SDK\AS608\AS608.c(918): warning:  #68-D: integer conversion resulted in a change of sign
  				LCD_Fill(-10, -10, 240, 240, 
HITE);
..\SDK\AS608\AS608.c(922): warning:  #68-D: integer conversion resulted in a change of sign
  				LCD_Fill(-10, -10, 240, 240, 
HITE);
..\SDK\AS608\AS608.c(922): warning:  #68-D: integer conversion resulted in a change of sign
  				LCD_Fill(-10, -10, 240, 240, 
HITE);
..\SDK\AS608\AS608.c(927): warning:  #68-D: integer conversion resulted in a change of sign
  				LCD_Fill(-10, -10, 240, 240, 
HITE);
..\SDK\AS608\AS608.c(927): warning:  #68-D: integer conversion resulted in a change of sign
  				LCD_Fill(-10, -10, 240, 240, 
HITE);
..\SDK\AS608\AS608.c(937): warning:  #68-D: integer conversion resulted in a change of sign
  			LCD_Fill(-10, -10, 240, 240, 
HITE);
..\SDK\AS608\AS608.c(937): warning:  #68-D: integer conversion resulted in a change of sign
  			LCD_Fill(-10, -10, 240, 240, 
HITE);
..\SDK\AS608\AS608.c(940): warning:  #68-D: integer conversion resulted in a change of sign
  			LCD_Fill(-10, -10, 240, 240, 
HITE);
..\SDK\AS608\AS608.c(940): warning:  #68-D: integer conversion resulted in a change of sign
  			LCD_Fill(-10, -10, 240, 240, 
HITE);
..\SDK\AS608\AS608.c(994): warning:  #68-D: integer conversion resulted in a change of sign
  	LCD_Fill(-10, -10, 240, 240, 
HITE);
..\SDK\AS608\AS608.c(994): warning:  #68-D: integer conversion resulted in a change of sign
  	LCD_Fill(-10, -10, 240, 240, 
HITE);
..\SDK\AS608\AS608.c(999): warning:  #68-D: integer conversion resulted in a change of sign
  		LCD_Fill(-10, -10, 240, 240, 
HITE);
..\SDK\AS608\AS608.c(999): warning:  #68-D: integer conversion resulted in a change of sign
  		LCD_Fill(-10, -10, 240, 240, 
HITE);
..\SDK\AS608\AS608.c(1004): warning:  #68-D: integer conversion resulted in a change of sign
  		LCD_Fill(-10, -10, 240, 240, 
HITE);
..\SDK\AS608\AS608.c(1004): warning:  #68-D: integer conversion resulted in a change of sign
  		LCD_Fill(-10, -10, 240, 240, 
HITE);
..\SDK\AS608\AS608.c: 47 warnings, 0 errors
compiling Key.c...
../SYSTEM/Delay.h(10): warning:  #1-D: last line of file ends without a newline
  #endif
../SDK/LCD/lcd.h(56): warning:  #1-D: last line of file ends without a newline
  #endif
..\SDK\KEY\Key.c(107): warning:  #940-D: missing return statement at end of non-void function "Password_Match" 
  }
..\SDK\KEY\Key.c(195): warning:  #68-D: integer conversion resulted in a change of sign
  	LCD_Fill(-10, -10, 240, 240, 
HITE);
..\SDK\KEY\Key.c(195): warning:  #68-D: integer conversion resulted in a change of sign
  	LCD_Fill(-10, -10, 240, 240, 
HITE);
..\SDK\KEY\Key.c(260): warning:  #68-D: integer conversion resulted in a change of sign
  	LCD_Fill(-10, -10, 240, 240, 
HITE);
..\SDK\KEY\Key.c(260): warning:  #68-D: integer conversion resulted in a change of sign
  	LCD_Fill(-10, -10, 240, 240, 
HITE);
..\SDK\KEY\Key.c(332): warning:  #68-D: integer conversion resulted in a change of sign
  		LCD_Fill(-10, -10, 240, 240, 
HITE);
..\SDK\KEY\Key.c(332): warning:  #68-D: integer conversion resulted in a change of sign
  		LCD_Fill(-10, -10, 240, 240, 
HITE);
..\SDK\KEY\Key.c(347): warning:  #68-D: integer conversion resulted in a change of sign
  		LCD_Fill(-10, -10, 240, 240, 
HITE);
..\SDK\KEY\Key.c(347): warning:  #68-D: integer conversion resulted in a change of sign
  		LCD_Fill(-10, -10, 240, 240, 
HITE);
..\SDK\KEY\Key.c(364): warning:  #68-D: integer conversion resulted in a change of sign
  	LCD_Fill(-10, -10, 240, 240, 
HITE);
..\SDK\KEY\Key.c(364): warning:  #68-D: integer conversion resulted in a change of sign
  	LCD_Fill(-10, -10, 240, 240, 
HITE);
..\SDK\KEY\Key.c(370): warning:  #68-D: integer conversion resulted in a change of sign
  		LCD_Fill(-10, -10, 240, 240, 
HITE);
..\SDK\KEY\Key.c(370): warning:  #68-D: integer conversion resulted in a change of sign
  		LCD_Fill(-10, -10, 240, 240, 
HITE);
..\SDK\KEY\Key.c(375): warning:  #68-D: integer conversion resulted in a change of sign
  		LCD_Fill(-10, -10, 240, 240, 
HITE);
..\SDK\KEY\Key.c(375): warning:  #68-D: integer conversion resulted in a change of sign
  		LCD_Fill(-10, -10, 240, 240, 
HITE);
..\SDK\KEY\Key.c: 17 warnings, 0 errors
linking...
Program Size: Code=38526 RO-data=18198 RW-data=112 ZI-data=4376  
FromELF: creating hex file...
"F1 Intelligent Door Lock\F1 Intelligent Door Lock.axf" - 0 Error(s), 108 Warning(s).

<h2>Software Packages used:</h2>

Package Vendor: ARM
                http://www.keil.com/pack/ARM.CMSIS.5.0.1.pack
                ARM.CMSIS.5.0.1
                CMSIS (Cortex Microcontroller Software Interface Standard)
   * Component: CORE Version: 5.0.1

Package Vendor: Keil
                http://www.keil.com/pack/Keil.STM32F1xx_DFP.2.2.0.pack
                Keil.STM32F1xx_DFP.2.2.0
                STMicroelectronics STM32F1 Series Device Support, Drivers and Examples

<h2>Collection of Component include folders:</h2>
  .\RTE\_F1_Intelligent_Door_Lock
  D:\Keil\ARM Start\ARM\PACK\ARM\CMSIS\5.0.1\CMSIS\Include
  D:\Keil\ARM Start\ARM\PACK\Keil\STM32F1xx_DFP\2.2.0\Device\Include

<h2>Collection of Component Files used:</h2>

   * Component: ARM::CMSIS:CORE:5.0.1
Build Time Elapsed:  00:00:03
</pre>
</body>
</html>
