Component: ARM Compiler 5.06 update 5 (build 528) Tool: armlink [4d35e2]

==============================================================================

Section Cross References

    startup_stm32f103xe.o(RESET) refers to startup_stm32f103xe.o(STACK) for __initial_sp
    startup_stm32f103xe.o(RESET) refers to startup_stm32f103xe.o(.text) for Reset_Handler
    startup_stm32f103xe.o(RESET) refers to stm32f1xx_it.o(i.NMI_Handler) for NMI_Handler
    startup_stm32f103xe.o(RESET) refers to stm32f1xx_it.o(i.HardFault_Handler) for HardFault_Handler
    startup_stm32f103xe.o(RESET) refers to stm32f1xx_it.o(i.MemManage_Handler) for MemManage_Handler
    startup_stm32f103xe.o(RESET) refers to stm32f1xx_it.o(i.BusFault_Handler) for BusFault_Handler
    startup_stm32f103xe.o(RESET) refers to stm32f1xx_it.o(i.UsageFault_Handler) for UsageFault_Handler
    startup_stm32f103xe.o(RESET) refers to stm32f1xx_it.o(i.SVC_Handler) for SVC_Handler
    startup_stm32f103xe.o(RESET) refers to stm32f1xx_it.o(i.DebugMon_Handler) for DebugMon_Handler
    startup_stm32f103xe.o(RESET) refers to stm32f1xx_it.o(i.PendSV_Handler) for PendSV_Handler
    startup_stm32f103xe.o(RESET) refers to stm32f1xx_it.o(i.SysTick_Handler) for SysTick_Handler
    startup_stm32f103xe.o(RESET) refers to stm32f1xx_it.o(i.RCC_IRQHandler) for RCC_IRQHandler
    startup_stm32f103xe.o(RESET) refers to stm32f1xx_it.o(i.DMA1_Channel2_IRQHandler) for DMA1_Channel2_IRQHandler
    startup_stm32f103xe.o(RESET) refers to stm32f1xx_it.o(i.DMA1_Channel3_IRQHandler) for DMA1_Channel3_IRQHandler
    startup_stm32f103xe.o(RESET) refers to stm32f1xx_it.o(i.TIM2_IRQHandler) for TIM2_IRQHandler
    startup_stm32f103xe.o(RESET) refers to stm32f1xx_it.o(i.TIM4_IRQHandler) for TIM4_IRQHandler
    startup_stm32f103xe.o(RESET) refers to stm32f1xx_it.o(i.I2C1_EV_IRQHandler) for I2C1_EV_IRQHandler
    startup_stm32f103xe.o(RESET) refers to stm32f1xx_it.o(i.I2C1_ER_IRQHandler) for I2C1_ER_IRQHandler
    startup_stm32f103xe.o(RESET) refers to stm32f1xx_it.o(i.SPI1_IRQHandler) for SPI1_IRQHandler
    startup_stm32f103xe.o(RESET) refers to stm32f1xx_it.o(i.SPI2_IRQHandler) for SPI2_IRQHandler
    startup_stm32f103xe.o(RESET) refers to stm32f1xx_it.o(i.USART1_IRQHandler) for USART1_IRQHandler
    startup_stm32f103xe.o(RESET) refers to stm32f1xx_it.o(i.USART2_IRQHandler) for USART2_IRQHandler
    startup_stm32f103xe.o(RESET) refers to stm32f1xx_it.o(i.USART3_IRQHandler) for USART3_IRQHandler
    startup_stm32f103xe.o(RESET) refers to stm32f1xx_it.o(i.TIM5_IRQHandler) for TIM5_IRQHandler
    startup_stm32f103xe.o(.text) refers to system_stm32f1xx.o(i.SystemInit) for SystemInit
    startup_stm32f103xe.o(.text) refers to entry.o(.ARM.Collect$$$$00000000) for __main
    main.o(i.Door_Close) refers to led.o(i.LED1_OFF) for LED1_OFF
    main.o(i.Door_Close) refers to led.o(i.LED2_ON) for LED2_ON
    main.o(i.Door_Close) refers to led.o(i.LED3_OFF) for LED3_OFF
    main.o(i.Door_Close) refers to delay.o(i.Delay_ms) for Delay_ms
    main.o(i.Door_Close) refers to lcd.o(i.LCD_ShowString) for LCD_ShowString
    main.o(i.Door_Close) refers to servo.o(i.Servo_CloseDoor) for Servo_CloseDoor
    main.o(i.Door_Error) refers to led.o(i.LED1_ON) for LED1_ON
    main.o(i.Door_Error) refers to led.o(i.LED2_OFF) for LED2_OFF
    main.o(i.Door_Error) refers to led.o(i.LED3_OFF) for LED3_OFF
    main.o(i.Door_Error) refers to delay.o(i.Delay_ms) for Delay_ms
    main.o(i.Door_Error) refers to lcd.o(i.LCD_Fill) for LCD_Fill
    main.o(i.Door_Error) refers to lcd.o(i.LCD_ShowString) for LCD_ShowString
    main.o(i.Door_Open) refers to led.o(i.LED1_OFF) for LED1_OFF
    main.o(i.Door_Open) refers to led.o(i.LED2_OFF) for LED2_OFF
    main.o(i.Door_Open) refers to led.o(i.LED3_ON) for LED3_ON
    main.o(i.Door_Open) refers to delay.o(i.Delay_ms) for Delay_ms
    main.o(i.Door_Open) refers to lcd.o(i.LCD_Fill) for LCD_Fill
    main.o(i.Door_Open) refers to lcd.o(i.LCD_ShowString) for LCD_ShowString
    main.o(i.Door_Open) refers to servo.o(i.Servo_OpenDoor) for Servo_OpenDoor
    main.o(i.SystemClock_Config) refers to memseta.o(.text) for __aeabi_memclr4
    main.o(i.SystemClock_Config) refers to stm32f1xx_hal_rcc.o(i.HAL_RCC_OscConfig) for HAL_RCC_OscConfig
    main.o(i.SystemClock_Config) refers to main.o(i.Error_Handler) for Error_Handler
    main.o(i.SystemClock_Config) refers to stm32f1xx_hal_rcc.o(i.HAL_RCC_ClockConfig) for HAL_RCC_ClockConfig
    main.o(i.main) refers to stm32f1xx_hal.o(i.HAL_Init) for HAL_Init
    main.o(i.main) refers to main.o(i.SystemClock_Config) for SystemClock_Config
    main.o(i.main) refers to gpio.o(i.MX_GPIO_Init) for MX_GPIO_Init
    main.o(i.main) refers to dma.o(i.MX_DMA_Init) for MX_DMA_Init
    main.o(i.main) refers to i2c.o(i.MX_I2C1_Init) for MX_I2C1_Init
    main.o(i.main) refers to spi.o(i.MX_SPI1_Init) for MX_SPI1_Init
    main.o(i.main) refers to spi.o(i.MX_SPI2_Init) for MX_SPI2_Init
    main.o(i.main) refers to usart.o(i.MX_USART1_UART_Init) for MX_USART1_UART_Init
[...]
    i.LCD_WR_DATA                            0x080052f4   Section        0  lcd_init.o(i.LCD_WR_DATA)
    i.LCD_WR_DATA8                           0x08005306   Section        0  lcd_init.o(i.LCD_WR_DATA8)
    i.LCD_WR_REG                             0x08005314   Section        0  lcd_init.o(i.LCD_WR_REG)
    i.LCD_Writ_Bus                           0x08005338   Section        0  lcd_init.o(i.LCD_Writ_Bus)
    i.LED1_OFF                               0x0800535c   Section        0  led.o(i.LED1_OFF)
    i.LED1_ON                                0x08005370   Section        0  led.o(i.LED1_ON)
    i.LED2_OFF                               0x08005384   Section        0  led.o(i.LED2_OFF)
    i.LED2_ON                                0x08005398   Section        0  led.o(i.LED2_ON)
    i.LED3_OFF                               0x080053ac   Section        0  led.o(i.LED3_OFF)
    i.LED3_ON                                0x080053c0   Section        0  led.o(i.LED3_ON)
    i.MFRC_ClrBitMask                        0x080053d4   Section        0  rc522.o(i.MFRC_ClrBitMask)
    i.MFRC_Init                              0x080053f0   Section        0  rc522.o(i.MFRC_Init)
    i.MFRC_ReadReg                           0x08005410   Section        0  rc522.o(i.MFRC_ReadReg)
    i.MFRC_SetBitMask                        0x0800544c   Section        0  rc522.o(i.MFRC_SetBitMask)
    i.MFRC_WriteReg                          0x08005468   Section        0  rc522.o(i.MFRC_WriteReg)
    i.MX_DMA_Init                            0x0800549c   Section        0  dma.o(i.MX_DMA_Init)
    i.MX_GPIO_Init                           0x080054e0   Section        0  gpio.o(i.MX_GPIO_Init)
    i.MX_I2C1_Init                           0x080056d0   Section        0  i2c.o(i.MX_I2C1_Init)
    i.MX_SPI1_Init                           0x0800570c   Section        0  spi.o(i.MX_SPI1_Init)
    i.MX_SPI2_Init                           0x08005750   Section        0  spi.o(i.MX_SPI2_Init)
    i.MX_TIM2_Init                           0x08005794   Section        0  tim.o(i.MX_TIM2_Init)
    i.MX_TIM4_Init                           0x08005838   Section        0  tim.o(i.MX_TIM4_Init)
    i.MX_TIM5_Init                           0x080058a8   Section        0  tim.o(i.MX_TIM5_Init)
    i.MX_USART1_UART_Init                    0x08005920   Section        0  usart.o(i.MX_USART1_UART_Init)
    i.MX_USART2_UART_Init                    0x08005958   Section        0  usart.o(i.MX_USART2_UART_Init)
    i.MX_USART3_UART_Init                    0x08005990   Section        0  usart.o(i.MX_USART3_UART_Init)
    i.MYUSART_SendData                       0x080059c8   Section        0  as608.o(i.MYUSART_SendData)
    MYUSART_SendData                         0x080059c9   Thumb Code    26  as608.o(i.MYUSART_SendData)
    i.MemManage_Handler                      0x080059e8   Section        0  stm32f1xx_it.o(i.MemManage_Handler)
    i.NMI_Handler                            0x080059ec   Section        0  stm32f1xx_it.o(i.NMI_Handler)
    i.PCD_AntennaOff                         0x080059f0   Section        0  rc522.o(i.PCD_AntennaOff)
    i.PCD_AntennaOn                          0x080059fc   Section        0  rc522.o(i.PCD_AntennaOn)
    i.PCD_Init_RST                           0x08005a16   Section        0  rc522.o(i.PCD_Init_RST)
    i.PCD_Reset                              0x08005a24   Section        0  rc522.o(i.PCD_Reset)
    i.PS_HandShake                           0x08005aac   Section        0  as608.o(i.PS_HandShake)
    i.Password_Match                         0x08005b28   Section        0  key.o(i.Password_Match)
    i.PendSV_Handler                         0x08005b90   Section        0  stm32f1xx_it.o(i.PendSV_Handler)
    i.RCC_Delay                              0x08005b94   Section        0  stm32f1xx_hal_rcc.o(i.RCC_Delay)
    RCC_Delay                                0x08005b95   Thumb Code    36  stm32f1xx_hal_rcc.o(i.RCC_Delay)
    i.RCC_IRQHandler                         0x08005bbc   Section        0  stm32f1xx_it.o(i.RCC_IRQHandler)
    i.SPI1_IRQHandler                        0x08005bc0   Section        0  stm32f1xx_it.o(i.SPI1_IRQHandler)
    i.SPI1_WriteByte                         0x08005bd0   Section        0  spi.o(i.SPI1_WriteByte)
    i.SPI2_IRQHandler                        0x08005bec   Section        0  stm32f1xx_it.o(i.SPI2_IRQHandler)
    i.SPI2_RW_Byte                           0x08005bfc   Section        0  rc522.o(i.SPI2_RW_Byte)
    i.SPI_DMAAbortOnError                    0x08005c20   Section        0  stm32f1xx_hal_spi.o(i.SPI_DMAAbortOnError)
    SPI_DMAAbortOnError                      0x08005c21   Thumb Code    20  stm32f1xx_hal_spi.o(i.SPI_DMAAbortOnError)
    i.SPI_EndRxTxTransaction                 0x08005c34   Section        0  stm32f1xx_hal_spi.o(i.SPI_EndRxTxTransaction)
    SPI_EndRxTxTransaction                   0x08005c35   Thumb Code    40  stm32f1xx_hal_spi.o(i.SPI_EndRxTxTransaction)
    i.SPI_WaitFlagStateUntilTimeout          0x08005c5c   Section        0  stm32f1xx_hal_spi.o(i.SPI_WaitFlagStateUntilTimeout)
    SPI_WaitFlagStateUntilTimeout            0x08005c5d   Thumb Code   210  stm32f1xx_hal_spi.o(i.SPI_WaitFlagStateUntilTimeout)
    i.SPIv_WriteData                         0x08005d34   Section        0  lcd_init.o(i.SPIv_WriteData)
    i.SVC_Handler                            0x08005d40   Section        0  stm32f1xx_it.o(i.SVC_Handler)
    i.SendAddr                               0x08005d44   Section        0  as608.o(i.SendAddr)
    SendAddr                                 0x08005d45   Thumb Code    46  as608.o(i.SendAddr)
    i.SendHead                               0x08005d78   Section        0  as608.o(i.SendHead)
    SendHead                                 0x08005d79   Thumb Code    24  as608.o(i.SendHead)
    i.Servo_CloseDoor                        0x08005d94   Section        0  servo.o(i.Servo_CloseDoor)
    i.Servo_Init                             0x08005da4   Section        0  servo.o(i.Servo_Init)
    i.Servo_OpenDoor                         0x08005db4   Section        0  servo.o(i.Servo_OpenDoor)
    i.SysTick_Handler                        0x08005dc4   Section        0  stm32f1xx_it.o(i.SysTick_Handler)
    i.SystemClock_Config                     0x08005dcc   Section        0  main.o(i.SystemClock_Config)
    i.SystemInit                             0x08005e32   Section        0  system_stm32f1xx.o(i.SystemInit)
    i.TIM2_IRQHandler                        0x08005e34   Section        0  stm32f1xx_it.o(i.TIM2_IRQHandler)
    i.TIM4_IRQHandler                        0x08005e44   Section        0  stm32f1xx_it.o(i.TIM4_IRQHandler)
    i.TIM5_IRQHandler                        0x08005e54   Section        0  stm32f1xx_it.o(i.TIM5_IRQHandler)
    i.TIM_Base_SetConfig                     0x08005e64   Section        0  stm32f1xx_hal_tim.o(i.TIM_Base_SetConfig)
    i.TIM_CCxChannelCmd                      0x08005f00   Section        0  stm32f1xx_hal_tim.o(i.TIM_CCxChannelCmd)
    i.TIM_ETR_SetConfig                      0x08005f22   Section        0  stm32f1xx_hal_tim.o(i.TIM_ETR_SetConfig)
    i.TIM_ITRx_SetConfig                     0x08005f38   Section        0  stm32f1xx_hal_tim.o(i.TIM_ITRx_SetConfig)
    TIM_ITRx_SetConfig                       0x08005f39   Thumb Code    18  stm32f1xx_hal_tim.o(i.TIM_ITRx_SetConfig)
    i.TIM_OC1_SetConfig                      0x08005f4c   Section        0  stm32f1xx_hal_tim.o(i.TIM_OC1_SetConfig)
    TIM_OC1_SetConfig                        0x08005f4d   Thumb Code   104  stm32f1xx_hal_tim.o(i.TIM_OC1_SetConfig)
    i.TIM_OC2_SetConfig                      0x08005fbc   Section        0  stm32f1xx_hal_tim.o(i.TIM_OC2_SetConfig)
    i.TIM_OC3_SetConfig                      0x08006038   Section        0  stm32f1xx_hal_tim.o(i.TIM_OC3_SetConfig)
    TIM_OC3_SetConfig                        0x08006039   Thumb Code   112  stm32f1xx_hal_tim.o(i.TIM_OC3_SetConfig)
    i.TIM_OC4_SetConfig                      0x080060b0   Section        0  stm32f1xx_hal_tim.o(i.TIM_OC4_SetConfig)
    TIM_OC4_SetConfig                        0x080060b1   Thumb Code    74  stm32f1xx_hal_tim.o(i.TIM_OC4_SetConfig)
    i.TIM_TI1_ConfigInputStage               0x08006104   Section        0  stm32f1xx_hal_tim.o(i.TIM_TI1_ConfigInputStage)
    TIM_TI1_ConfigInputStage                 0x08006105   Thumb Code    38  stm32f1xx_hal_tim.o(i.TIM_TI1_ConfigInputStage)
    i.TIM_TI1_SetConfig                      0x0800612c   Section        0  stm32f1xx_hal_tim.o(i.TIM_TI1_SetConfig)
    i.TIM_TI2_ConfigInputStage               0x080061a8   Section        0  stm32f1xx_hal_tim.o(i.TIM_TI2_ConfigInputStage)
    TIM_TI2_ConfigInputStage                 0x080061a9   Thumb Code    40  stm32f1xx_hal_tim.o(i.TIM_TI2_ConfigInputStage)
    i.TIM_TI2_SetConfig                      0x080061d0   Section        0  stm32f1xx_hal_tim.o(i.TIM_TI2_SetConfig)
    TIM_TI2_SetConfig                        0x080061d1   Thumb Code    58  stm32f1xx_hal_tim.o(i.TIM_TI2_SetConfig)
    i.TIM_TI3_SetConfig                      0x0800620a   Section        0  stm32f1xx_hal_tim.o(i.TIM_TI3_SetConfig)
    TIM_TI3_SetConfig                        0x0800620b   Thumb Code    56  stm32f1xx_hal_tim.o(i.TIM_TI3_SetConfig)
    i.TIM_TI4_SetConfig                      0x08006242   Section        0  stm32f1xx_hal_tim.o(i.TIM_TI4_SetConfig)
    TIM_TI4_SetConfig                        0x08006243   Thumb Code    60  stm32f1xx_hal_tim.o(i.TIM_TI4_SetConfig)
    i.UART_DMAAbortOnError                   0x0800627e   Section        0  stm32f1xx_hal_uart.o(i.UART_DMAAbortOnError)
    UART_DMAAbortOnError                     0x0800627f   Thumb Code    20  stm32f1xx_hal_uart.o(i.UART_DMAAbortOnError)
    i.UART_DMAError                          0x08006292   Section        0  stm32f1xx_hal_uart.o(i.UART_DMAError)
    UART_DMAError                            0x08006293   Thumb Code    80  stm32f1xx_hal_uart.o(i.UART_DMAError)
    i.UART_DMAReceiveCplt                    0x080062e2   Section        0  stm32f1xx_hal_uart.o(i.UART_DMAReceiveCplt)
    UART_DMAReceiveCplt                      0x080062e3   Thumb Code   180  stm32f1xx_hal_uart.o(i.UART_DMAReceiveCplt)
    i.UART_DMARxHalfCplt                     0x08006396   Section        0  stm32f1xx_hal_uart.o(i.UART_DMARxHalfCplt)
    UART_DMARxHalfCplt                       0x08006397   Thumb Code    36  stm32f1xx_hal_uart.o(i.UART_DMARxHalfCplt)
    i.UART_EndRxTransfer                     0x080063ba   Section        0  stm32f1xx_hal_uart.o(i.UART_EndRxTransfer)
    UART_EndRxTransfer                       0x080063bb   Thumb Code   108  stm32f1xx_hal_uart.o(i.UART_EndRxTransfer)
    i.UART_EndTransmit_IT                    0x08006426   Section        0  stm32f1xx_hal_uart.o(i.UART_EndTransmit_IT)
    UART_EndTransmit_IT                      0x08006427   Thumb Code    32  stm32f1xx_hal_uart.o(i.UART_EndTransmit_IT)
    i.UART_EndTxTransfer                     0x08006446   Section        0  stm32f1xx_hal_uart.o(i.UART_EndTxTransfer)
    UART_EndTxTransfer                       0x08006447   Thumb Code    38  stm32f1xx_hal_uart.o(i.UART_EndTxTransfer)
    i.UART_Receive_IT                        0x0800646c   Section        0  stm32f1xx_hal_uart.o(i.UART_Receive_IT)
    UART_Receive_IT                          0x0800646d   Thumb Code   252  stm32f1xx_hal_uart.o(i.UART_Receive_IT)
    i.UART_SetConfig                         0x08006568   Section        0  stm32f1xx_hal_uart.o(i.UART_SetConfig)
    UART_SetConfig                           0x08006569   Thumb Code   248  stm32f1xx_hal_uart.o(i.UART_SetConfig)
    i.UART_Start_Receive_DMA                 0x08006664   Section        0  stm32f1xx_hal_uart.o(i.UART_Start_Receive_DMA)
    i.UART_Start_Receive_IT                  0x0800672c   Section        0  stm32f1xx_hal_uart.o(i.UART_Start_Receive_IT)
    i.UART_Transmit_IT                       0x0800676c   Section        0  stm32f1xx_hal_uart.o(i.UART_Transmit_IT)
    UART_Transmit_IT                         0x0800676d   Thumb Code    96  stm32f1xx_hal_uart.o(i.UART_Transmit_IT)
    i.UART_WaitOnFlagUntilTimeout            0x080067cc   Section        0  stm32f1xx_hal_uart.o(i.UART_WaitOnFlagUntilTimeout)
    UART_WaitOnFlagUntilTimeout              0x080067cd   Thumb Code   146  stm32f1xx_hal_uart.o(i.UART_WaitOnFlagUntilTimeout)
    i.USART1_IRQHandler                      0x08006860   Section        0  stm32f1xx_it.o(i.USART1_IRQHandler)
    i.USART2_IRQHandler                      0x08006870   Section        0  stm32f1xx_it.o(i.USART2_IRQHandler)
    i.USART3_IRQHandler                      0x080068c8   Section        0  stm32f1xx_it.o(i.USART3_IRQHandler)
    i.UsageFault_Handler                     0x080068dc   Section        0  stm32f1xx_it.o(i.UsageFault_Handler)
    i.Write_PassWord                         0x080068e0   Section        0  key.o(i.Write_PassWord)
    i.__0printf                              0x08006b04   Section        0  printfa.o(i.__0printf)
    i.__NVIC_GetPriorityGrouping             0x08006b24   Section        0  stm32f1xx_hal_cortex.o(i.__NVIC_GetPriorityGrouping)
    __NVIC_GetPriorityGrouping               0x08006b25   Thumb Code    10  stm32f1xx_hal_cortex.o(i.__NVIC_GetPriorityGrouping)
    i.__NVIC_SetPriority                     0x08006b34   Section        0  stm32f1xx_hal_cortex.o(i.__NVIC_SetPriority)
    __NVIC_SetPriority                       0x08006b35   Thumb Code    32  stm32f1xx_hal_cortex.o(i.__NVIC_SetPriority)
    i.__scatterload_copy                     0x08006b5c   Section       14  handlers.o(i.__scatterload_copy)
    i.__scatterload_null                     0x08006b6a   Section        2  handlers.o(i.__scatterload_null)
    i.__scatterload_zeroinit                 0x08006b6c   Section       14  handlers.o(i.__scatterload_zeroinit)
    i._fp_digits                             0x08006b7c   Section        0  printfa.o(i._fp_digits)
    _fp_digits                               0x08006b7d   Thumb Code   366  printfa.o(i._fp_digits)
    i._printf_core                           0x08006d00   Section        0  printfa.o(i._printf_core)
    _printf_core                             0x08006d01   Thumb Code  1744  printfa.o(i._printf_core)
    i._printf_post_padding                   0x080073dc   Section        0  printfa.o(i._printf_post_padding)
    _printf_post_padding                     0x080073dd   Thumb Code    36  printfa.o(i._printf_post_padding)
    i._printf_pre_padding                    0x08007400   Section        0  printfa.o(i._printf_pre_padding)
    _printf_pre_padding                      0x08007401   Thumb Code    46  printfa.o(i._printf_pre_padding)
    i.fputc                                  0x08007430   Section        0  uart_redefine.o(i.fputc)
    i.main                                   0x0800744c   Section        0  main.o(i.main)
    i.mypow                                  0x080075e8   Section        0  lcd.o(i.mypow)
    .constdata                               0x080075fe   Section       18  stm32f1xx_hal_rcc.o(.constdata)
    aPLLMULFactorTable                       0x080075fe   Data          16  stm32f1xx_hal_rcc.o(.constdata)
    aPredivFactorTable                       0x0800760e   Data           2  stm32f1xx_hal_rcc.o(.constdata)
    .constdata                               0x08007610   Section       24  system_stm32f1xx.o(.constdata)
    .constdata                               0x08007628   Section    17820  lcd.o(.constdata)
    .data                                    0x20000000   Section       29  main.o(.data)
    Task                                     0x20000000   Data           1  main.o(.data)
    .data                                    0x20000020   Section        9  stm32f1xx_hal.o(.data)
    .data                                    0x2000002c   Section        4  system_stm32f1xx.o(.data)
    .data                                    0x20000030   Section       16  key.o(.data)
    .data                                    0x20000040   Section       18  as608.o(.data)
    .data                                    0x20000052   Section        6  rc522.o(.data)
    ret                                      0x20000052   Data           1  rc522.o(.data)
    .data                                    0x20000058   Section        4  stdout.o(.data)
    .bss                                     0x2000005c   Section       84  i2c.o(.bss)
    .bss                                     0x200000b0   Section      176  spi.o(.bss)
    .bss                                     0x20000160   Section      216  tim.o(.bss)
    .bss                                     0x20000238   Section      352  usart.o(.bss)
    .bss                                     0x20000398   Section       16  key.o(.bss)
    .bss                                     0x200003a8   Section      212  as608.o(.bss)
    .bss                                     0x2000047c   Section      100  hc05.o(.bss)
    .bss                                     0x200004e0   Section       64  hcsr04.o(.bss)
    STACK                                    0x20000520   Section     1024  startup_stm32f103xe.o(STACK)

    Global Symbols

    Symbol Name                              Value     Ov Type        Size  Object(Section)

    BuildAttributes$$THM_ISAv4$P$D$K$B$S$PE$A:L22UL41UL21$X:L11$S22US41US21$IEEE1$IW$USESV6$~STKCKD$USESV7$~SHL$OTIME$ROPI$EBA8$MICROLIB$REQ8$PRES8$EABIv2 0x00000000   Number         0  anon$$obj.o ABSOLUTE
    __ARM_use_no_argv                        0x00000000   Number         0  main.o ABSOLUTE
    _printf_a                                0x00000000   Number         0  stubs.o ABSOLUTE
    _printf_c                                0x00000000   Number         0  stubs.o ABSOLUTE
    _printf_charcount                        0x00000000   Number         0  stubs.o ABSOLUTE
    _printf_d                                0x00000000   Number         0  stubs.o ABSOLUTE
    _printf_e                                0x00000000   Number         0  stubs.o ABSOLUTE
    _printf_f                                0x00000000   Number         0  stubs.o ABSOLUTE
    _printf_flags                            0x00000000   Number         0  stubs.o ABSOLUTE
    _printf_fp_dec                           0x00000000   Number         0  stubs.o ABSOLUTE
    _printf_fp_hex                           0x00000000   Number         0  stubs.o ABSOLUTE
    _printf_g                                0x00000000   Number         0  stubs.o ABSOLUTE
    _printf_i                                0x00000000   Number         0  stubs.o ABSOLUTE
    _printf_int_dec                          0x00000000   Number         0  stubs.o ABSOLUTE
    _printf_l                                0x00000000   Number         0  stubs.o ABSOLUTE
    _printf_lc                               0x00000000   Number         0  stubs.o ABSOLUTE
    _printf_ll                               0x00000000   Number         0  stubs.o ABSOLUTE
    _printf_lld                              0x00000000   Number         0  stubs.o ABSOLUTE
    _printf_lli                              0x00000000   Number         0  stubs.o ABSOLUTE
    _printf_llo                              0x00000000   Number         0  stubs.o ABSOLUTE
    _printf_llu                              0x00000000   Number         0  stubs.o ABSOLUTE
    _printf_llx                              0x00000000   Number         0  stubs.o ABSOLUTE
    _printf_longlong_dec                     0x00000000   Number         0  stubs.o ABSOLUTE
    _printf_longlong_hex                     0x00000000   Number         0  stubs.o ABSOLUTE
    _printf_longlong_oct                     0x00000000   Number         0  stubs.o ABSOLUTE
    _printf_ls                               0x00000000   Number         0  stubs.o ABSOLUTE
    _printf_mbtowc                           0x00000000   Number         0  stubs.o ABSOLUTE
    _printf_n                                0x00000000   Number         0  stubs.o ABSOLUTE
    _printf_o                                0x00000000   Number         0  stubs.o ABSOLUTE
    _printf_p                                0x00000000   Number         0  stubs.o ABSOLUTE
    _printf_percent                          0x00000000   Number         0  stubs.o ABSOLUTE
    _printf_pre_padding                      0x00000000   Number         0  stubs.o ABSOLUTE
    _printf_return_value                     0x00000000   Number         0  stubs.o ABSOLUTE
    _printf_s                                0x00000000   Number         0  stubs.o ABSOLUTE
    _printf_sizespec                         0x00000000   Number         0  stubs.o ABSOLUTE
    _printf_str                              0x00000000   Number         0  stubs.o ABSOLUTE
    _printf_truncate_signed                  0x00000000   Number         0  stubs.o ABSOLUTE
    _printf_truncate_unsigned                0x00000000   Number         0  stubs.o ABSOLUTE
    _printf_u                                0x00000000   Number         0  stubs.o ABSOLUTE
    _printf_wc                               0x00000000   Number         0  stubs.o ABSOLUTE
    _printf_wctomb                           0x00000000   Number         0  stubs.o ABSOLUTE
    _printf_widthprec                        0x00000000   Number         0  stubs.o ABSOLUTE
    _printf_x                                0x00000000   Number         0  stubs.o ABSOLUTE
    __cpp_initialize__aeabi_                  - Undefined Weak Reference
    __cxa_finalize                            - Undefined Weak Reference
    __decompress                              - Undefined Weak Reference
    _clock_init                               - Undefined Weak Reference
    _microlib_exit                            - Undefined Weak Reference
    __Vectors_Size                           0x00000130   Number         0  startup_stm32f103xe.o ABSOLUTE
    __Vectors                                0x08000000   Data           4  startup_stm32f103xe.o(RESET)
    __Vectors_End                            0x08000130   Data           0  startup_stm32f103xe.o(RESET)
    __main                                   0x08000131   Thumb Code     0  entry.o(.ARM.Collect$$$$00000000)
    _main_stk                                0x08000131   Thumb Code     0  entry2.o(.ARM.Collect$$$$00000001)
    _main_scatterload                        0x08000135   Thumb Code     0  entry5.o(.ARM.Collect$$$$00000004)
    __main_after_scatterload                 0x08000139   Thumb Code     0  entry5.o(.ARM.Collect$$$$00000004)
    _main_clock                              0x08000139   Thumb Code     0  entry7b.o(.ARM.Collect$$$$00000008)
    _main_cpp_init                           0x08000139   Thumb Code     0  entry8b.o(.ARM.Collect$$$$0000000A)
    _main_init                               0x08000139   Thumb Code     0  entry9a.o(.ARM.Collect$$$$0000000B)
    __rt_final_cpp                           0x08000141   Thumb Code     0  entry10a.o(.ARM.Collect$$$$0000000D)
    __rt_final_exit                          0x08000141   Thumb Code     0  entry11a.o(.ARM.Collect$$$$0000000F)
    Reset_Handler                            0x08000145   Thumb Code     8  startup_stm32f103xe.o(.text)
    ADC1_2_IRQHandler                        0x0800015f   Thumb Code     0  startup_stm32f103xe.o(.text)
    ADC3_IRQHandler                          0x0800015f   Thumb Code     0  startup_stm32f103xe.o(.text)
    CAN1_RX1_IRQHandler                      0x0800015f   Thumb Code     0  startup_stm32f103xe.o(.text)
    CAN1_SCE_IRQHandler                      0x0800015f   Thumb Code     0  startup_stm32f103xe.o(.text)
    DMA1_Channel1_IRQHandler                 0x0800015f   Thumb Code     0  startup_stm32f103xe.o(.text)
    DMA1_Channel4_IRQHandler                 0x0800015f   Thumb Code     0  startup_stm32f103xe.o(.text)
    DMA1_Channel5_IRQHandler                 0x0800015f   Thumb Code     0  startup_stm32f103xe.o(.text)
    DMA1_Channel6_IRQHandler                 0x0800015f   Thumb Code     0  startup_stm32f103xe.o(.text)
    DMA1_Channel7_IRQHandler                 0x0800015f   Thumb Code     0  startup_stm32f103xe.o(.text)
    DMA2_Channel1_IRQHandler                 0x0800015f   Thumb Code     0  startup_stm32f103xe.o(.text)
    DMA2_Channel2_IRQHandler                 0x0800015f   Thumb Code     0  startup_stm32f103xe.o(.text)
    DMA2_Channel3_IRQHandler                 0x0800015f   Thumb Code     0  startup_stm32f103xe.o(.text)
    DMA2_Channel4_5_IRQHandler               0x0800015f   Thumb Code     0  startup_stm32f103xe.o(.text)
    EXTI0_IRQHandler                         0x0800015f   Thumb Code     0  startup_stm32f103xe.o(.text)
    EXTI15_10_IRQHandler                     0x0800015f   Thumb Code     0  startup_stm32f103xe.o(.text)
    EXTI1_IRQHandler                         0x0800015f   Thumb Code     0  startup_stm32f103xe.o(.text)
    EXTI2_IRQHandler                         0x0800015f   Thumb Code     0  startup_stm32f103xe.o(.text)
    EXTI3_IRQHandler                         0x0800015f   Thumb Code     0  startup_stm32f103xe.o(.text)
    EXTI4_IRQHandler                         0x0800015f   Thumb Code     0  startup_stm32f103xe.o(.text)
    EXTI9_5_IRQHandler                       0x0800015f   Thumb Code     0  startup_stm32f103xe.o(.text)
    FLASH_IRQHandler                         0x0800015f   Thumb Code     0  startup_stm32f103xe.o(.text)
    FSMC_IRQHandler                          0x0800015f   Thumb Code     0  startup_stm32f103xe.o(.text)
    I2C2_ER_IRQHandler                       0x0800015f   Thumb Code     0  startup_stm32f103xe.o(.text)
    I2C2_EV_IRQHandler                       0x0800015f   Thumb Code     0  startup_stm32f103xe.o(.text)
    PVD_IRQHandler                           0x0800015f   Thumb Code     0  startup_stm32f103xe.o(.text)
    RTC_Alarm_IRQHandler                     0x0800015f   Thumb Code     0  startup_stm32f103xe.o(.text)
    RTC_IRQHandler                           0x0800015f   Thumb Code     0  startup_stm32f103xe.o(.text)
    SDIO_IRQHandler                          0x0800015f   Thumb Code     0  startup_stm32f103xe.o(.text)
    SPI3_IRQHandler                          0x0800015f   Thumb Code     0  startup_stm32f103xe.o(.text)
    TAMPER_IRQHandler                        0x0800015f   Thumb Code     0  startup_stm32f103xe.o(.text)
    TIM1_BRK_IRQHandler                      0x0800015f   Thumb Code     0  startup_stm32f103xe.o(.text)
    TIM1_CC_IRQHandler                       0x0800015f   Thumb Code     0  startup_stm32f103xe.o(.text)
    TIM1_TRG_COM_IRQHandler                  0x0800015f   Thumb Code     0  startup_stm32f103xe.o(.text)
    TIM1_UP_IRQHandler                       0x0800015f   Thumb Code     0  startup_stm32f103xe.o(.text)
    TIM3_IRQHandler                          0x0800015f   Thumb Code     0  startup_stm32f103xe.o(.text)
    TIM6_IRQHandler                          0x0800015f   Thumb Code     0  startup_stm32f103xe.o(.text)
    TIM7_IRQHandler                          0x0800015f   Thumb Code     0  startup_stm32f103xe.o(.text)
    TIM8_BRK_IRQHandler                      0x0800015f   Thumb Code     0  startup_stm32f103xe.o(.text)
    TIM8_CC_IRQHandler                       0x0800015f   Thumb Code     0  startup_stm32f103xe.o(.text)
    TIM8_TRG_COM_IRQHandler                  0x0800015f   Thumb Code     0  startup_stm32f103xe.o(.text)
    TIM8_UP_IRQHandler                       0x0800015f   Thumb Code     0  startup_stm32f103xe.o(.text)
    UART4_IRQHandler                         0x0800015f   Thumb Code     0  startup_stm32f103xe.o(.text)
    UART5_IRQHandler                         0x0800015f   Thumb Code     0  startup_stm32f103xe.o(.text)
    USBWakeUp_IRQHandler                     0x0800015f   Thumb Code     0  startup_stm32f103xe.o(.text)
    USB_HP_CAN1_TX_IRQHandler                0x0800015f   Thumb Code     0  startup_stm32f103xe.o(.text)
    USB_LP_CAN1_RX0_IRQHandler               0x0800015f   Thumb Code     0  startup_stm32f103xe.o(.text)
    WWDG_IRQHandler                          0x0800015f   Thumb Code     0  startup_stm32f103xe.o(.text)
    __aeabi_llsr                             0x08000169   Thumb Code    32  llushr.o(.text)
    _ll_ushift_r                             0x08000169   Thumb Code     0  llushr.o(.text)
    __aeabi_memset                           0x08000189   Thumb Code    14  memseta.o(.text)
    __aeabi_memset4                          0x08000189   Thumb Code     0  memseta.o(.text)
    __aeabi_memset8                          0x08000189   Thumb Code     0  memseta.o(.text)
    __aeabi_memclr                           0x08000197   Thumb Code     4  memseta.o(.text)
    __aeabi_memclr4                          0x08000197   Thumb Code     0  memseta.o(.text)
    __aeabi_memclr8                          0x08000197   Thumb Code     0  memseta.o(.text)
    _memset$wrapper                          0x0800019b   Thumb Code    18  memseta.o(.text)
    memcmp                                   0x080001ad   Thumb Code    26  memcmp.o(.text)
    __aeabi_dadd                             0x080001c7   Thumb Code   322  dadd.o(.text)
    __aeabi_dsub                             0x08000309   Thumb Code     6  dadd.o(.text)
    __aeabi_drsub                            0x0800030f   Thumb Code     6  dadd.o(.text)
    __aeabi_dmul                             0x08000315   Thumb Code   228  dmul.o(.text)
    __aeabi_ddiv                             0x080003f9   Thumb Code   222  ddiv.o(.text)
    __aeabi_ui2d                             0x080004d7   Thumb Code    26  dfltui.o(.text)
    __aeabi_d2f                              0x080004f1   Thumb Code    56  d2f.o(.text)
    __aeabi_uidiv                            0x08000529   Thumb Code     0  uidiv.o(.text)
    __aeabi_uidivmod                         0x08000529   Thumb Code    44  uidiv.o(.text)
    __aeabi_uldivmod                         0x08000555   Thumb Code    98  uldiv.o(.text)
    __aeabi_llsl                             0x080005b7   Thumb Code    30  llshl.o(.text)
    _ll_shift_l                              0x080005b7   Thumb Code     0  llshl.o(.text)
    __aeabi_lasr                             0x080005d5   Thumb Code    36  llsshr.o(.text)
    _ll_sshift_r                             0x080005d5   Thumb Code     0  llsshr.o(.text)
    __I$use$fp                               0x080005f9   Thumb Code     0  iusefp.o(.text)
    _float_round                             0x080005f9   Thumb Code    18  fepilogue.o(.text)
    _float_epilogue                          0x0800060b   Thumb Code    92  fepilogue.o(.text)
    _double_round                            0x08000667   Thumb Code    30  depilogue.o(.text)
    _double_epilogue                         0x08000685   Thumb Code   156  depilogue.o(.text)
    __aeabi_d2ulz                            0x08000721   Thumb Code    48  dfixul.o(.text)
    __aeabi_cdrcmple                         0x08000751   Thumb Code    48  cdrcmple.o(.text)
    __scatterload                            0x08000781   Thumb Code    28  init.o(.text)
    __scatterload_rt2                        0x08000781   Thumb Code     0  init.o(.text)
    AS608_Init                               0x080007e5   Thumb Code    40  as608.o(i.AS608_Init)
    BlueTooth_Init                           0x08000819   Thumb Code    30  hc05.o(i.BlueTooth_Init)
    Blue_Buffer_Clear                        0x08000841   Thumb Code    12  hc05.o(i.Blue_Buffer_Clear)
    BusFault_Handler                         0x08000851   Thumb Code     4  stm32f1xx_it.o(i.BusFault_Handler)
    DMA1_Channel2_IRQHandler                 0x08000855   Thumb Code    10  stm32f1xx_it.o(i.DMA1_Channel2_IRQHandler)
    DMA1_Channel3_IRQHandler                 0x08000865   Thumb Code    10  stm32f1xx_it.o(i.DMA1_Channel3_IRQHandler)
    DebugMon_Handler                         0x080008a1   Thumb Code     2  stm32f1xx_it.o(i.DebugMon_Handler)
    Delay_ms                                 0x080008a3   Thumb Code    24  delay.o(i.Delay_ms)
    Delay_us                                 0x080008bb   Thumb Code    46  delay.o(i.Delay_us)
    Door_Close                               0x080008e9   Thumb Code    58  main.o(i.Door_Close)
    Door_Error                               0x08000931   Thumb Code    76  main.o(i.Door_Error)
    Door_Open                                0x0800098d   Thumb Code    80  main.o(i.Door_Open)
    Error_Handler                            0x080009e9   Thumb Code     6  main.o(i.Error_Handler)
    HAL_DMA_Abort                            0x080009ef   Thumb Code    86  stm32f1xx_hal_dma.o(i.HAL_DMA_Abort)
    HAL_DMA_Abort_IT                         0x08000a45   Thumb Code   414  stm32f1xx_hal_dma.o(i.HAL_DMA_Abort_IT)
    HAL_DMA_GetState                         0x08000bed   Thumb Code     8  stm32f1xx_hal_dma.o(i.HAL_DMA_GetState)
    HAL_DMA_IRQHandler                       0x08000bf5   Thumb Code   910  stm32f1xx_hal_dma.o(i.HAL_DMA_IRQHandler)
    HAL_DMA_Init                             0x08000f8d   Thumb Code   132  stm32f1xx_hal_dma.o(i.HAL_DMA_Init)
    HAL_DMA_Start_IT                         0x08001019   Thumb Code   156  stm32f1xx_hal_dma.o(i.HAL_DMA_Start_IT)
    HAL_GPIO_Init                            0x080010b5   Thumb Code   792  stm32f1xx_hal_gpio.o(i.HAL_GPIO_Init)
    HAL_GPIO_ReadPin                         0x080013f5   Thumb Code    16  stm32f1xx_hal_gpio.o(i.HAL_GPIO_ReadPin)
    HAL_GPIO_WritePin                        0x08001405   Thumb Code    12  stm32f1xx_hal_gpio.o(i.HAL_GPIO_WritePin)
    HAL_GetTick                              0x08001411   Thumb Code     6  stm32f1xx_hal.o(i.HAL_GetTick)
    HAL_I2C_AbortCpltCallback                0x0800141d   Thumb Code     2  stm32f1xx_hal_i2c.o(i.HAL_I2C_AbortCpltCallback)
    HAL_I2C_AddrCallback                     0x0800141f   Thumb Code     2  stm32f1xx_hal_i2c.o(i.HAL_I2C_AddrCallback)
    HAL_I2C_ER_IRQHandler                    0x08001421   Thumb Code   224  stm32f1xx_hal_i2c.o(i.HAL_I2C_ER_IRQHandler)
    HAL_I2C_EV_IRQHandler                    0x08001501   Thumb Code   474  stm32f1xx_hal_i2c.o(i.HAL_I2C_EV_IRQHandler)
    HAL_I2C_ErrorCallback                    0x080016db   Thumb Code     2  stm32f1xx_hal_i2c.o(i.HAL_I2C_ErrorCallback)
    HAL_I2C_Init                             0x080016dd   Thumb Code   446  stm32f1xx_hal_i2c.o(i.HAL_I2C_Init)
    HAL_I2C_ListenCpltCallback               0x080018ad   Thumb Code     2  stm32f1xx_hal_i2c.o(i.HAL_I2C_ListenCpltCallback)
    HAL_I2C_MasterRxCpltCallback             0x080018af   Thumb Code     2  stm32f1xx_hal_i2c.o(i.HAL_I2C_MasterRxCpltCallback)
    HAL_I2C_MasterTxCpltCallback             0x080018b1   Thumb Code     2  stm32f1xx_hal_i2c.o(i.HAL_I2C_MasterTxCpltCallback)
    HAL_I2C_MemRxCpltCallback                0x080018b3   Thumb Code     2  stm32f1xx_hal_i2c.o(i.HAL_I2C_MemRxCpltCallback)
    HAL_I2C_MemTxCpltCallback                0x080018b5   Thumb Code     2  stm32f1xx_hal_i2c.o(i.HAL_I2C_MemTxCpltCallback)
    HAL_I2C_MspInit                          0x080018b9   Thumb Code   136  i2c.o(i.HAL_I2C_MspInit)
    HAL_I2C_SlaveRxCpltCallback              0x0800194d   Thumb Code     2  stm32f1xx_hal_i2c.o(i.HAL_I2C_SlaveRxCpltCallback)
    HAL_I2C_SlaveTxCpltCallback              0x0800194f   Thumb Code     2  stm32f1xx_hal_i2c.o(i.HAL_I2C_SlaveTxCpltCallback)
    HAL_IncTick                              0x08001951   Thumb Code    16  stm32f1xx_hal.o(i.HAL_IncTick)
    HAL_Init                                 0x08001969   Thumb Code    34  stm32f1xx_hal.o(i.HAL_Init)
    HAL_InitTick                             0x08001991   Thumb Code    64  stm32f1xx_hal.o(i.HAL_InitTick)
    HAL_MspInit                              0x080019dd   Thumb Code    92  stm32f1xx_hal_msp.o(i.HAL_MspInit)
    HAL_NVIC_EnableIRQ                       0x08001a41   Thumb Code    32  stm32f1xx_hal_cortex.o(i.HAL_NVIC_EnableIRQ)
    HAL_NVIC_SetPriority                     0x08001a61   Thumb Code   124  stm32f1xx_hal_cortex.o(i.HAL_NVIC_SetPriority)
    HAL_NVIC_SetPriorityGrouping             0x08001add   Thumb Code    32  stm32f1xx_hal_cortex.o(i.HAL_NVIC_SetPriorityGrouping)
    HAL_RCC_ClockConfig                      0x08001b05   Thumb Code   376  stm32f1xx_hal_rcc.o(i.HAL_RCC_ClockConfig)
    HAL_RCC_GetHCLKFreq                      0x08001c91   Thumb Code     6  stm32f1xx_hal_rcc.o(i.HAL_RCC_GetHCLKFreq)
    HAL_RCC_GetPCLK1Freq                     0x08001c9d   Thumb Code    22  stm32f1xx_hal_rcc.o(i.HAL_RCC_GetPCLK1Freq)
    HAL_RCC_GetPCLK2Freq                     0x08001cbd   Thumb Code    22  stm32f1xx_hal_rcc.o(i.HAL_RCC_GetPCLK2Freq)
    HAL_RCC_GetSysClockFreq                  0x08001cdd   Thumb Code    92  stm32f1xx_hal_rcc.o(i.HAL_RCC_GetSysClockFreq)
    HAL_RCC_OscConfig                        0x08001d4d   Thumb Code  1114  stm32f1xx_hal_rcc.o(i.HAL_RCC_OscConfig)
    HAL_SPI_ErrorCallback                    0x080021b1   Thumb Code     2  stm32f1xx_hal_spi.o(i.HAL_SPI_ErrorCallback)
    HAL_SPI_IRQHandler                       0x080021b5   Thumb Code   304  stm32f1xx_hal_spi.o(i.HAL_SPI_IRQHandler)
    HAL_SPI_Init                             0x080022e9   Thumb Code   190  stm32f1xx_hal_spi.o(i.HAL_SPI_Init)
    HAL_SPI_MspInit                          0x080023a9   Thumb Code   258  spi.o(i.HAL_SPI_MspInit)
    HAL_SPI_Transmit                         0x080024c1   Thumb Code   444  stm32f1xx_hal_spi.o(i.HAL_SPI_Transmit)
    HAL_SPI_TransmitReceive                  0x0800267d   Thumb Code   576  stm32f1xx_hal_spi.o(i.HAL_SPI_TransmitReceive)
    HAL_SYSTICK_Config                       0x080028bd   Thumb Code    52  stm32f1xx_hal_cortex.o(i.HAL_SYSTICK_Config)
    HAL_TIMEx_BreakCallback                  0x080028f1   Thumb Code     2  stm32f1xx_hal_tim_ex.o(i.HAL_TIMEx_BreakCallback)
    HAL_TIMEx_CommutCallback                 0x080028f3   Thumb Code     2  stm32f1xx_hal_tim_ex.o(i.HAL_TIMEx_CommutCallback)
    HAL_TIMEx_MasterConfigSynchronization    0x080028f5   Thumb Code   134  stm32f1xx_hal_tim_ex.o(i.HAL_TIMEx_MasterConfigSynchronization)
    HAL_TIM_Base_Init                        0x08002991   Thumb Code   102  stm32f1xx_hal_tim.o(i.HAL_TIM_Base_Init)
    HAL_TIM_Base_MspInit                     0x080029f9   Thumb Code   112  tim.o(i.HAL_TIM_Base_MspInit)
    HAL_TIM_Base_Start_IT                    0x08002a71   Thumb Code   122  stm32f1xx_hal_tim.o(i.HAL_TIM_Base_Start_IT)
    HAL_TIM_ConfigClockSource                0x08002b01   Thumb Code   268  stm32f1xx_hal_tim.o(i.HAL_TIM_ConfigClockSource)
    HAL_TIM_IC_CaptureCallback               0x08002c0d   Thumb Code    12  hcsr04.o(i.HAL_TIM_IC_CaptureCallback)
    HAL_TIM_IC_ConfigChannel                 0x08002c19   Thumb Code   222  stm32f1xx_hal_tim.o(i.HAL_TIM_IC_ConfigChannel)
    HAL_TIM_IC_Init                          0x08002cf7   Thumb Code   102  stm32f1xx_hal_tim.o(i.HAL_TIM_IC_Init)
    HAL_TIM_IC_MspInit                       0x08002d5d   Thumb Code   116  tim.o(i.HAL_TIM_IC_MspInit)
    HAL_TIM_IC_Start_IT                      0x08002ddd   Thumb Code   356  stm32f1xx_hal_tim.o(i.HAL_TIM_IC_Start_IT)
    HAL_TIM_IRQHandler                       0x08002f55   Thumb Code   406  stm32f1xx_hal_tim.o(i.HAL_TIM_IRQHandler)
    HAL_TIM_MspPostInit                      0x080030ed   Thumb Code    74  tim.o(i.HAL_TIM_MspPostInit)
    HAL_TIM_OC_DelayElapsedCallback          0x08003141   Thumb Code     2  stm32f1xx_hal_tim.o(i.HAL_TIM_OC_DelayElapsedCallback)
    HAL_TIM_PWM_ConfigChannel                0x08003143   Thumb Code   260  stm32f1xx_hal_tim.o(i.HAL_TIM_PWM_ConfigChannel)
    HAL_TIM_PWM_Init                         0x08003247   Thumb Code   102  stm32f1xx_hal_tim.o(i.HAL_TIM_PWM_Init)
    HAL_TIM_PWM_MspInit                      0x080032ad   Thumb Code     2  stm32f1xx_hal_tim.o(i.HAL_TIM_PWM_MspInit)
    HAL_TIM_PWM_PulseFinishedCallback        0x080032af   Thumb Code     2  stm32f1xx_hal_tim.o(i.HAL_TIM_PWM_PulseFinishedCallback)
    HAL_TIM_PWM_Start                        0x080032b1   Thumb Code   222  stm32f1xx_hal_tim.o(i.HAL_TIM_PWM_Start)
    HAL_TIM_PeriodElapsedCallback            0x080033a5   Thumb Code    12  hcsr04.o(i.HAL_TIM_PeriodElapsedCallback)
    HAL_TIM_ReadCapturedValue                0x080033b1   Thumb Code    50  stm32f1xx_hal_tim.o(i.HAL_TIM_ReadCapturedValue)
    HAL_TIM_TriggerCallback                  0x080033e3   Thumb Code     2  stm32f1xx_hal_tim.o(i.HAL_TIM_TriggerCallback)
    HAL_UARTEx_RxEventCallback               0x080033e5   Thumb Code     2  stm32f1xx_hal_uart.o(i.HAL_UARTEx_RxEventCallback)
    HAL_UART_ErrorCallback                   0x080033e7   Thumb Code     2  stm32f1xx_hal_uart.o(i.HAL_UART_ErrorCallback)
    HAL_UART_IRQHandler                      0x080033e9   Thumb Code   736  stm32f1xx_hal_uart.o(i.HAL_UART_IRQHandler)
    HAL_UART_IdleCpltCallback                0x080036cd   Thumb Code    78  hc05.o(i.HAL_UART_IdleCpltCallback)
    HAL_UART_Init                            0x08003735   Thumb Code   118  stm32f1xx_hal_uart.o(i.HAL_UART_Init)
    HAL_UART_MspInit                         0x080037ad   Thumb Code   478  usart.o(i.HAL_UART_MspInit)
    HAL_UART_Receive_DMA                     0x080039b1   Thumb Code    44  stm32f1xx_hal_uart.o(i.HAL_UART_Receive_DMA)
    HAL_UART_Receive_IT                      0x080039dd   Thumb Code    44  stm32f1xx_hal_uart.o(i.HAL_UART_Receive_IT)
    HAL_UART_RxCpltCallback                  0x08003a09   Thumb Code    20  stm32f1xx_it.o(i.HAL_UART_RxCpltCallback)
    HAL_UART_RxHalfCpltCallback              0x08003a25   Thumb Code     2  stm32f1xx_hal_uart.o(i.HAL_UART_RxHalfCpltCallback)
    HAL_UART_Transmit                        0x08003a27   Thumb Code   178  stm32f1xx_hal_uart.o(i.HAL_UART_Transmit)
    HAL_UART_TxCpltCallback                  0x08003ad9   Thumb Code     2  stm32f1xx_hal_uart.o(i.HAL_UART_TxCpltCallback)
    HardFault_Handler                        0x08003adb   Thumb Code     4  stm32f1xx_it.o(i.HardFault_Handler)
    Hcsr04Init                               0x08003ae1   Thumb Code   122  hcsr04.o(i.Hcsr04Init)
    Hcsr04Start                              0x08003b61   Thumb Code    30  hcsr04.o(i.Hcsr04Start)
    Hcsr04TimIcIsr                           0x08003b85   Thumb Code   548  hcsr04.o(i.Hcsr04TimIcIsr)
    Hcsr04TimOverflowIsr                     0x08003db9   Thumb Code    22  hcsr04.o(i.Hcsr04TimOverflowIsr)
    I2C1_ER_IRQHandler                       0x08003dd5   Thumb Code    10  stm32f1xx_it.o(i.I2C1_ER_IRQHandler)
    I2C1_EV_IRQHandler                       0x08003de5   Thumb Code    10  stm32f1xx_it.o(i.I2C1_EV_IRQHandler)
    KEY_FeedBack                             0x08004c19   Thumb Code   118  key.o(i.KEY_FeedBack)
    KEY_Judge_Unlock                         0x08004cbd   Thumb Code    16  key.o(i.KEY_Judge_Unlock)
    Key_GetNum                               0x08004ccd   Thumb Code   256  key.o(i.Key_GetNum)
    LCD_Address_Set                          0x08004dd5   Thumb Code    66  lcd_init.o(i.LCD_Address_Set)
    LCD_DrawPoint                            0x08004e17   Thumb Code    28  lcd.o(i.LCD_DrawPoint)
    LCD_Fill                                 0x08004e35   Thumb Code   110  lcd.o(i.LCD_Fill)
    LCD_Init                                 0x08004ead   Thumb Code   526  lcd_init.o(i.LCD_Init)
    LCD_ShowChar                             0x080050c5   Thumb Code   328  lcd.o(i.LCD_ShowChar)
    LCD_ShowIntNum                           0x0800521d   Thumb Code   150  lcd.o(i.LCD_ShowIntNum)
    LCD_ShowString                           0x080052b3   Thumb Code    66  lcd.o(i.LCD_ShowString)
    LCD_WR_DATA                              0x080052f5   Thumb Code    18  lcd_init.o(i.LCD_WR_DATA)
    LCD_WR_DATA8                             0x08005307   Thumb Code    12  lcd_init.o(i.LCD_WR_DATA8)
    LCD_WR_REG                               0x08005315   Thumb Code    32  lcd_init.o(i.LCD_WR_REG)
    LCD_Writ_Bus                             0x08005339   Thumb Code    32  lcd_init.o(i.LCD_Writ_Bus)
    LED1_OFF                                 0x0800535d   Thumb Code    14  led.o(i.LED1_OFF)
    LED1_ON                                  0x08005371   Thumb Code    14  led.o(i.LED1_ON)
    LED2_OFF                                 0x08005385   Thumb Code    14  led.o(i.LED2_OFF)
    LED2_ON                                  0x08005399   Thumb Code    14  led.o(i.LED2_ON)
    LED3_OFF                                 0x080053ad   Thumb Code    14  led.o(i.LED3_OFF)
    LED3_ON                                  0x080053c1   Thumb Code    14  led.o(i.LED3_ON)
    MFRC_ClrBitMask                          0x080053d5   Thumb Code    26  rc522.o(i.MFRC_ClrBitMask)
    MFRC_Init                                0x080053f1   Thumb Code    24  rc522.o(i.MFRC_Init)
    MFRC_ReadReg                             0x08005411   Thumb Code    54  rc522.o(i.MFRC_ReadReg)
    MFRC_SetBitMask                          0x0800544d   Thumb Code    26  rc522.o(i.MFRC_SetBitMask)
    MFRC_WriteReg                            0x08005469   Thumb Code    48  rc522.o(i.MFRC_WriteReg)
    MX_DMA_Init                              0x0800549d   Thumb Code    64  dma.o(i.MX_DMA_Init)
    MX_GPIO_Init                             0x080054e1   Thumb Code   470  gpio.o(i.MX_GPIO_Init)
    MX_I2C1_Init                             0x080056d1   Thumb Code    48  i2c.o(i.MX_I2C1_Init)
    MX_SPI1_Init                             0x0800570d   Thumb Code    60  spi.o(i.MX_SPI1_Init)
    MX_SPI2_Init                             0x08005751   Thumb Code    60  spi.o(i.MX_SPI2_Init)
    MX_TIM2_Init                             0x08005795   Thumb Code   160  tim.o(i.MX_TIM2_Init)
    MX_TIM4_Init                             0x08005839   Thumb Code   104  tim.o(i.MX_TIM4_Init)
    MX_TIM5_Init                             0x080058a9   Thumb Code   110  tim.o(i.MX_TIM5_Init)
    MX_USART1_UART_Init                      0x08005921   Thumb Code    46  usart.o(i.MX_USART1_UART_Init)
    MX_USART2_UART_Init                      0x08005959   Thumb Code    46  usart.o(i.MX_USART2_UART_Init)
    MX_USART3_UART_Init                      0x08005991   Thumb Code    46  usart.o(i.MX_USART3_UART_Init)
    MemManage_Handler                        0x080059e9   Thumb Code     4  stm32f1xx_it.o(i.MemManage_Handler)
    NMI_Handler                              0x080059ed   Thumb Code     4  stm32f1xx_it.o(i.NMI_Handler)
    PCD_AntennaOff                           0x080059f1   Thumb Code    12  rc522.o(i.PCD_AntennaOff)
    PCD_AntennaOn                            0x080059fd   Thumb Code    26  rc522.o(i.PCD_AntennaOn)
    PCD_Init_RST                             0x08005a17   Thumb Code    14  rc522.o(i.PCD_Init_RST)
    PCD_Reset                                0x08005a25   Thumb Code   130  rc522.o(i.PCD_Reset)
    PS_HandShake                             0x08005aad   Thumb Code   114  as608.o(i.PS_HandShake)
    Password_Match                           0x08005b29   Thumb Code    54  key.o(i.Password_Match)
    PendSV_Handler                           0x08005b91   Thumb Code     2  stm32f1xx_it.o(i.PendSV_Handler)
    RCC_IRQHandler                           0x08005bbd   Thumb Code     2  stm32f1xx_it.o(i.RCC_IRQHandler)
    SPI1_IRQHandler                          0x08005bc1   Thumb Code    10  stm32f1xx_it.o(i.SPI1_IRQHandler)
    SPI1_WriteByte                           0x08005bd1   Thumb Code    22  spi.o(i.SPI1_WriteByte)
    SPI2_IRQHandler                          0x08005bed   Thumb Code    10  stm32f1xx_it.o(i.SPI2_IRQHandler)
    SPI2_RW_Byte                             0x08005bfd   Thumb Code    26  rc522.o(i.SPI2_RW_Byte)
    SPIv_WriteData                           0x08005d35   Thumb Code    12  lcd_init.o(i.SPIv_WriteData)
    SVC_Handler                              0x08005d41   Thumb Code     2  stm32f1xx_it.o(i.SVC_Handler)
    Servo_CloseDoor                          0x08005d95   Thumb Code    10  servo.o(i.Servo_CloseDoor)
    Servo_Init                               0x08005da5   Thumb Code    12  servo.o(i.Servo_Init)
    Servo_OpenDoor                           0x08005db5   Thumb Code    10  servo.o(i.Servo_OpenDoor)
    SysTick_Handler                          0x08005dc5   Thumb Code     8  stm32f1xx_it.o(i.SysTick_Handler)
    SystemClock_Config                       0x08005dcd   Thumb Code   102  main.o(i.SystemClock_Config)
    SystemInit                               0x08005e33   Thumb Code     2  system_stm32f1xx.o(i.SystemInit)
    TIM2_IRQHandler                          0x08005e35   Thumb Code    10  stm32f1xx_it.o(i.TIM2_IRQHandler)
    TIM4_IRQHandler                          0x08005e45   Thumb Code    10  stm32f1xx_it.o(i.TIM4_IRQHandler)
    TIM5_IRQHandler                          0x08005e55   Thumb Code    10  stm32f1xx_it.o(i.TIM5_IRQHandler)
    TIM_Base_SetConfig                       0x08005e65   Thumb Code   134  stm32f1xx_hal_tim.o(i.TIM_Base_SetConfig)
    TIM_CCxChannelCmd                        0x08005f01   Thumb Code    34  stm32f1xx_hal_tim.o(i.TIM_CCxChannelCmd)
    TIM_ETR_SetConfig                        0x08005f23   Thumb Code    22  stm32f1xx_hal_tim.o(i.TIM_ETR_SetConfig)
    TIM_OC2_SetConfig                        0x08005fbd   Thumb Code   114  stm32f1xx_hal_tim.o(i.TIM_OC2_SetConfig)
    TIM_TI1_SetConfig                        0x0800612d   Thumb Code   102  stm32f1xx_hal_tim.o(i.TIM_TI1_SetConfig)
    UART_Start_Receive_DMA                   0x08006665   Thumb Code   186  stm32f1xx_hal_uart.o(i.UART_Start_Receive_DMA)
    UART_Start_Receive_IT                    0x0800672d   Thumb Code    64  stm32f1xx_hal_uart.o(i.UART_Start_Receive_IT)
    USART1_IRQHandler                        0x08006861   Thumb Code    10  stm32f1xx_it.o(i.USART1_IRQHandler)
    USART2_IRQHandler                        0x08006871   Thumb Code    76  stm32f1xx_it.o(i.USART2_IRQHandler)
    USART3_IRQHandler                        0x080068c9   Thumb Code    16  stm32f1xx_it.o(i.USART3_IRQHandler)
    UsageFault_Handler                       0x080068dd   Thumb Code     4  stm32f1xx_it.o(i.UsageFault_Handler)
    Write_PassWord                           0x080068e1   Thumb Code   534  key.o(i.Write_PassWord)
    __0printf                                0x08006b05   Thumb Code    22  printfa.o(i.__0printf)
    __1printf                                0x08006b05   Thumb Code     0  printfa.o(i.__0printf)
    __2printf                                0x08006b05   Thumb Code     0  printfa.o(i.__0printf)
    __c89printf                              0x08006b05   Thumb Code     0  printfa.o(i.__0printf)
    printf                                   0x08006b05   Thumb Code     0  printfa.o(i.__0printf)
    __scatterload_copy                       0x08006b5d   Thumb Code    14  handlers.o(i.__scatterload_copy)
    __scatterload_null                       0x08006b6b   Thumb Code     2  handlers.o(i.__scatterload_null)
    __scatterload_zeroinit                   0x08006b6d   Thumb Code    14  handlers.o(i.__scatterload_zeroinit)
    fputc                                    0x08007431   Thumb Code    22  uart_redefine.o(i.fputc)
    main                                     0x0800744d   Thumb Code   216  main.o(i.main)
    mypow                                    0x080075e9   Thumb Code    22  lcd.o(i.mypow)
    AHBPrescTable                            0x08007610   Data          16  system_stm32f1xx.o(.constdata)
    APBPrescTable                            0x08007620   Data           8  system_stm32f1xx.o(.constdata)
    ascii_1206                               0x08007628   Data        1140  lcd.o(.constdata)
    ascii_1608                               0x08007a9c   Data        1520  lcd.o(.constdata)
    ascii_2412                               0x0800808c   Data        4560  lcd.o(.constdata)
    ascii_3216                               0x0800925c   Data        6080  lcd.o(.constdata)
    tfont12                                  0x0800aa1c   Data         130  lcd.o(.constdata)
    tfont16                                  0x0800aa9e   Data         170  lcd.o(.constdata)
    tfont24                                  0x0800ab48   Data         370  lcd.o(.constdata)
    tfont32                                  0x0800acba   Data         650  lcd.o(.constdata)
    gImage_1                                 0x0800af44   Data        3200  lcd.o(.constdata)
    Region$$Table$$Base                      0x0800bbc4   Number         0  anon$$obj.o(Region$$Table)
    Region$$Table$$Limit                     0x0800bbe4   Number         0  anon$$obj.o(Region$$Table)
    Keynum                                   0x20000001   Data           1  main.o(.data)
    Servo_Angle                              0x20000004   Data           4  main.o(.data)
    Card_Type1                               0x20000008   Data           2  main.o(.data)
    Card_ID                                  0x2000000a   Data           4  main.o(.data)
    Card_KEY                                 0x2000000e   Data           6  main.o(.data)
    status                                   0x20000014   Data           1  main.o(.data)
    cardType                                 0x20000016   Data           2  main.o(.data)
    readUid                                  0x20000018   Data           5  main.o(.data)
    uwTick                                   0x20000020   Data           4  stm32f1xx_hal.o(.data)
    uwTickPrio                               0x20000024   Data           4  stm32f1xx_hal.o(.data)
    uwTickFreq                               0x20000028   Data           1  stm32f1xx_hal.o(.data)
    SystemCoreClock                          0x2000002c   Data           4  system_stm32f1xx.o(.data)
    Initation_PS                             0x20000030   Data          16  key.o(.data)
    AS608Addr                                0x20000040   Data           4  as608.o(.data)
    USART2_RX_STA                            0x20000044   Data           1  as608.o(.data)
    Get_Device_Code                          0x20000045   Data          10  as608.o(.data)
    ValidN                                   0x20000050   Data           2  as608.o(.data)
    UID                                      0x20000053   Data           5  rc522.o(.data)
    __stdout                                 0x20000058   Data           4  stdout.o(.data)
    hi2c1                                    0x2000005c   Data          84  i2c.o(.bss)
    hspi1                                    0x200000b0   Data          88  spi.o(.bss)
    hspi2                                    0x20000108   Data          88  spi.o(.bss)
    htim2                                    0x20000160   Data          72  tim.o(.bss)
    htim4                                    0x200001a8   Data          72  tim.o(.bss)
    htim5                                    0x200001f0   Data          72  tim.o(.bss)
    huart1                                   0x20000238   Data          72  usart.o(.bss)
    huart2                                   0x20000280   Data          72  usart.o(.bss)
    huart3                                   0x200002c8   Data          72  usart.o(.bss)
    hdma_usart3_rx                           0x20000310   Data          68  usart.o(.bss)
    hdma_usart3_tx                           0x20000354   Data          68  usart.o(.bss)
    Input_PS                                 0x20000398   Data          16  key.o(.bss)
    USART2_RX_BUF                            0x200003a8   Data         200  as608.o(.bss)
    AS608Para                                0x20000470   Data          12  as608.o(.bss)
    USART3_RX_BUF                            0x2000047c   Data         100  hc05.o(.bss)
    Hcsr04Info                               0x200004e0   Data          40  hcsr04.o(.bss)
    Ultuarsonic_Kalman                       0x20000508   Data          24  hcsr04.o(.bss)
    __initial_sp                             0x20000920   Data           0  startup_stm32f103xe.o(STACK)



==============================================================================

Memory Map of the image

  Image Entry point : 0x08000131

  Load Region LR_IROM1 (Base: 0x08000000, Size: 0x0000bc40, Max: 0x00080000, ABSOLUTE)

    Execution Region ER_IROM1 (Exec base: 0x08000000, Load base: 0x08000000, Size: 0x0000bbe4, Max: 0x00080000, ABSOLUTE)

    Exec Addr    Load Addr    Size         Type   Attr      Idx    E Section Name        Object

    0x08000000   0x08000000   0x00000130   Data   RO            3    RESET               startup_stm32f103xe.o
    0x08000130   0x08000130   0x00000000   Code   RO         5011  * .ARM.Collect$$$$00000000  mc_w.l(entry.o)
    0x08000130   0x08000130   0x00000004   Code   RO         5309    .ARM.Collect$$$$00000001  mc_w.l(entry2.o)
    0x08000134   0x08000134   0x00000004   Code   RO         5312    .ARM.Collect$$$$00000004  mc_w.l(entry5.o)
    0x08000138   0x08000138   0x00000000   Code   RO         5314    .ARM.Collect$$$$00000008  mc_w.l(entry7b.o)
    0x08000138   0x08000138   0x00000000   Code   RO         5316    .ARM.Collect$$$$0000000A  mc_w.l(entry8b.o)
    0x08000138   0x08000138   0x00000008   Code   RO         5317    .ARM.Collect$$$$0000000B  mc_w.l(entry9a.o)
    0x08000140   0x08000140   0x00000000   Code   RO         5319    .ARM.Collect$$$$0000000D  mc_w.l(entry10a.o)
    0x08000140   0x08000140   0x00000000   Code   RO         5321    .ARM.Collect$$$$0000000F  mc_w.l(entry11a.o)
    0x08000140   0x08000140   0x00000004   Code   RO         5310    .ARM.Collect$$$$00002712  mc_w.l(entry2.o)
    0x08000144   0x08000144   0x00000024   Code   RO            4    .text               startup_stm32f103xe.o
    0x08000168   0x08000168   0x00000020   Code   RO         5014    .text               mc_w.l(llushr.o)
    0x08000188   0x08000188   0x00000024   Code   RO         5016    .text               mc_w.l(memseta.o)
    0x080001ac   0x080001ac   0x0000001a   Code   RO         5020    .text               mc_w.l(memcmp.o)
    0x080001c6   0x080001c6   0x0000014e   Code   RO         5291    .text               mf_w.l(dadd.o)
    0x08000314   0x08000314   0x000000e4   Code   RO         5293    .text               mf_w.l(dmul.o)
    0x080003f8   0x080003f8   0x000000de   Code   RO         5295    .text               mf_w.l(ddiv.o)
    0x080004d6   0x080004d6   0x0000001a   Code   RO         5297    .text               mf_w.l(dfltui.o)
    0x080004f0   0x080004f0   0x00000038   Code   RO         5303    .text               mf_w.l(d2f.o)
    0x08000528   0x08000528   0x0000002c   Code   RO         5324    .text               mc_w.l(uidiv.o)
    0x08000554   0x08000554   0x00000062   Code   RO         5326    .text               mc_w.l(uldiv.o)
    0x080005b6   0x080005b6   0x0000001e   Code   RO         5328    .text               mc_w.l(llshl.o)
    0x080005d4   0x080005d4   0x00000024   Code   RO         5330    .text               mc_w.l(llsshr.o)
    0x080005f8   0x080005f8   0x00000000   Code   RO         5332    .text               mc_w.l(iusefp.o)
    0x080005f8   0x080005f8   0x0000006e   Code   RO         5333    .text               mf_w.l(fepilogue.o)
    0x08000666   0x08000666   0x000000ba   Code   RO         5335    .text               mf_w.l(depilogue.o)
    0x08000720   0x08000720   0x00000030   Code   RO         5337    .text               mf_w.l(dfixul.o)
    0x08000750   0x08000750   0x00000030   Code   RO         5339    .text               mf_w.l(cdrcmple.o)
    0x08000780   0x08000780   0x00000024   Code   RO         5341    .text               mc_w.l(init.o)
    0x080007a4   0x080007a4   0x00000040   Code   RO         4457    i.AS608_Check       as608.o
    0x080007e4   0x080007e4   0x00000034   Code   RO         4458    i.AS608_Init        as608.o
    0x08000818   0x08000818   0x00000028   Code   RO         4818    i.BlueTooth_Init    hc05.o
    0x08000840   0x08000840   0x00000010   Code   RO         4819    i.Blue_Buffer_Clear  hc05.o
    0x08000850   0x08000850   0x00000004   Code   RO          500    i.BusFault_Handler  stm32f1xx_it.o
    0x08000854   0x08000854   0x00000010   Code   RO          501    i.DMA1_Channel2_IRQHandler  stm32f1xx_it.o
    0x08000864   0x08000864   0x00000010   Code   RO          502    i.DMA1_Channel3_IRQHandler  stm32f1xx_it.o
    0x08000874   0x08000874   0x0000002c   Code   RO         1666    i.DMA_SetConfig     stm32f1xx_hal_dma.o
    0x080008a0   0x080008a0   0x00000002   Code   RO          503    i.DebugMon_Handler  stm32f1xx_it.o
    0x080008a2   0x080008a2   0x00000018   Code   RO         4005    i.Delay_ms          delay.o
    0x080008ba   0x080008ba   0x0000002e   Code   RO         4007    i.Delay_us          delay.o
    0x080008e8   0x080008e8   0x00000048   Code   RO           13    i.Door_Close        main.o
    0x08000930   0x08000930   0x0000005c   Code   RO           14    i.Door_Error        main.o
    0x0800098c   0x0800098c   0x0000005c   Code   RO           15    i.Door_Open         main.o
    0x080009e8   0x080009e8   0x00000006   Code   RO           16    i.Error_Handler     main.o
    0x080009ee   0x080009ee   0x00000056   Code   RO         1667    i.HAL_DMA_Abort     stm32f1xx_hal_dma.o
    0x08000a44   0x08000a44   0x000001a8   Code   RO         1668    i.HAL_DMA_Abort_IT  stm32f1xx_hal_dma.o
    0x08000bec   0x08000bec   0x00000008   Code   RO         1671    i.HAL_DMA_GetState  stm32f1xx_hal_dma.o
    0x08000bf4   0x08000bf4   0x00000398   Code   RO         1672    i.HAL_DMA_IRQHandler  stm32f1xx_hal_dma.o
    0x08000f8c   0x08000f8c   0x0000008c   Code   RO         1673    i.HAL_DMA_Init      stm32f1xx_hal_dma.o
    0x08001018   0x08001018   0x0000009c   Code   RO         1677    i.HAL_DMA_Start_IT  stm32f1xx_hal_dma.o
    0x080010b4   0x080010b4   0x00000340   Code   RO         1603    i.HAL_GPIO_Init     stm32f1xx_hal_gpio.o
    0x080013f4   0x080013f4   0x00000010   Code   RO         1605    i.HAL_GPIO_ReadPin  stm32f1xx_hal_gpio.o
    0x08001404   0x08001404   0x0000000c   Code   RO         1607    i.HAL_GPIO_WritePin  stm32f1xx_hal_gpio.o
    0x08001410   0x08001410   0x0000000c   Code   RO         1292    i.HAL_GetTick       stm32f1xx_hal.o
    0x0800141c   0x0800141c   0x00000002   Code   RO          804    i.HAL_I2C_AbortCpltCallback  stm32f1xx_hal_i2c.o
    0x0800141e   0x0800141e   0x00000002   Code   RO          805    i.HAL_I2C_AddrCallback  stm32f1xx_hal_i2c.o
    0x08001420   0x08001420   0x000000e0   Code   RO          808    i.HAL_I2C_ER_IRQHandler  stm32f1xx_hal_i2c.o
    0x08001500   0x08001500   0x000001da   Code   RO          809    i.HAL_I2C_EV_IRQHandler  stm32f1xx_hal_i2c.o
    0x080016da   0x080016da   0x00000002   Code   RO          811    i.HAL_I2C_ErrorCallback  stm32f1xx_hal_i2c.o
    0x080016dc   0x080016dc   0x000001d0   Code   RO          815    i.HAL_I2C_Init      stm32f1xx_hal_i2c.o
    0x080018ac   0x080018ac   0x00000002   Code   RO          817    i.HAL_I2C_ListenCpltCallback  stm32f1xx_hal_i2c.o
    0x080018ae   0x080018ae   0x00000002   Code   RO          818    i.HAL_I2C_MasterRxCpltCallback  stm32f1xx_hal_i2c.o
    0x080018b0   0x080018b0   0x00000002   Code   RO          819    i.HAL_I2C_MasterTxCpltCallback  stm32f1xx_hal_i2c.o
    0x080018b2   0x080018b2   0x00000002   Code   RO          831    i.HAL_I2C_MemRxCpltCallback  stm32f1xx_hal_i2c.o
    0x080018b4   0x080018b4   0x00000002   Code   RO          832    i.HAL_I2C_MemTxCpltCallback  stm32f1xx_hal_i2c.o
    0x080018b6   0x080018b6   0x00000002   PAD
    0x080018b8   0x080018b8   0x00000094   Code   RO          279    i.HAL_I2C_MspInit   i2c.o
    0x0800194c   0x0800194c   0x00000002   Code   RO          841    i.HAL_I2C_SlaveRxCpltCallback  stm32f1xx_hal_i2c.o
    0x0800194e   0x0800194e   0x00000002   Code   RO          842    i.HAL_I2C_SlaveTxCpltCallback  stm32f1xx_hal_i2c.o
    0x08001950   0x08001950   0x00000018   Code   RO         1298    i.HAL_IncTick       stm32f1xx_hal.o
    0x08001968   0x08001968   0x00000028   Code   RO         1299    i.HAL_Init          stm32f1xx_hal.o
    0x08001990   0x08001990   0x0000004c   Code   RO         1300    i.HAL_InitTick      stm32f1xx_hal.o
    0x080019dc   0x080019dc   0x00000064   Code   RO          660    i.HAL_MspInit       stm32f1xx_hal_msp.o
    0x08001a40   0x08001a40   0x00000020   Code   RO         1763    i.HAL_NVIC_EnableIRQ  stm32f1xx_hal_cortex.o
    0x08001a60   0x08001a60   0x0000007c   Code   RO         1769    i.HAL_NVIC_SetPriority  stm32f1xx_hal_cortex.o
    0x08001adc   0x08001adc   0x00000028   Code   RO         1770    i.HAL_NVIC_SetPriorityGrouping  stm32f1xx_hal_cortex.o
    0x08001b04   0x08001b04   0x0000018c   Code   RO         1456    i.HAL_RCC_ClockConfig  stm32f1xx_hal_rcc.o
    0x08001c90   0x08001c90   0x0000000c   Code   RO         1461    i.HAL_RCC_GetHCLKFreq  stm32f1xx_hal_rcc.o
    0x08001c9c   0x08001c9c   0x00000020   Code   RO         1463    i.HAL_RCC_GetPCLK1Freq  stm32f1xx_hal_rcc.o
    0x08001cbc   0x08001cbc   0x00000020   Code   RO         1464    i.HAL_RCC_GetPCLK2Freq  stm32f1xx_hal_rcc.o
    0x08001cdc   0x08001cdc   0x00000070   Code   RO         1465    i.HAL_RCC_GetSysClockFreq  stm32f1xx_hal_rcc.o
    0x08001d4c   0x08001d4c   0x00000464   Code   RO         1468    i.HAL_RCC_OscConfig  stm32f1xx_hal_rcc.o
    0x080021b0   0x080021b0   0x00000002   Code   RO         2296    i.HAL_SPI_ErrorCallback  stm32f1xx_hal_spi.o
    0x080021b2   0x080021b2   0x00000002   PAD
    0x080021b4   0x080021b4   0x00000134   Code   RO         2299    i.HAL_SPI_IRQHandler  stm32f1xx_hal_spi.o
    0x080022e8   0x080022e8   0x000000be   Code   RO         2300    i.HAL_SPI_Init      stm32f1xx_hal_spi.o
    0x080023a6   0x080023a6   0x00000002   PAD
    0x080023a8   0x080023a8   0x00000118   Code   RO          321    i.HAL_SPI_MspInit   spi.o
    0x080024c0   0x080024c0   0x000001bc   Code   RO         2308    i.HAL_SPI_Transmit  stm32f1xx_hal_spi.o
    0x0800267c   0x0800267c   0x00000240   Code   RO         2309    i.HAL_SPI_TransmitReceive  stm32f1xx_hal_spi.o
    0x080028bc   0x080028bc   0x00000034   Code   RO         1774    i.HAL_SYSTICK_Config  stm32f1xx_hal_cortex.o
    0x080028f0   0x080028f0   0x00000002   Code   RO         3328    i.HAL_TIMEx_BreakCallback  stm32f1xx_hal_tim_ex.o
    0x080028f2   0x080028f2   0x00000002   Code   RO         3329    i.HAL_TIMEx_CommutCallback  stm32f1xx_hal_tim_ex.o
    0x080028f4   0x080028f4   0x0000009c   Code   RO         3347    i.HAL_TIMEx_MasterConfigSynchronization  stm32f1xx_hal_tim_ex.o
    0x08002990   0x08002990   0x00000066   Code   RO         2613    i.HAL_TIM_Base_Init  stm32f1xx_hal_tim.o
    0x080029f6   0x080029f6   0x00000002   PAD
    0x080029f8   0x080029f8   0x00000078   Code   RO          375    i.HAL_TIM_Base_MspInit  tim.o
    0x08002a70   0x08002a70   0x00000090   Code   RO         2618    i.HAL_TIM_Base_Start_IT  stm32f1xx_hal_tim.o
    0x08002b00   0x08002b00   0x0000010c   Code   RO         2622    i.HAL_TIM_ConfigClockSource  stm32f1xx_hal_tim.o
    0x08002c0c   0x08002c0c   0x0000000c   Code   RO         4918    i.HAL_TIM_IC_CaptureCallback  hcsr04.o
    0x08002c18   0x08002c18   0x000000de   Code   RO         2649    i.HAL_TIM_IC_ConfigChannel  stm32f1xx_hal_tim.o
    0x08002cf6   0x08002cf6   0x00000066   Code   RO         2652    i.HAL_TIM_IC_Init   stm32f1xx_hal_tim.o
    0x08002d5c   0x08002d5c   0x00000080   Code   RO          377    i.HAL_TIM_IC_MspInit  tim.o
    0x08002ddc   0x08002ddc   0x00000178   Code   RO         2657    i.HAL_TIM_IC_Start_IT  stm32f1xx_hal_tim.o
    0x08002f54   0x08002f54   0x00000196   Code   RO         2661    i.HAL_TIM_IRQHandler  stm32f1xx_hal_tim.o
    0x080030ea   0x080030ea   0x00000002   PAD
    0x080030ec   0x080030ec   0x00000054   Code   RO          378    i.HAL_TIM_MspPostInit  tim.o
    0x08003140   0x08003140   0x00000002   Code   RO         2664    i.HAL_TIM_OC_DelayElapsedCallback  stm32f1xx_hal_tim.o
    0x08003142   0x08003142   0x00000104   Code   RO         2685    i.HAL_TIM_PWM_ConfigChannel  stm32f1xx_hal_tim.o
    0x08003246   0x08003246   0x00000066   Code   RO         2688    i.HAL_TIM_PWM_Init  stm32f1xx_hal_tim.o
    0x080032ac   0x080032ac   0x00000002   Code   RO         2690    i.HAL_TIM_PWM_MspInit  stm32f1xx_hal_tim.o
    0x080032ae   0x080032ae   0x00000002   Code   RO         2691    i.HAL_TIM_PWM_PulseFinishedCallback  stm32f1xx_hal_tim.o
    0x080032b0   0x080032b0   0x000000f4   Code   RO         2693    i.HAL_TIM_PWM_Start  stm32f1xx_hal_tim.o
    0x080033a4   0x080033a4   0x0000000c   Code   RO         4919    i.HAL_TIM_PeriodElapsedCallback  hcsr04.o
    0x080033b0   0x080033b0   0x00000032   Code   RO         2701    i.HAL_TIM_ReadCapturedValue  stm32f1xx_hal_tim.o
    0x080033e2   0x080033e2   0x00000002   Code   RO         2704    i.HAL_TIM_TriggerCallback  stm32f1xx_hal_tim.o
    0x080033e4   0x080033e4   0x00000002   Code   RO         3607    i.HAL_UARTEx_RxEventCallback  stm32f1xx_hal_uart.o
    0x080033e6   0x080033e6   0x00000002   Code   RO         3621    i.HAL_UART_ErrorCallback  stm32f1xx_hal_uart.o
    0x080033e8   0x080033e8   0x000002e4   Code   RO         3624    i.HAL_UART_IRQHandler  stm32f1xx_hal_uart.o
    0x080036cc   0x080036cc   0x00000068   Code   RO         4820    i.HAL_UART_IdleCpltCallback  hc05.o
    0x08003734   0x08003734   0x00000076   Code   RO         3625    i.HAL_UART_Init     stm32f1xx_hal_uart.o
    0x080037aa   0x080037aa   0x00000002   PAD
    0x080037ac   0x080037ac   0x00000204   Code   RO          447    i.HAL_UART_MspInit  usart.o
    0x080039b0   0x080039b0   0x0000002c   Code   RO         3629    i.HAL_UART_Receive_DMA  stm32f1xx_hal_uart.o
    0x080039dc   0x080039dc   0x0000002c   Code   RO         3630    i.HAL_UART_Receive_IT  stm32f1xx_hal_uart.o
    0x08003a08   0x08003a08   0x0000001c   Code   RO          504    i.HAL_UART_RxCpltCallback  stm32f1xx_it.o
    0x08003a24   0x08003a24   0x00000002   Code   RO         3632    i.HAL_UART_RxHalfCpltCallback  stm32f1xx_hal_uart.o
    0x08003a26   0x08003a26   0x000000b2   Code   RO         3633    i.HAL_UART_Transmit  stm32f1xx_hal_uart.o
    0x08003ad8   0x08003ad8   0x00000002   Code   RO         3636    i.HAL_UART_TxCpltCallback  stm32f1xx_hal_uart.o
    0x08003ada   0x08003ada   0x00000004   Code   RO          505    i.HardFault_Handler  stm32f1xx_it.o
    0x08003ade   0x08003ade   0x00000002   PAD
    0x08003ae0   0x08003ae0   0x00000080   Code   RO         4923    i.Hcsr04Init        hcsr04.o
    0x08003b60   0x08003b60   0x00000024   Code   RO         4925    i.Hcsr04Start       hcsr04.o
    0x08003b84   0x08003b84   0x00000234   Code   RO         4926    i.Hcsr04TimIcIsr    hcsr04.o
    0x08003db8   0x08003db8   0x0000001c   Code   RO         4927    i.Hcsr04TimOverflowIsr  hcsr04.o
    0x08003dd4   0x08003dd4   0x00000010   Code   RO          506    i.I2C1_ER_IRQHandler  stm32f1xx_it.o
    0x08003de4   0x08003de4   0x00000010   Code   RO          507    i.I2C1_EV_IRQHandler  stm32f1xx_it.o
    0x08003df4   0x08003df4   0x0000001c   Code   RO          853    i.I2C_ConvertOtherXferOptions  stm32f1xx_hal_i2c.o
    0x08003e10   0x08003e10   0x000000f8   Code   RO          854    i.I2C_DMAAbort      stm32f1xx_hal_i2c.o
    0x08003f08   0x08003f08   0x00000012   Code   RO          857    i.I2C_Flush_DR      stm32f1xx_hal_i2c.o
    0x08003f1a   0x08003f1a   0x00000002   PAD
    0x08003f1c   0x08003f1c   0x000001ac   Code   RO          858    i.I2C_ITError       stm32f1xx_hal_i2c.o
    0x080040c8   0x080040c8   0x00000126   Code   RO          860    i.I2C_MasterReceive_BTF  stm32f1xx_hal_i2c.o
    0x080041ee   0x080041ee   0x000000f0   Code   RO          861    i.I2C_MasterReceive_RXNE  stm32f1xx_hal_i2c.o
    0x080042de   0x080042de   0x000000a0   Code   RO          864    i.I2C_MasterTransmit_BTF  stm32f1xx_hal_i2c.o
    0x0800437e   0x0800437e   0x000000d8   Code   RO          865    i.I2C_MasterTransmit_TXE  stm32f1xx_hal_i2c.o
    0x08004456   0x08004456   0x0000002a   Code   RO          866    i.I2C_Master_ADD10  stm32f1xx_hal_i2c.o
    0x08004480   0x08004480   0x00000280   Code   RO          867    i.I2C_Master_ADDR   stm32f1xx_hal_i2c.o
    0x08004700   0x08004700   0x0000009e   Code   RO          868    i.I2C_Master_SB     stm32f1xx_hal_i2c.o
    0x0800479e   0x0800479e   0x000000c6   Code   RO          869    i.I2C_MemoryTransmit_TXE_BTF  stm32f1xx_hal_i2c.o
    0x08004864   0x08004864   0x0000001a   Code   RO          872    i.I2C_SlaveReceive_BTF  stm32f1xx_hal_i2c.o
    0x0800487e   0x0800487e   0x00000046   Code   RO          873    i.I2C_SlaveReceive_RXNE  stm32f1xx_hal_i2c.o
    0x080048c4   0x080048c4   0x0000001a   Code   RO          874    i.I2C_SlaveTransmit_BTF  stm32f1xx_hal_i2c.o
    0x080048de   0x080048de   0x00000046   Code   RO          875    i.I2C_SlaveTransmit_TXE  stm32f1xx_hal_i2c.o
    0x08004924   0x08004924   0x00000070   Code   RO          876    i.I2C_Slave_ADDR    stm32f1xx_hal_i2c.o
    0x08004994   0x08004994   0x000000a8   Code   RO          877    i.I2C_Slave_AF      stm32f1xx_hal_i2c.o
    0x08004a3c   0x08004a3c   0x0000018c   Code   RO          878    i.I2C_Slave_STOPF   stm32f1xx_hal_i2c.o
    0x08004bc8   0x08004bc8   0x00000050   Code   RO          884    i.I2C_WaitOnSTOPRequestThroughIT  stm32f1xx_hal_i2c.o
    0x08004c18   0x08004c18   0x000000a4   Code   RO         4200    i.KEY_FeedBack      key.o
    0x08004cbc   0x08004cbc   0x00000010   Code   RO         4201    i.KEY_Judge_Unlock  key.o
    0x08004ccc   0x08004ccc   0x00000108   Code   RO         4203    i.Key_GetNum        key.o
    0x08004dd4   0x08004dd4   0x00000042   Code   RO         4391    i.LCD_Address_Set   lcd_init.o
    0x08004e16   0x08004e16   0x0000001c   Code   RO         4269    i.LCD_DrawPoint     lcd.o
    0x08004e32   0x08004e32   0x00000002   PAD
    0x08004e34   0x08004e34   0x00000078   Code   RO         4270    i.LCD_Fill          lcd.o
    0x08004eac   0x08004eac   0x00000218   Code   RO         4393    i.LCD_Init          lcd_init.o
    0x080050c4   0x080050c4   0x00000158   Code   RO         4271    i.LCD_ShowChar      lcd.o
    0x0800521c   0x0800521c   0x00000096   Code   RO         4278    i.LCD_ShowIntNum    lcd.o
    0x080052b2   0x080052b2   0x00000042   Code   RO         4280    i.LCD_ShowString    lcd.o
    0x080052f4   0x080052f4   0x00000012   Code   RO         4394    i.LCD_WR_DATA       lcd_init.o
    0x08005306   0x08005306   0x0000000c   Code   RO         4395    i.LCD_WR_DATA8      lcd_init.o
    0x08005312   0x08005312   0x00000002   PAD
    0x08005314   0x08005314   0x00000024   Code   RO         4396    i.LCD_WR_REG        lcd_init.o
    0x08005338   0x08005338   0x00000024   Code   RO         4397    i.LCD_Writ_Bus      lcd_init.o
    0x0800535c   0x0800535c   0x00000014   Code   RO         4131    i.LED1_OFF          led.o
    0x08005370   0x08005370   0x00000014   Code   RO         4132    i.LED1_ON           led.o
    0x08005384   0x08005384   0x00000014   Code   RO         4133    i.LED2_OFF          led.o
    0x08005398   0x08005398   0x00000014   Code   RO         4134    i.LED2_ON           led.o
    0x080053ac   0x080053ac   0x00000014   Code   RO         4135    i.LED3_OFF          led.o
    0x080053c0   0x080053c0   0x00000014   Code   RO         4136    i.LED3_ON           led.o
    0x080053d4   0x080053d4   0x0000001a   Code   RO         4651    i.MFRC_ClrBitMask   rc522.o
    0x080053ee   0x080053ee   0x00000002   PAD
    0x080053f0   0x080053f0   0x00000020   Code   RO         4653    i.MFRC_Init         rc522.o
    0x08005410   0x08005410   0x0000003c   Code   RO         4654    i.MFRC_ReadReg      rc522.o
    0x0800544c   0x0800544c   0x0000001a   Code   RO         4655    i.MFRC_SetBitMask   rc522.o
    0x08005466   0x08005466   0x00000002   PAD
    0x08005468   0x08005468   0x00000034   Code   RO         4656    i.MFRC_WriteReg     rc522.o
    0x0800549c   0x0800549c   0x00000044   Code   RO          254    i.MX_DMA_Init       dma.o
    0x080054e0   0x080054e0   0x000001f0   Code   RO          230    i.MX_GPIO_Init      gpio.o
    0x080056d0   0x080056d0   0x0000003c   Code   RO          280    i.MX_I2C1_Init      i2c.o
    0x0800570c   0x0800570c   0x00000044   Code   RO          322    i.MX_SPI1_Init      spi.o
    0x08005750   0x08005750   0x00000044   Code   RO          323    i.MX_SPI2_Init      spi.o
    0x08005794   0x08005794   0x000000a4   Code   RO          379    i.MX_TIM2_Init      tim.o
    0x08005838   0x08005838   0x00000070   Code   RO          380    i.MX_TIM4_Init      tim.o
    0x080058a8   0x080058a8   0x00000078   Code   RO          381    i.MX_TIM5_Init      tim.o
    0x08005920   0x08005920   0x00000038   Code   RO          448    i.MX_USART1_UART_Init  usart.o
    0x08005958   0x08005958   0x00000038   Code   RO          449    i.MX_USART2_UART_Init  usart.o
    0x08005990   0x08005990   0x00000038   Code   RO          450    i.MX_USART3_UART_Init  usart.o
    0x080059c8   0x080059c8   0x00000020   Code   RO         4461    i.MYUSART_SendData  as608.o
    0x080059e8   0x080059e8   0x00000004   Code   RO          508    i.MemManage_Handler  stm32f1xx_it.o
    0x080059ec   0x080059ec   0x00000004   Code   RO          509    i.NMI_Handler       stm32f1xx_it.o
    0x080059f0   0x080059f0   0x0000000c   Code   RO         4657    i.PCD_AntennaOff    rc522.o
    0x080059fc   0x080059fc   0x0000001a   Code   RO         4658    i.PCD_AntennaOn     rc522.o
    0x08005a16   0x08005a16   0x0000000e   Code   RO         4664    i.PCD_Init_RST      rc522.o
    0x08005a24   0x08005a24   0x00000088   Code   RO         4667    i.PCD_Reset         rc522.o
    0x08005aac   0x08005aac   0x0000007c   Code   RO         4466    i.PS_HandShake      as608.o
    0x08005b28   0x08005b28   0x00000068   Code   RO         4205    i.Password_Match    key.o
    0x08005b90   0x08005b90   0x00000002   Code   RO          510    i.PendSV_Handler    stm32f1xx_it.o
    0x08005b92   0x08005b92   0x00000002   PAD
    0x08005b94   0x08005b94   0x00000028   Code   RO         1469    i.RCC_Delay         stm32f1xx_hal_rcc.o
    0x08005bbc   0x08005bbc   0x00000002   Code   RO          511    i.RCC_IRQHandler    stm32f1xx_it.o
    0x08005bbe   0x08005bbe   0x00000002   PAD
    0x08005bc0   0x08005bc0   0x00000010   Code   RO          512    i.SPI1_IRQHandler   stm32f1xx_it.o
    0x08005bd0   0x08005bd0   0x0000001c   Code   RO          324    i.SPI1_WriteByte    spi.o
    0x08005bec   0x08005bec   0x00000010   Code   RO          513    i.SPI2_IRQHandler   stm32f1xx_it.o
    0x08005bfc   0x08005bfc   0x00000024   Code   RO         4672    i.SPI2_RW_Byte      rc522.o
    0x08005c20   0x08005c20   0x00000014   Code   RO         2327    i.SPI_DMAAbortOnError  stm32f1xx_hal_spi.o
    0x08005c34   0x08005c34   0x00000028   Code   RO         2338    i.SPI_EndRxTxTransaction  stm32f1xx_hal_spi.o
    0x08005c5c   0x08005c5c   0x000000d8   Code   RO         2343    i.SPI_WaitFlagStateUntilTimeout  stm32f1xx_hal_spi.o
    0x08005d34   0x08005d34   0x0000000c   Code   RO         4398    i.SPIv_WriteData    lcd_init.o
    0x08005d40   0x08005d40   0x00000002   Code   RO          514    i.SVC_Handler       stm32f1xx_it.o
    0x08005d42   0x08005d42   0x00000002   PAD
    0x08005d44   0x08005d44   0x00000034   Code   RO         4478    i.SendAddr          as608.o
    0x08005d78   0x08005d78   0x0000001c   Code   RO         4481    i.SendHead          as608.o
    0x08005d94   0x08005d94   0x00000010   Code   RO         4861    i.Servo_CloseDoor   servo.o
    0x08005da4   0x08005da4   0x00000010   Code   RO         4863    i.Servo_Init        servo.o
    0x08005db4   0x08005db4   0x00000010   Code   RO         4864    i.Servo_OpenDoor    servo.o
    0x08005dc4   0x08005dc4   0x00000008   Code   RO          515    i.SysTick_Handler   stm32f1xx_it.o
    0x08005dcc   0x08005dcc   0x00000066   Code   RO           17    i.SystemClock_Config  main.o
    0x08005e32   0x08005e32   0x00000002   Code   RO         3969    i.SystemInit        system_stm32f1xx.o
    0x08005e34   0x08005e34   0x00000010   Code   RO          516    i.TIM2_IRQHandler   stm32f1xx_it.o
    0x08005e44   0x08005e44   0x00000010   Code   RO          517    i.TIM4_IRQHandler   stm32f1xx_it.o
    0x08005e54   0x08005e54   0x00000010   Code   RO          518    i.TIM5_IRQHandler   stm32f1xx_it.o
    0x08005e64   0x08005e64   0x0000009c   Code   RO         2706    i.TIM_Base_SetConfig  stm32f1xx_hal_tim.o
    0x08005f00   0x08005f00   0x00000022   Code   RO         2707    i.TIM_CCxChannelCmd  stm32f1xx_hal_tim.o
    0x08005f22   0x08005f22   0x00000016   Code   RO         2717    i.TIM_ETR_SetConfig  stm32f1xx_hal_tim.o
    0x08005f38   0x08005f38   0x00000012   Code   RO         2718    i.TIM_ITRx_SetConfig  stm32f1xx_hal_tim.o
    0x08005f4a   0x08005f4a   0x00000002   PAD
    0x08005f4c   0x08005f4c   0x00000070   Code   RO         2719    i.TIM_OC1_SetConfig  stm32f1xx_hal_tim.o
    0x08005fbc   0x08005fbc   0x0000007c   Code   RO         2720    i.TIM_OC2_SetConfig  stm32f1xx_hal_tim.o
    0x08006038   0x08006038   0x00000078   Code   RO         2721    i.TIM_OC3_SetConfig  stm32f1xx_hal_tim.o
    0x080060b0   0x080060b0   0x00000054   Code   RO         2722    i.TIM_OC4_SetConfig  stm32f1xx_hal_tim.o
    0x08006104   0x08006104   0x00000026   Code   RO         2724    i.TIM_TI1_ConfigInputStage  stm32f1xx_hal_tim.o
    0x0800612a   0x0800612a   0x00000002   PAD
    0x0800612c   0x0800612c   0x0000007c   Code   RO         2725    i.TIM_TI1_SetConfig  stm32f1xx_hal_tim.o
    0x080061a8   0x080061a8   0x00000028   Code   RO         2726    i.TIM_TI2_ConfigInputStage  stm32f1xx_hal_tim.o
    0x080061d0   0x080061d0   0x0000003a   Code   RO         2727    i.TIM_TI2_SetConfig  stm32f1xx_hal_tim.o
    0x0800620a   0x0800620a   0x00000038   Code   RO         2728    i.TIM_TI3_SetConfig  stm32f1xx_hal_tim.o
    0x08006242   0x08006242   0x0000003c   Code   RO         2729    i.TIM_TI4_SetConfig  stm32f1xx_hal_tim.o
    0x0800627e   0x0800627e   0x00000014   Code   RO         3638    i.UART_DMAAbortOnError  stm32f1xx_hal_uart.o
    0x08006292   0x08006292   0x00000050   Code   RO         3639    i.UART_DMAError     stm32f1xx_hal_uart.o
    0x080062e2   0x080062e2   0x000000b4   Code   RO         3640    i.UART_DMAReceiveCplt  stm32f1xx_hal_uart.o
    0x08006396   0x08006396   0x00000024   Code   RO         3642    i.UART_DMARxHalfCplt  stm32f1xx_hal_uart.o
    0x080063ba   0x080063ba   0x0000006c   Code   RO         3648    i.UART_EndRxTransfer  stm32f1xx_hal_uart.o
    0x08006426   0x08006426   0x00000020   Code   RO         3649    i.UART_EndTransmit_IT  stm32f1xx_hal_uart.o
    0x08006446   0x08006446   0x00000026   Code   RO         3650    i.UART_EndTxTransfer  stm32f1xx_hal_uart.o
    0x0800646c   0x0800646c   0x000000fc   Code   RO         3651    i.UART_Receive_IT   stm32f1xx_hal_uart.o
    0x08006568   0x08006568   0x000000fc   Code   RO         3652    i.UART_SetConfig    stm32f1xx_hal_uart.o
    0x08006664   0x08006664   0x000000c8   Code   RO         3653    i.UART_Start_Receive_DMA  stm32f1xx_hal_uart.o
    0x0800672c   0x0800672c   0x00000040   Code   RO         3654    i.UART_Start_Receive_IT  stm32f1xx_hal_uart.o
    0x0800676c   0x0800676c   0x00000060   Code   RO         3655    i.UART_Transmit_IT  stm32f1xx_hal_uart.o
    0x080067cc   0x080067cc   0x00000092   Code   RO         3656    i.UART_WaitOnFlagUntilTimeout  stm32f1xx_hal_uart.o
    0x0800685e   0x0800685e   0x00000002   PAD
    0x08006860   0x08006860   0x00000010   Code   RO          519    i.USART1_IRQHandler  stm32f1xx_it.o
    0x08006870   0x08006870   0x00000058   Code   RO          520    i.USART2_IRQHandler  stm32f1xx_it.o
    0x080068c8   0x080068c8   0x00000014   Code   RO          521    i.USART3_IRQHandler  stm32f1xx_it.o
    0x080068dc   0x080068dc   0x00000004   Code   RO          522    i.UsageFault_Handler  stm32f1xx_it.o
    0x080068e0   0x080068e0   0x00000224   Code   RO         4206    i.Write_PassWord    key.o
    0x08006b04   0x08006b04   0x00000020   Code   RO         5257    i.__0printf         mc_w.l(printfa.o)
    0x08006b24   0x08006b24   0x00000010   Code   RO         1776    i.__NVIC_GetPriorityGrouping  stm32f1xx_hal_cortex.o
    0x08006b34   0x08006b34   0x00000028   Code   RO         1777    i.__NVIC_SetPriority  stm32f1xx_hal_cortex.o
    0x08006b5c   0x08006b5c   0x0000000e   Code   RO         5345    i.__scatterload_copy  mc_w.l(handlers.o)
    0x08006b6a   0x08006b6a   0x00000002   Code   RO         5346    i.__scatterload_null  mc_w.l(handlers.o)
    0x08006b6c   0x08006b6c   0x0000000e   Code   RO         5347    i.__scatterload_zeroinit  mc_w.l(handlers.o)
    0x08006b7a   0x08006b7a   0x00000002   PAD
    0x08006b7c   0x08006b7c   0x00000184   Code   RO         5264    i._fp_digits        mc_w.l(printfa.o)
    0x08006d00   0x08006d00   0x000006dc   Code   RO         5265    i._printf_core      mc_w.l(printfa.o)
    0x080073dc   0x080073dc   0x00000024   Code   RO         5266    i._printf_post_padding  mc_w.l(printfa.o)
    0x08007400   0x08007400   0x0000002e   Code   RO         5267    i._printf_pre_padding  mc_w.l(printfa.o)
    0x0800742e   0x0800742e   0x00000002   PAD
    0x08007430   0x08007430   0x0000001c   Code   RO         4045    i.fputc             uart_redefine.o
    0x0800744c   0x0800744c   0x0000019c   Code   RO           18    i.main              main.o
    0x080075e8   0x080075e8   0x00000016   Code   RO         4282    i.mypow             lcd.o
    0x080075fe   0x080075fe   0x00000012   Data   RO         1470    .constdata          stm32f1xx_hal_rcc.o
    0x08007610   0x08007610   0x00000018   Data   RO         3970    .constdata          system_stm32f1xx.o
    0x08007628   0x08007628   0x0000459c   Data   RO         4283    .constdata          lcd.o
    0x0800bbc4   0x0800bbc4   0x00000020   Data   RO         5343    Region$$Table       anon$$obj.o


    Execution Region RW_IRAM1 (Exec base: 0x20000000, Load base: 0x0800bbe4, Size: 0x00000920, Max: 0x00010000, ABSOLUTE)

    Exec Addr    Load Addr    Size         Type   Attr      Idx    E Section Name        Object

    0x20000000   0x0800bbe4   0x0000001d   Data   RW           20    .data               main.o
    0x2000001d   0x0800bc01   0x00000003   PAD
    0x20000020   0x0800bc04   0x00000009   Data   RW         1306    .data               stm32f1xx_hal.o
    0x20000029   0x0800bc0d   0x00000003   PAD
    0x2000002c   0x0800bc10   0x00000004   Data   RW         3971    .data               system_stm32f1xx.o
    0x20000030   0x0800bc14   0x00000010   Data   RW         4208    .data               key.o
    0x20000040   0x0800bc24   0x00000012   Data   RW         4487    .data               as608.o
    0x20000052   0x0800bc36   0x00000006   Data   RW         4674    .data               rc522.o
    0x20000058   0x0800bc3c   0x00000004   Data   RW         5323    .data               mc_w.l(stdout.o)
    0x2000005c        -       0x00000054   Zero   RW          281    .bss                i2c.o
    0x200000b0        -       0x000000b0   Zero   RW          325    .bss                spi.o
    0x20000160        -       0x000000d8   Zero   RW          382    .bss                tim.o
    0x20000238        -       0x00000160   Zero   RW          451    .bss                usart.o
    0x20000398        -       0x00000010   Zero   RW         4207    .bss                key.o
    0x200003a8        -       0x000000d4   Zero   RW         4486    .bss                as608.o
    0x2000047c        -       0x00000064   Zero   RW         4821    .bss                hc05.o
    0x200004e0        -       0x00000040   Zero   RW         4930    .bss                hcsr04.o
    0x20000520        -       0x00000400   Zero   RW            1    STACK               startup_stm32f103xe.o


==============================================================================

Image component sizes


      Code (inc. data)   RO Data    RW Data    ZI Data      Debug   Object Name

       352         48          0         18        212       4801   as608.o
        70          0          0          0          0        962   delay.o
        68          4          0          0          0        798   dma.o
       496         26          0          0          0       1227   gpio.o
       160         40          0          0        100       2247   hc05.o
       780         34          0          0         64       5032   hcsr04.o
       208         24          0          0         84       1721   i2c.o
      1096        118          0         16         16       3885   key.o
       730         26      17820          0          0       7227   lcd.o
       716         18          0          0          0       4063   lcd_init.o
       120         36          0          0          0       2703   led.o
       776        238          0         29          0     503341   main.o
       420         34          0          6          0       5948   rc522.o
        48         16          0          0          0       1352   servo.o
       444         44          0          0        176       2979   spi.o
        36          8        304          0       1024        812   startup_stm32f103xe.o
       152         32          0          9          0       5949   stm32f1xx_hal.o
       304         22          0          0          0      29479   stm32f1xx_hal_cortex.o
      1778         28          0          0          0       5925   stm32f1xx_hal_dma.o
       860         40          0          0          0       3367   stm32f1xx_hal_gpio.o
         0          0          0          0          0     495928   stm32f1xx_hal_gpio_ex.o
      4800         54          0          0          0      24629   stm32f1xx_hal_i2c.o
       100          8          0          0          0        954   stm32f1xx_hal_msp.o
      1748         98         18          0          0       6040   stm32f1xx_hal_rcc.o
      1796         10          0          0          0       7893   stm32f1xx_hal_spi.o
      3330        144          0          0          0      21770   stm32f1xx_hal_tim.o
       160         22          0          0          0       2469   stm32f1xx_hal_tim_ex.o
      2636         22          0          0          0      17086   stm32f1xx_hal_uart.o
       332         84          0          0          0      11727   stm32f1xx_it.o
         2          0         24          4          0       1143   system_stm32f1xx.o
       728         52          0          0        216       4503   tim.o
        28          6          0          0          0        544   uart_redefine.o
       684         68          0          0        352       3314   usart.o

    ----------------------------------------------------------------------
     25994       1404      18198         88       2244    1191818   Object Totals
         0          0         32          0          0          0   (incl. Generated)
        36          0          0          6          0          0   (incl. Padding)

    ----------------------------------------------------------------------

      Code (inc. data)   RO Data    RW Data    ZI Data      Debug   Library Member Name

         0          0          0          0          0          0   entry.o
         0          0          0          0          0          0   entry10a.o
         0          0          0          0          0          0   entry11a.o
         8          4          0          0          0          0   entry2.o
         4          0          0          0          0          0   entry5.o
         0          0          0          0          0          0   entry7b.o
         0          0          0          0          0          0   entry8b.o
         8          4          0          0          0          0   entry9a.o
        30          0          0          0          0          0   handlers.o
        36          8          0          0          0         68   init.o
         0          0          0          0          0          0   iusefp.o
        30          0          0          0          0         68   llshl.o
        36          0          0          0          0         68   llsshr.o
        32          0          0          0          0         68   llushr.o
        26          0          0          0          0         80   memcmp.o
        36          0          0          0          0        108   memseta.o
      2258         90          0          0          0        452   printfa.o
         0          0          0          4          0          0   stdout.o
        44          0          0          0          0         80   uidiv.o
        98          0          0          0          0         92   uldiv.o
        48          0          0          0          0         68   cdrcmple.o
        56          0          0          0          0         88   d2f.o
       334          0          0          0          0        148   dadd.o
       222          0          0          0          0        100   ddiv.o
       186          0          0          0          0        176   depilogue.o
        48          0          0          0          0         68   dfixul.o
        26          0          0          0          0         76   dfltui.o
       228          0          0          0          0         96   dmul.o
       110          0          0          0          0        168   fepilogue.o

    ----------------------------------------------------------------------
      3908        106          0          4          0       2072   Library Totals
         4          0          0          0          0          0   (incl. Padding)

    ----------------------------------------------------------------------

      Code (inc. data)   RO Data    RW Data    ZI Data      Debug   Library Name

      2646        106          0          4          0       1084   mc_w.l
      1258          0          0          0          0        988   mf_w.l

    ----------------------------------------------------------------------
      3908        106          0          4          0       2072   Library Totals

    ----------------------------------------------------------------------

==============================================================================


      Code (inc. data)   RO Data    RW Data    ZI Data      Debug   

     29902       1510      18198         92       2244    1181458   Grand Totals
     29902       1510      18198         92       2244    1181458   ELF Image Totals
     29902       1510      18198         92          0          0   ROM Totals

==============================================================================

    Total RO  Size (Code + RO Data)                48100 (  46.97kB)
    Total RW  Size (RW Data + ZI Data)              2336 (   2.28kB)
    Total ROM Size (Code + RO Data + RW Data)      48192 (  47.06kB)

==============================================================================

