Component: ARM Compiler 5.06 update 5 (build 528) Tool: armlink [4d35e2]

==============================================================================

Section Cross References

    startup_stm32f103xe.o(RESET) refers to startup_stm32f103xe.o(STACK) for __initial_sp
    startup_stm32f103xe.o(RESET) refers to startup_stm32f103xe.o(.text) for Reset_Handler
    startup_stm32f103xe.o(RESET) refers to stm32f1xx_it.o(i.NMI_Handler) for NMI_Handler
    startup_stm32f103xe.o(RESET) refers to stm32f1xx_it.o(i.HardFault_Handler) for HardFault_Handler
    startup_stm32f103xe.o(RESET) refers to stm32f1xx_it.o(i.MemManage_Handler) for MemManage_Handler
    startup_stm32f103xe.o(RESET) refers to stm32f1xx_it.o(i.BusFault_Handler) for BusFault_Handler
    startup_stm32f103xe.o(RESET) refers to stm32f1xx_it.o(i.UsageFault_Handler) for UsageFault_Handler
    startup_stm32f103xe.o(RESET) refers to stm32f1xx_it.o(i.SVC_Handler) for SVC_Handler
    startup_stm32f103xe.o(RESET) refers to stm32f1xx_it.o(i.DebugMon_Handler) for DebugMon_Handler
    startup_stm32f103xe.o(RESET) refers to stm32f1xx_it.o(i.PendSV_Handler) for PendSV_Handler
    startup_stm32f103xe.o(RESET) refers to stm32f1xx_it.o(i.SysTick_Handler) for SysTick_Handler
    startup_stm32f103xe.o(RESET) refers to stm32f1xx_it.o(i.RCC_IRQHandler) for RCC_IRQHandler
    startup_stm32f103xe.o(RESET) refers to stm32f1xx_it.o(i.DMA1_Channel2_IRQHandler) for DMA1_Channel2_IRQHandler
    startup_stm32f103xe.o(RESET) refers to stm32f1xx_it.o(i.DMA1_Channel3_IRQHandler) for DMA1_Channel3_IRQHandler
    startup_stm32f103xe.o(RESET) refers to stm32f1xx_it.o(i.TIM2_IRQHandler) for TIM2_IRQHandler
    startup_stm32f103xe.o(RESET) refers to stm32f1xx_it.o(i.TIM4_IRQHandler) for TIM4_IRQHandler
    startup_stm32f103xe.o(RESET) refers to stm32f1xx_it.o(i.I2C1_EV_IRQHandler) for I2C1_EV_IRQHandler
    startup_stm32f103xe.o(RESET) refers to stm32f1xx_it.o(i.I2C1_ER_IRQHandler) for I2C1_ER_IRQHandler
    startup_stm32f103xe.o(RESET) refers to stm32f1xx_it.o(i.SPI1_IRQHandler) for SPI1_IRQHandler
    startup_stm32f103xe.o(RESET) refers to stm32f1xx_it.o(i.SPI2_IRQHandler) for SPI2_IRQHandler
    startup_stm32f103xe.o(RESET) refers to stm32f1xx_it.o(i.USART1_IRQHandler) for USART1_IRQHandler
    startup_stm32f103xe.o(RESET) refers to stm32f1xx_it.o(i.USART2_IRQHandler) for USART2_IRQHandler
    startup_stm32f103xe.o(RESET) refers to stm32f1xx_it.o(i.USART3_IRQHandler) for USART3_IRQHandler
    startup_stm32f103xe.o(RESET) refers to stm32f1xx_it.o(i.TIM5_IRQHandler) for TIM5_IRQHandler
    startup_stm32f103xe.o(.text) refers to system_stm32f1xx.o(i.SystemInit) for SystemInit
    startup_stm32f103xe.o(.text) refers to entry.o(.ARM.Collect$$$$00000000) for __main
    main.o(i.Door_Close) refers to led.o(i.LED1_OFF) for LED1_OFF
    main.o(i.Door_Close) refers to led.o(i.LED2_ON) for LED2_ON
    main.o(i.Door_Close) refers to led.o(i.LED3_OFF) for LED3_OFF
    main.o(i.Door_Close) refers to delay.o(i.Delay_ms) for Delay_ms
    main.o(i.Door_Close) refers to lcd.o(i.LCD_ShowString) for LCD_ShowString
    main.o(i.Door_Close) refers to servo.o(i.Servo_CloseDoor) for Servo_CloseDoor
    main.o(i.Door_Error) refers to led.o(i.LED1_ON) for LED1_ON
    main.o(i.Door_Error) refers to led.o(i.LED2_OFF) for LED2_OFF
    main.o(i.Door_Error) refers to led.o(i.LED3_OFF) for LED3_OFF
    main.o(i.Door_Error) refers to delay.o(i.Delay_ms) for Delay_ms
    main.o(i.Door_Error) refers to lcd.o(i.LCD_Fill) for LCD_Fill
    main.o(i.Door_Error) refers to lcd.o(i.LCD_ShowString) for LCD_ShowString
    main.o(i.Door_Open) refers to led.o(i.LED1_OFF) for LED1_OFF
    main.o(i.Door_Open) refers to led.o(i.LED2_OFF) for LED2_OFF
    main.o(i.Door_Open) refers to led.o(i.LED3_ON) for LED3_ON
    main.o(i.Door_Open) refers to delay.o(i.Delay_ms) for Delay_ms
    main.o(i.Door_Open) refers to lcd.o(i.LCD_Fill) for LCD_Fill
    main.o(i.Door_Open) refers to lcd.o(i.LCD_ShowString) for LCD_ShowString
    main.o(i.Door_Open) refers to servo.o(i.Servo_OpenDoor) for Servo_OpenDoor
    main.o(i.SystemClock_Config) refers to memseta.o(.text) for __aeabi_memclr4
    main.o(i.SystemClock_Config) refers to stm32f1xx_hal_rcc.o(i.HAL_RCC_OscConfig) for HAL_RCC_OscConfig
    main.o(i.SystemClock_Config) refers to main.o(i.Error_Handler) for Error_Handler
    main.o(i.SystemClock_Config) refers to stm32f1xx_hal_rcc.o(i.HAL_RCC_ClockConfig) for HAL_RCC_ClockConfig
    main.o(i.main) refers to stm32f1xx_hal.o(i.HAL_Init) for HAL_Init
    main.o(i.main) refers to main.o(i.SystemClock_Config) for SystemClock_Config
    main.o(i.main) refers to gpio.o(i.MX_GPIO_Init) for MX_GPIO_Init
    main.o(i.main) refers to dma.o(i.MX_DMA_Init) for MX_DMA_Init
    main.o(i.main) refers to i2c.o(i.MX_I2C1_Init) for MX_I2C1_Init
    main.o(i.main) refers to spi.o(i.MX_SPI1_Init) for MX_SPI1_Init
    main.o(i.main) refers to spi.o(i.MX_SPI2_Init) for MX_SPI2_Init
    main.o(i.main) refers to usart.o(i.MX_USART1_UART_Init) for MX_USART1_UART_Init
[...]
    UART_DMAReceiveCplt                      0x08008427   Thumb Code   180  stm32f1xx_hal_uart.o(i.UART_DMAReceiveCplt)
    i.UART_DMARxHalfCplt                     0x080084da   Section        0  stm32f1xx_hal_uart.o(i.UART_DMARxHalfCplt)
    UART_DMARxHalfCplt                       0x080084db   Thumb Code    36  stm32f1xx_hal_uart.o(i.UART_DMARxHalfCplt)
    i.UART_EndRxTransfer                     0x080084fe   Section        0  stm32f1xx_hal_uart.o(i.UART_EndRxTransfer)
    UART_EndRxTransfer                       0x080084ff   Thumb Code   108  stm32f1xx_hal_uart.o(i.UART_EndRxTransfer)
    i.UART_EndTransmit_IT                    0x0800856a   Section        0  stm32f1xx_hal_uart.o(i.UART_EndTransmit_IT)
    UART_EndTransmit_IT                      0x0800856b   Thumb Code    32  stm32f1xx_hal_uart.o(i.UART_EndTransmit_IT)
    i.UART_EndTxTransfer                     0x0800858a   Section        0  stm32f1xx_hal_uart.o(i.UART_EndTxTransfer)
    UART_EndTxTransfer                       0x0800858b   Thumb Code    38  stm32f1xx_hal_uart.o(i.UART_EndTxTransfer)
    i.UART_Receive_IT                        0x080085b0   Section        0  stm32f1xx_hal_uart.o(i.UART_Receive_IT)
    UART_Receive_IT                          0x080085b1   Thumb Code   252  stm32f1xx_hal_uart.o(i.UART_Receive_IT)
    i.UART_SetConfig                         0x080086ac   Section        0  stm32f1xx_hal_uart.o(i.UART_SetConfig)
    UART_SetConfig                           0x080086ad   Thumb Code   248  stm32f1xx_hal_uart.o(i.UART_SetConfig)
    i.UART_Start_Receive_DMA                 0x080087a8   Section        0  stm32f1xx_hal_uart.o(i.UART_Start_Receive_DMA)
    i.UART_Start_Receive_IT                  0x08008870   Section        0  stm32f1xx_hal_uart.o(i.UART_Start_Receive_IT)
    i.UART_Transmit_IT                       0x080088b0   Section        0  stm32f1xx_hal_uart.o(i.UART_Transmit_IT)
    UART_Transmit_IT                         0x080088b1   Thumb Code    96  stm32f1xx_hal_uart.o(i.UART_Transmit_IT)
    i.UART_WaitOnFlagUntilTimeout            0x08008910   Section        0  stm32f1xx_hal_uart.o(i.UART_WaitOnFlagUntilTimeout)
    UART_WaitOnFlagUntilTimeout              0x08008911   Thumb Code   146  stm32f1xx_hal_uart.o(i.UART_WaitOnFlagUntilTimeout)
    i.USART1_IRQHandler                      0x080089a4   Section        0  stm32f1xx_it.o(i.USART1_IRQHandler)
    i.USART2_IRQHandler                      0x080089b4   Section        0  stm32f1xx_it.o(i.USART2_IRQHandler)
    i.USART3_IRQHandler                      0x080089c8   Section        0  stm32f1xx_it.o(i.USART3_IRQHandler)
    i.UsageFault_Handler                     0x080089dc   Section        0  stm32f1xx_it.o(i.UsageFault_Handler)
    i.Write_PassWord                         0x080089e0   Section        0  key.o(i.Write_PassWord)
    i.__0printf                              0x08008c04   Section        0  printfa.o(i.__0printf)
    i.__0sprintf                             0x08008c24   Section        0  printfa.o(i.__0sprintf)
    i.__NVIC_GetPriorityGrouping             0x08008c4c   Section        0  stm32f1xx_hal_cortex.o(i.__NVIC_GetPriorityGrouping)
    __NVIC_GetPriorityGrouping               0x08008c4d   Thumb Code    10  stm32f1xx_hal_cortex.o(i.__NVIC_GetPriorityGrouping)
    i.__NVIC_SetPriority                     0x08008c5c   Section        0  stm32f1xx_hal_cortex.o(i.__NVIC_SetPriority)
    __NVIC_SetPriority                       0x08008c5d   Thumb Code    32  stm32f1xx_hal_cortex.o(i.__NVIC_SetPriority)
    i.__scatterload_copy                     0x08008c84   Section       14  handlers.o(i.__scatterload_copy)
    i.__scatterload_null                     0x08008c92   Section        2  handlers.o(i.__scatterload_null)
    i.__scatterload_zeroinit                 0x08008c94   Section       14  handlers.o(i.__scatterload_zeroinit)
    i._fp_digits                             0x08008ca4   Section        0  printfa.o(i._fp_digits)
    _fp_digits                               0x08008ca5   Thumb Code   366  printfa.o(i._fp_digits)
    i._printf_core                           0x08008e28   Section        0  printfa.o(i._printf_core)
    _printf_core                             0x08008e29   Thumb Code  1744  printfa.o(i._printf_core)
    i._printf_post_padding                   0x08009504   Section        0  printfa.o(i._printf_post_padding)
    _printf_post_padding                     0x08009505   Thumb Code    36  printfa.o(i._printf_post_padding)
    i._printf_pre_padding                    0x08009528   Section        0  printfa.o(i._printf_pre_padding)
    _printf_pre_padding                      0x08009529   Thumb Code    46  printfa.o(i._printf_pre_padding)
    i._sputc                                 0x08009556   Section        0  printfa.o(i._sputc)
    _sputc                                   0x08009557   Thumb Code    10  printfa.o(i._sputc)
    i.fputc                                  0x08009560   Section        0  uart_redefine.o(i.fputc)
    i.main                                   0x0800957c   Section        0  main.o(i.main)
    i.mypow                                  0x080097a0   Section        0  lcd.o(i.mypow)
    .constdata                               0x080097b6   Section       18  stm32f1xx_hal_rcc.o(.constdata)
    aPLLMULFactorTable                       0x080097b6   Data          16  stm32f1xx_hal_rcc.o(.constdata)
    aPredivFactorTable                       0x080097c6   Data           2  stm32f1xx_hal_rcc.o(.constdata)
    .constdata                               0x080097c8   Section       24  system_stm32f1xx.o(.constdata)
    .constdata                               0x080097e0   Section    17820  lcd.o(.constdata)
    .data                                    0x20000000   Section        8  main.o(.data)
    Task                                     0x20000000   Data           1  main.o(.data)
    .data                                    0x20000008   Section        9  stm32f1xx_hal.o(.data)
    .data                                    0x20000014   Section        4  system_stm32f1xx.o(.data)
    .data                                    0x20000018   Section       16  key.o(.data)
    .data                                    0x20000028   Section       18  as608.o(.data)
    .data                                    0x2000003a   Section       40  rc522.o(.data)
    .data                                    0x20000064   Section        8  hc05.o(.data)
    BlueTooth_State                          0x20000068   Data           4  hc05.o(.data)
    .data                                    0x2000006c   Section        4  stdout.o(.data)
    .bss                                     0x20000070   Section       84  i2c.o(.bss)
    .bss                                     0x200000c4   Section      176  spi.o(.bss)
    .bss                                     0x20000174   Section      216  tim.o(.bss)
    .bss                                     0x2000024c   Section      352  usart.o(.bss)
    .bss                                     0x200003b0   Section       32  stm32f1xx_hal_flash.o(.bss)
    .bss                                     0x200003d0   Section     2080  stmflash.o(.bss)
    .bss                                     0x20000bf0   Section       32  key.o(.bss)
    .bss                                     0x20000c10   Section      212  as608.o(.bss)
    .bss                                     0x20000ce4   Section      100  hc05.o(.bss)
    .bss                                     0x20000d48   Section       64  hcsr04.o(.bss)
    STACK                                    0x20000d88   Section     1024  startup_stm32f103xe.o(STACK)

    Global Symbols

    Symbol Name                              Value     Ov Type        Size  Object(Section)

    BuildAttributes$$THM_ISAv4$P$D$K$B$S$PE$A:L22UL41UL21$X:L11$S22US41US21$IEEE1$IW$USESV6$~STKCKD$USESV7$~SHL$OTIME$ROPI$EBA8$MICROLIB$REQ8$PRES8$EABIv2 0x00000000   Number         0  anon$$obj.o ABSOLUTE
    __ARM_use_no_argv                        0x00000000   Number         0  main.o ABSOLUTE
    _printf_a                                0x00000000   Number         0  stubs.o ABSOLUTE
    _printf_c                                0x00000000   Number         0  stubs.o ABSOLUTE
    _printf_charcount                        0x00000000   Number         0  stubs.o ABSOLUTE
    _printf_d                                0x00000000   Number         0  stubs.o ABSOLUTE
    _printf_e                                0x00000000   Number         0  stubs.o ABSOLUTE
    _printf_f                                0x00000000   Number         0  stubs.o ABSOLUTE
    _printf_flags                            0x00000000   Number         0  stubs.o ABSOLUTE
    _printf_fp_dec                           0x00000000   Number         0  stubs.o ABSOLUTE
    _printf_fp_hex                           0x00000000   Number         0  stubs.o ABSOLUTE
    _printf_g                                0x00000000   Number         0  stubs.o ABSOLUTE
    _printf_i                                0x00000000   Number         0  stubs.o ABSOLUTE
    _printf_int_dec                          0x00000000   Number         0  stubs.o ABSOLUTE
    _printf_l                                0x00000000   Number         0  stubs.o ABSOLUTE
    _printf_lc                               0x00000000   Number         0  stubs.o ABSOLUTE
    _printf_ll                               0x00000000   Number         0  stubs.o ABSOLUTE
    _printf_lld                              0x00000000   Number         0  stubs.o ABSOLUTE
    _printf_lli                              0x00000000   Number         0  stubs.o ABSOLUTE
    _printf_llo                              0x00000000   Number         0  stubs.o ABSOLUTE
    _printf_llu                              0x00000000   Number         0  stubs.o ABSOLUTE
    _printf_llx                              0x00000000   Number         0  stubs.o ABSOLUTE
    _printf_longlong_dec                     0x00000000   Number         0  stubs.o ABSOLUTE
    _printf_longlong_hex                     0x00000000   Number         0  stubs.o ABSOLUTE
    _printf_longlong_oct                     0x00000000   Number         0  stubs.o ABSOLUTE
    _printf_ls                               0x00000000   Number         0  stubs.o ABSOLUTE
    _printf_mbtowc                           0x00000000   Number         0  stubs.o ABSOLUTE
    _printf_n                                0x00000000   Number         0  stubs.o ABSOLUTE
    _printf_o                                0x00000000   Number         0  stubs.o ABSOLUTE
    _printf_p                                0x00000000   Number         0  stubs.o ABSOLUTE
    _printf_percent                          0x00000000   Number         0  stubs.o ABSOLUTE
    _printf_pre_padding                      0x00000000   Number         0  stubs.o ABSOLUTE
    _printf_return_value                     0x00000000   Number         0  stubs.o ABSOLUTE
    _printf_s                                0x00000000   Number         0  stubs.o ABSOLUTE
    _printf_sizespec                         0x00000000   Number         0  stubs.o ABSOLUTE
    _printf_str                              0x00000000   Number         0  stubs.o ABSOLUTE
    _printf_truncate_signed                  0x00000000   Number         0  stubs.o ABSOLUTE
    _printf_truncate_unsigned                0x00000000   Number         0  stubs.o ABSOLUTE
    _printf_u                                0x00000000   Number         0  stubs.o ABSOLUTE
    _printf_wc                               0x00000000   Number         0  stubs.o ABSOLUTE
    _printf_wctomb                           0x00000000   Number         0  stubs.o ABSOLUTE
    _printf_widthprec                        0x00000000   Number         0  stubs.o ABSOLUTE
    _printf_x                                0x00000000   Number         0  stubs.o ABSOLUTE
    __cpp_initialize__aeabi_                  - Undefined Weak Reference
    __cxa_finalize                            - Undefined Weak Reference
    __decompress                              - Undefined Weak Reference
    _clock_init                               - Undefined Weak Reference
    _microlib_exit                            - Undefined Weak Reference
    __Vectors_Size                           0x00000130   Number         0  startup_stm32f103xe.o ABSOLUTE
    __Vectors                                0x08000000   Data           4  startup_stm32f103xe.o(RESET)
    __Vectors_End                            0x08000130   Data           0  startup_stm32f103xe.o(RESET)
    __main                                   0x08000131   Thumb Code     0  entry.o(.ARM.Collect$$$$00000000)
    _main_stk                                0x08000131   Thumb Code     0  entry2.o(.ARM.Collect$$$$00000001)
    _main_scatterload                        0x08000135   Thumb Code     0  entry5.o(.ARM.Collect$$$$00000004)
    __main_after_scatterload                 0x08000139   Thumb Code     0  entry5.o(.ARM.Collect$$$$00000004)
    _main_clock                              0x08000139   Thumb Code     0  entry7b.o(.ARM.Collect$$$$00000008)
    _main_cpp_init                           0x08000139   Thumb Code     0  entry8b.o(.ARM.Collect$$$$0000000A)
    _main_init                               0x08000139   Thumb Code     0  entry9a.o(.ARM.Collect$$$$0000000B)
    __rt_final_cpp                           0x08000141   Thumb Code     0  entry10a.o(.ARM.Collect$$$$0000000D)
    __rt_final_exit                          0x08000141   Thumb Code     0  entry11a.o(.ARM.Collect$$$$0000000F)
    Reset_Handler                            0x08000145   Thumb Code     8  startup_stm32f103xe.o(.text)
    ADC1_2_IRQHandler                        0x0800015f   Thumb Code     0  startup_stm32f103xe.o(.text)
    ADC3_IRQHandler                          0x0800015f   Thumb Code     0  startup_stm32f103xe.o(.text)
    CAN1_RX1_IRQHandler                      0x0800015f   Thumb Code     0  startup_stm32f103xe.o(.text)
    CAN1_SCE_IRQHandler                      0x0800015f   Thumb Code     0  startup_stm32f103xe.o(.text)
    DMA1_Channel1_IRQHandler                 0x0800015f   Thumb Code     0  startup_stm32f103xe.o(.text)
    DMA1_Channel4_IRQHandler                 0x0800015f   Thumb Code     0  startup_stm32f103xe.o(.text)
    DMA1_Channel5_IRQHandler                 0x0800015f   Thumb Code     0  startup_stm32f103xe.o(.text)
    DMA1_Channel6_IRQHandler                 0x0800015f   Thumb Code     0  startup_stm32f103xe.o(.text)
    DMA1_Channel7_IRQHandler                 0x0800015f   Thumb Code     0  startup_stm32f103xe.o(.text)
    DMA2_Channel1_IRQHandler                 0x0800015f   Thumb Code     0  startup_stm32f103xe.o(.text)
    DMA2_Channel2_IRQHandler                 0x0800015f   Thumb Code     0  startup_stm32f103xe.o(.text)
    DMA2_Channel3_IRQHandler                 0x0800015f   Thumb Code     0  startup_stm32f103xe.o(.text)
    DMA2_Channel4_5_IRQHandler               0x0800015f   Thumb Code     0  startup_stm32f103xe.o(.text)
    EXTI0_IRQHandler                         0x0800015f   Thumb Code     0  startup_stm32f103xe.o(.text)
    EXTI15_10_IRQHandler                     0x0800015f   Thumb Code     0  startup_stm32f103xe.o(.text)
    EXTI1_IRQHandler                         0x0800015f   Thumb Code     0  startup_stm32f103xe.o(.text)
    EXTI2_IRQHandler                         0x0800015f   Thumb Code     0  startup_stm32f103xe.o(.text)
    EXTI3_IRQHandler                         0x0800015f   Thumb Code     0  startup_stm32f103xe.o(.text)
    EXTI4_IRQHandler                         0x0800015f   Thumb Code     0  startup_stm32f103xe.o(.text)
    EXTI9_5_IRQHandler                       0x0800015f   Thumb Code     0  startup_stm32f103xe.o(.text)
    FLASH_IRQHandler                         0x0800015f   Thumb Code     0  startup_stm32f103xe.o(.text)
    FSMC_IRQHandler                          0x0800015f   Thumb Code     0  startup_stm32f103xe.o(.text)
    I2C2_ER_IRQHandler                       0x0800015f   Thumb Code     0  startup_stm32f103xe.o(.text)
    I2C2_EV_IRQHandler                       0x0800015f   Thumb Code     0  startup_stm32f103xe.o(.text)
    PVD_IRQHandler                           0x0800015f   Thumb Code     0  startup_stm32f103xe.o(.text)
    RTC_Alarm_IRQHandler                     0x0800015f   Thumb Code     0  startup_stm32f103xe.o(.text)
    RTC_IRQHandler                           0x0800015f   Thumb Code     0  startup_stm32f103xe.o(.text)
    SDIO_IRQHandler                          0x0800015f   Thumb Code     0  startup_stm32f103xe.o(.text)
    SPI3_IRQHandler                          0x0800015f   Thumb Code     0  startup_stm32f103xe.o(.text)
    TAMPER_IRQHandler                        0x0800015f   Thumb Code     0  startup_stm32f103xe.o(.text)
    TIM1_BRK_IRQHandler                      0x0800015f   Thumb Code     0  startup_stm32f103xe.o(.text)
    TIM1_CC_IRQHandler                       0x0800015f   Thumb Code     0  startup_stm32f103xe.o(.text)
    TIM1_TRG_COM_IRQHandler                  0x0800015f   Thumb Code     0  startup_stm32f103xe.o(.text)
    TIM1_UP_IRQHandler                       0x0800015f   Thumb Code     0  startup_stm32f103xe.o(.text)
    TIM3_IRQHandler                          0x0800015f   Thumb Code     0  startup_stm32f103xe.o(.text)
    TIM6_IRQHandler                          0x0800015f   Thumb Code     0  startup_stm32f103xe.o(.text)
    TIM7_IRQHandler                          0x0800015f   Thumb Code     0  startup_stm32f103xe.o(.text)
    TIM8_BRK_IRQHandler                      0x0800015f   Thumb Code     0  startup_stm32f103xe.o(.text)
    TIM8_CC_IRQHandler                       0x0800015f   Thumb Code     0  startup_stm32f103xe.o(.text)
    TIM8_TRG_COM_IRQHandler                  0x0800015f   Thumb Code     0  startup_stm32f103xe.o(.text)
    TIM8_UP_IRQHandler                       0x0800015f   Thumb Code     0  startup_stm32f103xe.o(.text)
    UART4_IRQHandler                         0x0800015f   Thumb Code     0  startup_stm32f103xe.o(.text)
    UART5_IRQHandler                         0x0800015f   Thumb Code     0  startup_stm32f103xe.o(.text)
    USBWakeUp_IRQHandler                     0x0800015f   Thumb Code     0  startup_stm32f103xe.o(.text)
    USB_HP_CAN1_TX_IRQHandler                0x0800015f   Thumb Code     0  startup_stm32f103xe.o(.text)
    USB_LP_CAN1_RX0_IRQHandler               0x0800015f   Thumb Code     0  startup_stm32f103xe.o(.text)
    WWDG_IRQHandler                          0x0800015f   Thumb Code     0  startup_stm32f103xe.o(.text)
    __aeabi_llsr                             0x08000169   Thumb Code    32  llushr.o(.text)
    _ll_ushift_r                             0x08000169   Thumb Code     0  llushr.o(.text)
    __aeabi_memset                           0x08000189   Thumb Code    14  memseta.o(.text)
    __aeabi_memset4                          0x08000189   Thumb Code     0  memseta.o(.text)
    __aeabi_memset8                          0x08000189   Thumb Code     0  memseta.o(.text)
    __aeabi_memclr                           0x08000197   Thumb Code     4  memseta.o(.text)
    __aeabi_memclr4                          0x08000197   Thumb Code     0  memseta.o(.text)
    __aeabi_memclr8                          0x08000197   Thumb Code     0  memseta.o(.text)
    _memset$wrapper                          0x0800019b   Thumb Code    18  memseta.o(.text)
    strstr                                   0x080001ad   Thumb Code    36  strstr.o(.text)
    strcmp                                   0x080001d1   Thumb Code    28  strcmp.o(.text)
    memcmp                                   0x080001ed   Thumb Code    26  memcmp.o(.text)
    __aeabi_dadd                             0x08000207   Thumb Code   322  dadd.o(.text)
    __aeabi_dsub                             0x08000349   Thumb Code     6  dadd.o(.text)
    __aeabi_drsub                            0x0800034f   Thumb Code     6  dadd.o(.text)
    __aeabi_dmul                             0x08000355   Thumb Code   228  dmul.o(.text)
    __aeabi_ddiv                             0x08000439   Thumb Code   222  ddiv.o(.text)
    __aeabi_ui2d                             0x08000517   Thumb Code    26  dfltui.o(.text)
    __aeabi_d2f                              0x08000531   Thumb Code    56  d2f.o(.text)
    __aeabi_uidiv                            0x08000569   Thumb Code     0  uidiv.o(.text)
    __aeabi_uidivmod                         0x08000569   Thumb Code    44  uidiv.o(.text)
    __aeabi_uldivmod                         0x08000595   Thumb Code    98  uldiv.o(.text)
    __aeabi_llsl                             0x080005f7   Thumb Code    30  llshl.o(.text)
    _ll_shift_l                              0x080005f7   Thumb Code     0  llshl.o(.text)
    __aeabi_lasr                             0x08000615   Thumb Code    36  llsshr.o(.text)
    _ll_sshift_r                             0x08000615   Thumb Code     0  llsshr.o(.text)
    __I$use$fp                               0x08000639   Thumb Code     0  iusefp.o(.text)
    _float_round                             0x08000639   Thumb Code    18  fepilogue.o(.text)
    _float_epilogue                          0x0800064b   Thumb Code    92  fepilogue.o(.text)
    _double_round                            0x080006a7   Thumb Code    30  depilogue.o(.text)
    _double_epilogue                         0x080006c5   Thumb Code   156  depilogue.o(.text)
    __aeabi_d2ulz                            0x08000761   Thumb Code    48  dfixul.o(.text)
    __aeabi_cdrcmple                         0x08000791   Thumb Code    48  cdrcmple.o(.text)
    __scatterload                            0x080007c1   Thumb Code    28  init.o(.text)
    __scatterload_rt2                        0x080007c1   Thumb Code     0  init.o(.text)
    AS608_Init                               0x08000825   Thumb Code    40  as608.o(i.AS608_Init)
    Add_FR                                   0x08000859   Thumb Code  1566  as608.o(i.Add_FR)
    BlueTooth_Init                           0x08000e79   Thumb Code    30  hc05.o(i.BlueTooth_Init)
    BlueTooth_RX_BUF_Check                   0x08000ea1   Thumb Code   120  hc05.o(i.BlueTooth_RX_BUF_Check)
    Blue_Buffer_Clear                        0x08000f79   Thumb Code    12  hc05.o(i.Blue_Buffer_Clear)
    Bluetooth_Feedback                       0x08000f89   Thumb Code   386  hc05.o(i.Bluetooth_Feedback)
    BusFault_Handler                         0x08001115   Thumb Code     4  stm32f1xx_it.o(i.BusFault_Handler)
    Card_Check                               0x08001119   Thumb Code   354  rc522.o(i.Card_Check)
    Card_Feedback                            0x080012b5   Thumb Code   112  rc522.o(i.Card_Feedback)
    DMA1_Channel2_IRQHandler                 0x08001335   Thumb Code    10  stm32f1xx_it.o(i.DMA1_Channel2_IRQHandler)
    DMA1_Channel3_IRQHandler                 0x08001345   Thumb Code    10  stm32f1xx_it.o(i.DMA1_Channel3_IRQHandler)
    DebugMon_Handler                         0x08001381   Thumb Code     2  stm32f1xx_it.o(i.DebugMon_Handler)
    Delay_ms                                 0x08001383   Thumb Code    24  delay.o(i.Delay_ms)
    Delay_us                                 0x0800139b   Thumb Code    46  delay.o(i.Delay_us)
    Door_Close                               0x080013c9   Thumb Code    60  main.o(i.Door_Close)
    Door_Error                               0x08001411   Thumb Code   100  main.o(i.Door_Error)
    Door_Open                                0x08001485   Thumb Code   104  main.o(i.Door_Open)
    EnsureMessage                            0x080014f9   Thumb Code   140  as608.o(i.EnsureMessage)
    Error_Handler                            0x0800183d   Thumb Code     6  main.o(i.Error_Handler)
    FLASH_WaitForLastOperation               0x080018e9   Thumb Code   106  stm32f1xx_hal_flash.o(i.FLASH_WaitForLastOperation)
    FP_Feedback                              0x08001959   Thumb Code   106  as608.o(i.FP_Feedback)
    Flash_PageErase                          0x080019d5   Thumb Code    32  stmflash.o(i.Flash_PageErase)
    HAL_DMA_Abort                            0x080019fd   Thumb Code    86  stm32f1xx_hal_dma.o(i.HAL_DMA_Abort)
    HAL_DMA_Abort_IT                         0x08001a55   Thumb Code   414  stm32f1xx_hal_dma.o(i.HAL_DMA_Abort_IT)
    HAL_DMA_GetState                         0x08001bfd   Thumb Code     8  stm32f1xx_hal_dma.o(i.HAL_DMA_GetState)
    HAL_DMA_IRQHandler                       0x08001c05   Thumb Code   910  stm32f1xx_hal_dma.o(i.HAL_DMA_IRQHandler)
    HAL_DMA_Init                             0x08001f9d   Thumb Code   132  stm32f1xx_hal_dma.o(i.HAL_DMA_Init)
    HAL_DMA_Start_IT                         0x08002029   Thumb Code   156  stm32f1xx_hal_dma.o(i.HAL_DMA_Start_IT)
    HAL_FLASH_Lock                           0x080020c5   Thumb Code    16  stm32f1xx_hal_flash.o(i.HAL_FLASH_Lock)
    HAL_FLASH_Program                        0x080020d9   Thumb Code   168  stm32f1xx_hal_flash.o(i.HAL_FLASH_Program)
    HAL_FLASH_Unlock                         0x08002189   Thumb Code    36  stm32f1xx_hal_flash.o(i.HAL_FLASH_Unlock)
    HAL_GPIO_Init                            0x080021b9   Thumb Code   792  stm32f1xx_hal_gpio.o(i.HAL_GPIO_Init)
    HAL_GPIO_ReadPin                         0x080024f9   Thumb Code    16  stm32f1xx_hal_gpio.o(i.HAL_GPIO_ReadPin)
    HAL_GPIO_WritePin                        0x08002509   Thumb Code    12  stm32f1xx_hal_gpio.o(i.HAL_GPIO_WritePin)
    HAL_GetTick                              0x08002515   Thumb Code     6  stm32f1xx_hal.o(i.HAL_GetTick)
    HAL_I2C_AbortCpltCallback                0x08002521   Thumb Code     2  stm32f1xx_hal_i2c.o(i.HAL_I2C_AbortCpltCallback)
    HAL_I2C_AddrCallback                     0x08002523   Thumb Code     2  stm32f1xx_hal_i2c.o(i.HAL_I2C_AddrCallback)
    HAL_I2C_ER_IRQHandler                    0x08002525   Thumb Code   224  stm32f1xx_hal_i2c.o(i.HAL_I2C_ER_IRQHandler)
    HAL_I2C_EV_IRQHandler                    0x08002605   Thumb Code   474  stm32f1xx_hal_i2c.o(i.HAL_I2C_EV_IRQHandler)
    HAL_I2C_ErrorCallback                    0x080027df   Thumb Code     2  stm32f1xx_hal_i2c.o(i.HAL_I2C_ErrorCallback)
    HAL_I2C_Init                             0x080027e1   Thumb Code   446  stm32f1xx_hal_i2c.o(i.HAL_I2C_Init)
    HAL_I2C_ListenCpltCallback               0x080029b1   Thumb Code     2  stm32f1xx_hal_i2c.o(i.HAL_I2C_ListenCpltCallback)
    HAL_I2C_MasterRxCpltCallback             0x080029b3   Thumb Code     2  stm32f1xx_hal_i2c.o(i.HAL_I2C_MasterRxCpltCallback)
    HAL_I2C_MasterTxCpltCallback             0x080029b5   Thumb Code     2  stm32f1xx_hal_i2c.o(i.HAL_I2C_MasterTxCpltCallback)
    HAL_I2C_MemRxCpltCallback                0x080029b7   Thumb Code     2  stm32f1xx_hal_i2c.o(i.HAL_I2C_MemRxCpltCallback)
    HAL_I2C_MemTxCpltCallback                0x080029b9   Thumb Code     2  stm32f1xx_hal_i2c.o(i.HAL_I2C_MemTxCpltCallback)
    HAL_I2C_MspInit                          0x080029bd   Thumb Code   136  i2c.o(i.HAL_I2C_MspInit)
    HAL_I2C_SlaveRxCpltCallback              0x08002a51   Thumb Code     2  stm32f1xx_hal_i2c.o(i.HAL_I2C_SlaveRxCpltCallback)
    HAL_I2C_SlaveTxCpltCallback              0x08002a53   Thumb Code     2  stm32f1xx_hal_i2c.o(i.HAL_I2C_SlaveTxCpltCallback)
    HAL_IncTick                              0x08002a55   Thumb Code    16  stm32f1xx_hal.o(i.HAL_IncTick)
    HAL_Init                                 0x08002a6d   Thumb Code    34  stm32f1xx_hal.o(i.HAL_Init)
    HAL_InitTick                             0x08002a95   Thumb Code    64  stm32f1xx_hal.o(i.HAL_InitTick)
    HAL_MspInit                              0x08002ae1   Thumb Code    92  stm32f1xx_hal_msp.o(i.HAL_MspInit)
    HAL_NVIC_EnableIRQ                       0x08002b45   Thumb Code    32  stm32f1xx_hal_cortex.o(i.HAL_NVIC_EnableIRQ)
    HAL_NVIC_SetPriority                     0x08002b65   Thumb Code   124  stm32f1xx_hal_cortex.o(i.HAL_NVIC_SetPriority)
    HAL_NVIC_SetPriorityGrouping             0x08002be1   Thumb Code    32  stm32f1xx_hal_cortex.o(i.HAL_NVIC_SetPriorityGrouping)
    HAL_RCC_ClockConfig                      0x08002c09   Thumb Code   376  stm32f1xx_hal_rcc.o(i.HAL_RCC_ClockConfig)
    HAL_RCC_GetHCLKFreq                      0x08002d95   Thumb Code     6  stm32f1xx_hal_rcc.o(i.HAL_RCC_GetHCLKFreq)
    HAL_RCC_GetPCLK1Freq                     0x08002da1   Thumb Code    22  stm32f1xx_hal_rcc.o(i.HAL_RCC_GetPCLK1Freq)
    HAL_RCC_GetPCLK2Freq                     0x08002dc1   Thumb Code    22  stm32f1xx_hal_rcc.o(i.HAL_RCC_GetPCLK2Freq)
    HAL_RCC_GetSysClockFreq                  0x08002de1   Thumb Code    92  stm32f1xx_hal_rcc.o(i.HAL_RCC_GetSysClockFreq)
    HAL_RCC_OscConfig                        0x08002e51   Thumb Code  1114  stm32f1xx_hal_rcc.o(i.HAL_RCC_OscConfig)
    HAL_SPI_ErrorCallback                    0x080032b5   Thumb Code     2  stm32f1xx_hal_spi.o(i.HAL_SPI_ErrorCallback)
    HAL_SPI_IRQHandler                       0x080032b9   Thumb Code   304  stm32f1xx_hal_spi.o(i.HAL_SPI_IRQHandler)
    HAL_SPI_Init                             0x080033ed   Thumb Code   190  stm32f1xx_hal_spi.o(i.HAL_SPI_Init)
    HAL_SPI_MspInit                          0x080034ad   Thumb Code   258  spi.o(i.HAL_SPI_MspInit)
    HAL_SPI_Transmit                         0x080035c5   Thumb Code   444  stm32f1xx_hal_spi.o(i.HAL_SPI_Transmit)
    HAL_SPI_TransmitReceive                  0x08003781   Thumb Code   576  stm32f1xx_hal_spi.o(i.HAL_SPI_TransmitReceive)
    HAL_SYSTICK_Config                       0x080039c1   Thumb Code    52  stm32f1xx_hal_cortex.o(i.HAL_SYSTICK_Config)
    HAL_TIMEx_BreakCallback                  0x080039f5   Thumb Code     2  stm32f1xx_hal_tim_ex.o(i.HAL_TIMEx_BreakCallback)
    HAL_TIMEx_CommutCallback                 0x080039f7   Thumb Code     2  stm32f1xx_hal_tim_ex.o(i.HAL_TIMEx_CommutCallback)
    HAL_TIMEx_MasterConfigSynchronization    0x080039f9   Thumb Code   134  stm32f1xx_hal_tim_ex.o(i.HAL_TIMEx_MasterConfigSynchronization)
    HAL_TIM_Base_Init                        0x08003a95   Thumb Code   102  stm32f1xx_hal_tim.o(i.HAL_TIM_Base_Init)
    HAL_TIM_Base_MspInit                     0x08003afd   Thumb Code   112  tim.o(i.HAL_TIM_Base_MspInit)
    HAL_TIM_Base_Start_IT                    0x08003b75   Thumb Code   122  stm32f1xx_hal_tim.o(i.HAL_TIM_Base_Start_IT)
    HAL_TIM_ConfigClockSource                0x08003c05   Thumb Code   268  stm32f1xx_hal_tim.o(i.HAL_TIM_ConfigClockSource)
    HAL_TIM_IC_CaptureCallback               0x08003d11   Thumb Code    12  hcsr04.o(i.HAL_TIM_IC_CaptureCallback)
    HAL_TIM_IC_ConfigChannel                 0x08003d1d   Thumb Code   222  stm32f1xx_hal_tim.o(i.HAL_TIM_IC_ConfigChannel)
    HAL_TIM_IC_Init                          0x08003dfb   Thumb Code   102  stm32f1xx_hal_tim.o(i.HAL_TIM_IC_Init)
    HAL_TIM_IC_MspInit                       0x08003e61   Thumb Code   116  tim.o(i.HAL_TIM_IC_MspInit)
    HAL_TIM_IC_Start_IT                      0x08003ee1   Thumb Code   356  stm32f1xx_hal_tim.o(i.HAL_TIM_IC_Start_IT)
    HAL_TIM_IRQHandler                       0x08004059   Thumb Code   406  stm32f1xx_hal_tim.o(i.HAL_TIM_IRQHandler)
    HAL_TIM_MspPostInit                      0x080041f1   Thumb Code    74  tim.o(i.HAL_TIM_MspPostInit)
    HAL_TIM_OC_DelayElapsedCallback          0x08004245   Thumb Code     2  stm32f1xx_hal_tim.o(i.HAL_TIM_OC_DelayElapsedCallback)
    HAL_TIM_PWM_ConfigChannel                0x08004247   Thumb Code   260  stm32f1xx_hal_tim.o(i.HAL_TIM_PWM_ConfigChannel)
    HAL_TIM_PWM_Init                         0x0800434b   Thumb Code   102  stm32f1xx_hal_tim.o(i.HAL_TIM_PWM_Init)
    HAL_TIM_PWM_MspInit                      0x080043b1   Thumb Code     2  stm32f1xx_hal_tim.o(i.HAL_TIM_PWM_MspInit)
    HAL_TIM_PWM_PulseFinishedCallback        0x080043b3   Thumb Code     2  stm32f1xx_hal_tim.o(i.HAL_TIM_PWM_PulseFinishedCallback)
    HAL_TIM_PWM_Start                        0x080043b5   Thumb Code   222  stm32f1xx_hal_tim.o(i.HAL_TIM_PWM_Start)
    HAL_TIM_PeriodElapsedCallback            0x080044a9   Thumb Code    12  hcsr04.o(i.HAL_TIM_PeriodElapsedCallback)
    HAL_TIM_ReadCapturedValue                0x080044b5   Thumb Code    50  stm32f1xx_hal_tim.o(i.HAL_TIM_ReadCapturedValue)
    HAL_TIM_TriggerCallback                  0x080044e7   Thumb Code     2  stm32f1xx_hal_tim.o(i.HAL_TIM_TriggerCallback)
    HAL_UART2_IdleCpltCallback               0x080044e9   Thumb Code    70  as608.o(i.HAL_UART2_IdleCpltCallback)
    HAL_UART3_IdleCpltCallback               0x0800453d   Thumb Code    94  hc05.o(i.HAL_UART3_IdleCpltCallback)
    HAL_UARTEx_RxEventCallback               0x080045bd   Thumb Code     2  stm32f1xx_hal_uart.o(i.HAL_UARTEx_RxEventCallback)
    HAL_UART_ErrorCallback                   0x080045bf   Thumb Code     2  stm32f1xx_hal_uart.o(i.HAL_UART_ErrorCallback)
    HAL_UART_IRQHandler                      0x080045c1   Thumb Code   736  stm32f1xx_hal_uart.o(i.HAL_UART_IRQHandler)
    HAL_UART_Init                            0x080048a5   Thumb Code   118  stm32f1xx_hal_uart.o(i.HAL_UART_Init)
    HAL_UART_MspInit                         0x0800491d   Thumb Code   478  usart.o(i.HAL_UART_MspInit)
    HAL_UART_Receive_DMA                     0x08004b21   Thumb Code    44  stm32f1xx_hal_uart.o(i.HAL_UART_Receive_DMA)
    HAL_UART_Receive_IT                      0x08004b4d   Thumb Code    44  stm32f1xx_hal_uart.o(i.HAL_UART_Receive_IT)
    HAL_UART_RxCpltCallback                  0x08004b79   Thumb Code    20  stm32f1xx_it.o(i.HAL_UART_RxCpltCallback)
    HAL_UART_RxHalfCpltCallback              0x08004b95   Thumb Code     2  stm32f1xx_hal_uart.o(i.HAL_UART_RxHalfCpltCallback)
    HAL_UART_Transmit                        0x08004b97   Thumb Code   178  stm32f1xx_hal_uart.o(i.HAL_UART_Transmit)
    HAL_UART_TxCpltCallback                  0x08004c49   Thumb Code     2  stm32f1xx_hal_uart.o(i.HAL_UART_TxCpltCallback)
    HardFault_Handler                        0x08004c4b   Thumb Code     4  stm32f1xx_it.o(i.HardFault_Handler)
    Hcsr04Init                               0x08004c51   Thumb Code   122  hcsr04.o(i.Hcsr04Init)
    Hcsr04Start                              0x08004cd1   Thumb Code    30  hcsr04.o(i.Hcsr04Start)
    Hcsr04TimIcIsr                           0x08004cf5   Thumb Code   548  hcsr04.o(i.Hcsr04TimIcIsr)
    Hcsr04TimOverflowIsr                     0x08004f29   Thumb Code    22  hcsr04.o(i.Hcsr04TimOverflowIsr)
    I2C1_ER_IRQHandler                       0x08004f45   Thumb Code    10  stm32f1xx_it.o(i.I2C1_ER_IRQHandler)
    I2C1_EV_IRQHandler                       0x08004f55   Thumb Code    10  stm32f1xx_it.o(i.I2C1_EV_IRQHandler)
    KEY_Change                               0x08005e0d   Thumb Code  1632  key.o(i.KEY_Change)
    KEY_Feedback                             0x08006499   Thumb Code   126  key.o(i.KEY_Feedback)
    KEY_Judge_Unlock                         0x08006545   Thumb Code    74  key.o(i.KEY_Judge_Unlock)
    Key_GetNum                               0x080065a9   Thumb Code   256  key.o(i.Key_GetNum)
    LCD_Address_Set                          0x080066b1   Thumb Code    66  lcd_init.o(i.LCD_Address_Set)
    LCD_DrawPoint                            0x080066f3   Thumb Code    28  lcd.o(i.LCD_DrawPoint)
    LCD_Fill                                 0x08006711   Thumb Code   110  lcd.o(i.LCD_Fill)
    LCD_Init                                 0x08006789   Thumb Code   526  lcd_init.o(i.LCD_Init)
    LCD_ShowChar                             0x080069a1   Thumb Code   328  lcd.o(i.LCD_ShowChar)
    LCD_ShowIntNum                           0x08006af9   Thumb Code   150  lcd.o(i.LCD_ShowIntNum)
    LCD_ShowString                           0x08006b8f   Thumb Code    66  lcd.o(i.LCD_ShowString)
    LCD_WR_DATA                              0x08006bd1   Thumb Code    18  lcd_init.o(i.LCD_WR_DATA)
    LCD_WR_DATA8                             0x08006be3   Thumb Code    12  lcd_init.o(i.LCD_WR_DATA8)
    LCD_WR_REG                               0x08006bf1   Thumb Code    32  lcd_init.o(i.LCD_WR_REG)
    LCD_Writ_Bus                             0x08006c15   Thumb Code    32  lcd_init.o(i.LCD_Writ_Bus)
    LED1_OFF                                 0x08006c39   Thumb Code    14  led.o(i.LED1_OFF)
    LED1_ON                                  0x08006c4d   Thumb Code    14  led.o(i.LED1_ON)
    LED2_OFF                                 0x08006c61   Thumb Code    14  led.o(i.LED2_OFF)
    LED2_ON                                  0x08006c75   Thumb Code    14  led.o(i.LED2_ON)
    LED3_OFF                                 0x08006c89   Thumb Code    14  led.o(i.LED3_OFF)
    LED3_ON                                  0x08006c9d   Thumb Code    14  led.o(i.LED3_ON)
    MFRC_CalulateCRC                         0x08006cb1   Thumb Code   104  rc522.o(i.MFRC_CalulateCRC)
    MFRC_ClrBitMask                          0x08006d1d   Thumb Code    26  rc522.o(i.MFRC_ClrBitMask)
    MFRC_CmdFrame                            0x08006d39   Thumb Code   304  rc522.o(i.MFRC_CmdFrame)
    MFRC_Init                                0x08006e6d   Thumb Code    24  rc522.o(i.MFRC_Init)
    MFRC_ReadReg                             0x08006e8d   Thumb Code    54  rc522.o(i.MFRC_ReadReg)
    MFRC_SetBitMask                          0x08006ec9   Thumb Code    26  rc522.o(i.MFRC_SetBitMask)
    MFRC_WriteReg                            0x08006ee5   Thumb Code    48  rc522.o(i.MFRC_WriteReg)
    MX_DMA_Init                              0x08006f19   Thumb Code    64  dma.o(i.MX_DMA_Init)
    MX_GPIO_Init                             0x08006f5d   Thumb Code   470  gpio.o(i.MX_GPIO_Init)
    MX_I2C1_Init                             0x0800714d   Thumb Code    48  i2c.o(i.MX_I2C1_Init)
    MX_SPI1_Init                             0x08007189   Thumb Code    60  spi.o(i.MX_SPI1_Init)
    MX_SPI2_Init                             0x080071cd   Thumb Code    60  spi.o(i.MX_SPI2_Init)
    MX_TIM2_Init                             0x08007211   Thumb Code   160  tim.o(i.MX_TIM2_Init)
    MX_TIM4_Init                             0x080072b5   Thumb Code   104  tim.o(i.MX_TIM4_Init)
    MX_TIM5_Init                             0x08007325   Thumb Code   110  tim.o(i.MX_TIM5_Init)
    MX_USART1_UART_Init                      0x0800739d   Thumb Code    46  usart.o(i.MX_USART1_UART_Init)
    MX_USART2_UART_Init                      0x080073d5   Thumb Code    46  usart.o(i.MX_USART2_UART_Init)
    MX_USART3_UART_Init                      0x0800740d   Thumb Code    46  usart.o(i.MX_USART3_UART_Init)
    MemManage_Handler                        0x08007465   Thumb Code     4  stm32f1xx_it.o(i.MemManage_Handler)
    NMI_Handler                              0x08007469   Thumb Code     4  stm32f1xx_it.o(i.NMI_Handler)
    PCD_AntennaOff                           0x0800746d   Thumb Code    12  rc522.o(i.PCD_AntennaOff)
    PCD_AntennaOn                            0x08007479   Thumb Code    26  rc522.o(i.PCD_AntennaOn)
    PCD_Anticoll                             0x08007493   Thumb Code   112  rc522.o(i.PCD_Anticoll)
    PCD_AuthState                            0x08007503   Thumb Code   110  rc522.o(i.PCD_AuthState)
    PCD_Init_RST                             0x08007571   Thumb Code    14  rc522.o(i.PCD_Init_RST)
    PCD_ReadBlock                            0x0800757f   Thumb Code    86  rc522.o(i.PCD_ReadBlock)
    PCD_Request                              0x080075d5   Thumb Code    82  rc522.o(i.PCD_Request)
    PCD_Reset                                0x08007629   Thumb Code   130  rc522.o(i.PCD_Reset)
    PCD_Select                               0x080076b1   Thumb Code   116  rc522.o(i.PCD_Select)
    PS_GenChar                               0x08007725   Thumb Code    70  as608.o(i.PS_GenChar)
    PS_GetImage                              0x0800776b   Thumb Code    58  as608.o(i.PS_GetImage)
    PS_HandShake                             0x080077a5   Thumb Code   114  as608.o(i.PS_HandShake)
    PS_HighSpeedSearch                       0x08007821   Thumb Code   144  as608.o(i.PS_HighSpeedSearch)
    PS_Match                                 0x080078b1   Thumb Code    58  as608.o(i.PS_Match)
    PS_RegModel                              0x080078eb   Thumb Code    58  as608.o(i.PS_RegModel)
    PS_StoreChar                             0x08007925   Thumb Code    96  as608.o(i.PS_StoreChar)
    Password_Match                           0x08007985   Thumb Code    86  key.o(i.Password_Match)
    PendSV_Handler                           0x08007a29   Thumb Code     2  stm32f1xx_it.o(i.PendSV_Handler)
    Press_FR                                 0x08007a2d   Thumb Code   128  as608.o(i.Press_FR)
    RCC_IRQHandler                           0x08007b45   Thumb Code     2  stm32f1xx_it.o(i.RCC_IRQHandler)
    SPI1_IRQHandler                          0x08007b49   Thumb Code    10  stm32f1xx_it.o(i.SPI1_IRQHandler)
    SPI1_WriteByte                           0x08007b59   Thumb Code    22  spi.o(i.SPI1_WriteByte)
    SPI2_IRQHandler                          0x08007b75   Thumb Code    10  stm32f1xx_it.o(i.SPI2_IRQHandler)
    SPI2_RW_Byte                             0x08007b85   Thumb Code    26  rc522.o(i.SPI2_RW_Byte)
    SPIv_WriteData                           0x08007cbd   Thumb Code    12  lcd_init.o(i.SPIv_WriteData)
    STMFLASH_Read                            0x08007cc9   Thumb Code    34  stmflash.o(i.STMFLASH_Read)
    STMFLASH_ReadHalfWord                    0x08007ceb   Thumb Code     6  stmflash.o(i.STMFLASH_ReadHalfWord)
    STMFLASH_Write                           0x08007cf1   Thumb Code   252  stmflash.o(i.STMFLASH_Write)
    STMFLASH_Write_NoCheck                   0x08007df9   Thumb Code    44  stmflash.o(i.STMFLASH_Write_NoCheck)
    SVC_Handler                              0x08007e25   Thumb Code     2  stm32f1xx_it.o(i.SVC_Handler)
    Servo_CloseDoor                          0x08007eb9   Thumb Code    10  servo.o(i.Servo_CloseDoor)
    Servo_Init                               0x08007ec9   Thumb Code    12  servo.o(i.Servo_Init)
    Servo_OpenDoor                           0x08007ed9   Thumb Code    10  servo.o(i.Servo_OpenDoor)
    ShowErrMessage                           0x08007ee9   Thumb Code    22  as608.o(i.ShowErrMessage)
    SysTick_Handler                          0x08007f09   Thumb Code     8  stm32f1xx_it.o(i.SysTick_Handler)
    SystemClock_Config                       0x08007f11   Thumb Code   102  main.o(i.SystemClock_Config)
    SystemInit                               0x08007f77   Thumb Code     2  system_stm32f1xx.o(i.SystemInit)
    TIM2_IRQHandler                          0x08007f79   Thumb Code    10  stm32f1xx_it.o(i.TIM2_IRQHandler)
    TIM4_IRQHandler                          0x08007f89   Thumb Code    10  stm32f1xx_it.o(i.TIM4_IRQHandler)
    TIM5_IRQHandler                          0x08007f99   Thumb Code    10  stm32f1xx_it.o(i.TIM5_IRQHandler)
    TIM_Base_SetConfig                       0x08007fa9   Thumb Code   134  stm32f1xx_hal_tim.o(i.TIM_Base_SetConfig)
    TIM_CCxChannelCmd                        0x08008045   Thumb Code    34  stm32f1xx_hal_tim.o(i.TIM_CCxChannelCmd)
    TIM_ETR_SetConfig                        0x08008067   Thumb Code    22  stm32f1xx_hal_tim.o(i.TIM_ETR_SetConfig)
    TIM_OC2_SetConfig                        0x08008101   Thumb Code   114  stm32f1xx_hal_tim.o(i.TIM_OC2_SetConfig)
    TIM_TI1_SetConfig                        0x08008271   Thumb Code   102  stm32f1xx_hal_tim.o(i.TIM_TI1_SetConfig)
    UART_Start_Receive_DMA                   0x080087a9   Thumb Code   186  stm32f1xx_hal_uart.o(i.UART_Start_Receive_DMA)
    UART_Start_Receive_IT                    0x08008871   Thumb Code    64  stm32f1xx_hal_uart.o(i.UART_Start_Receive_IT)
    USART1_IRQHandler                        0x080089a5   Thumb Code    10  stm32f1xx_it.o(i.USART1_IRQHandler)
    USART2_IRQHandler                        0x080089b5   Thumb Code    16  stm32f1xx_it.o(i.USART2_IRQHandler)
    USART3_IRQHandler                        0x080089c9   Thumb Code    16  stm32f1xx_it.o(i.USART3_IRQHandler)
    UsageFault_Handler                       0x080089dd   Thumb Code     4  stm32f1xx_it.o(i.UsageFault_Handler)
    Write_PassWord                           0x080089e1   Thumb Code   534  key.o(i.Write_PassWord)
    __0printf                                0x08008c05   Thumb Code    22  printfa.o(i.__0printf)
    __1printf                                0x08008c05   Thumb Code     0  printfa.o(i.__0printf)
    __2printf                                0x08008c05   Thumb Code     0  printfa.o(i.__0printf)
    __c89printf                              0x08008c05   Thumb Code     0  printfa.o(i.__0printf)
    printf                                   0x08008c05   Thumb Code     0  printfa.o(i.__0printf)
    __0sprintf                               0x08008c25   Thumb Code    34  printfa.o(i.__0sprintf)
    __1sprintf                               0x08008c25   Thumb Code     0  printfa.o(i.__0sprintf)
    __2sprintf                               0x08008c25   Thumb Code     0  printfa.o(i.__0sprintf)
    __c89sprintf                             0x08008c25   Thumb Code     0  printfa.o(i.__0sprintf)
    sprintf                                  0x08008c25   Thumb Code     0  printfa.o(i.__0sprintf)
    __scatterload_copy                       0x08008c85   Thumb Code    14  handlers.o(i.__scatterload_copy)
    __scatterload_null                       0x08008c93   Thumb Code     2  handlers.o(i.__scatterload_null)
    __scatterload_zeroinit                   0x08008c95   Thumb Code    14  handlers.o(i.__scatterload_zeroinit)
    fputc                                    0x08009561   Thumb Code    22  uart_redefine.o(i.fputc)
    main                                     0x0800957d   Thumb Code   332  main.o(i.main)
    mypow                                    0x080097a1   Thumb Code    22  lcd.o(i.mypow)
    AHBPrescTable                            0x080097c8   Data          16  system_stm32f1xx.o(.constdata)
    APBPrescTable                            0x080097d8   Data           8  system_stm32f1xx.o(.constdata)
    ascii_1206                               0x080097e0   Data        1140  lcd.o(.constdata)
    ascii_1608                               0x08009c54   Data        1520  lcd.o(.constdata)
    ascii_2412                               0x0800a244   Data        4560  lcd.o(.constdata)
    ascii_3216                               0x0800b414   Data        6080  lcd.o(.constdata)
    tfont12                                  0x0800cbd4   Data         130  lcd.o(.constdata)
    tfont16                                  0x0800cc56   Data         170  lcd.o(.constdata)
    tfont24                                  0x0800cd00   Data         370  lcd.o(.constdata)
    tfont32                                  0x0800ce72   Data         650  lcd.o(.constdata)
    gImage_1                                 0x0800d0fc   Data        3200  lcd.o(.constdata)
    Region$$Table$$Base                      0x0800dd7c   Number         0  anon$$obj.o(Region$$Table)
    Region$$Table$$Limit                     0x0800dd9c   Number         0  anon$$obj.o(Region$$Table)
    Key_Change_num                           0x20000001   Data           1  main.o(.data)
    Keynum                                   0x20000002   Data           1  main.o(.data)
    Servo_Angle                              0x20000004   Data           4  main.o(.data)
    uwTick                                   0x20000008   Data           4  stm32f1xx_hal.o(.data)
    uwTickPrio                               0x2000000c   Data           4  stm32f1xx_hal.o(.data)
    uwTickFreq                               0x20000010   Data           1  stm32f1xx_hal.o(.data)
    SystemCoreClock                          0x20000014   Data           4  system_stm32f1xx.o(.data)
    Add_FP                                   0x20000018   Data          16  key.o(.data)
    AS608Addr                                0x20000028   Data           4  as608.o(.data)
    USART2_RX_STA                            0x2000002c   Data           1  as608.o(.data)
    Get_Device_Code                          0x2000002d   Data          10  as608.o(.data)
    ValidN                                   0x20000038   Data           2  as608.o(.data)
    RC522handle                              0x2000003a   Data          40  rc522.o(.data)
    USART3_RX_STA                            0x20000064   Data           1  hc05.o(.data)
    __stdout                                 0x2000006c   Data           4  stdout.o(.data)
    hi2c1                                    0x20000070   Data          84  i2c.o(.bss)
    hspi1                                    0x200000c4   Data          88  spi.o(.bss)
    hspi2                                    0x2000011c   Data          88  spi.o(.bss)
    htim2                                    0x20000174   Data          72  tim.o(.bss)
    htim4                                    0x200001bc   Data          72  tim.o(.bss)
    htim5                                    0x20000204   Data          72  tim.o(.bss)
    huart1                                   0x2000024c   Data          72  usart.o(.bss)
    huart2                                   0x20000294   Data          72  usart.o(.bss)
    huart3                                   0x200002dc   Data          72  usart.o(.bss)
    hdma_usart3_rx                           0x20000324   Data          68  usart.o(.bss)
    hdma_usart3_tx                           0x20000368   Data          68  usart.o(.bss)
    pFlash                                   0x200003b0   Data          32  stm32f1xx_hal_flash.o(.bss)
    p_Flash                                  0x200003d0   Data          32  stmflash.o(.bss)
    STMFLASH_BUF                             0x200003f0   Data        2048  stmflash.o(.bss)
    Input_PS                                 0x20000bf0   Data          16  key.o(.bss)
    Initation_PS                             0x20000c00   Data          16  key.o(.bss)
    USART2_RX_BUF                            0x20000c10   Data         200  as608.o(.bss)
    AS608Para                                0x20000cd8   Data          12  as608.o(.bss)
    USART3_RX_BUF                            0x20000ce4   Data         100  hc05.o(.bss)
    Hcsr04Info                               0x20000d48   Data          40  hcsr04.o(.bss)
    Ultuarsonic_Kalman                       0x20000d70   Data          24  hcsr04.o(.bss)
    __initial_sp                             0x20001188   Data           0  startup_stm32f103xe.o(STACK)



==============================================================================

Memory Map of the image

  Image Entry point : 0x08000131

  Load Region LR_IROM1 (Base: 0x08000000, Size: 0x0000de0c, Max: 0x00080000, ABSOLUTE)

    Execution Region ER_IROM1 (Exec base: 0x08000000, Load base: 0x08000000, Size: 0x0000dd9c, Max: 0x00080000, ABSOLUTE)

    Exec Addr    Load Addr    Size         Type   Attr      Idx    E Section Name        Object

    0x08000000   0x08000000   0x00000130   Data   RO            3    RESET               startup_stm32f103xe.o
    0x08000130   0x08000130   0x00000000   Code   RO         5095  * .ARM.Collect$$$$00000000  mc_w.l(entry.o)
    0x08000130   0x08000130   0x00000004   Code   RO         5395    .ARM.Collect$$$$00000001  mc_w.l(entry2.o)
    0x08000134   0x08000134   0x00000004   Code   RO         5398    .ARM.Collect$$$$00000004  mc_w.l(entry5.o)
    0x08000138   0x08000138   0x00000000   Code   RO         5400    .ARM.Collect$$$$00000008  mc_w.l(entry7b.o)
    0x08000138   0x08000138   0x00000000   Code   RO         5402    .ARM.Collect$$$$0000000A  mc_w.l(entry8b.o)
    0x08000138   0x08000138   0x00000008   Code   RO         5403    .ARM.Collect$$$$0000000B  mc_w.l(entry9a.o)
    0x08000140   0x08000140   0x00000000   Code   RO         5405    .ARM.Collect$$$$0000000D  mc_w.l(entry10a.o)
    0x08000140   0x08000140   0x00000000   Code   RO         5407    .ARM.Collect$$$$0000000F  mc_w.l(entry11a.o)
    0x08000140   0x08000140   0x00000004   Code   RO         5396    .ARM.Collect$$$$00002712  mc_w.l(entry2.o)
    0x08000144   0x08000144   0x00000024   Code   RO            4    .text               startup_stm32f103xe.o
    0x08000168   0x08000168   0x00000020   Code   RO         5098    .text               mc_w.l(llushr.o)
    0x08000188   0x08000188   0x00000024   Code   RO         5100    .text               mc_w.l(memseta.o)
    0x080001ac   0x080001ac   0x00000024   Code   RO         5102    .text               mc_w.l(strstr.o)
    0x080001d0   0x080001d0   0x0000001c   Code   RO         5104    .text               mc_w.l(strcmp.o)
    0x080001ec   0x080001ec   0x0000001a   Code   RO         5106    .text               mc_w.l(memcmp.o)
    0x08000206   0x08000206   0x0000014e   Code   RO         5377    .text               mf_w.l(dadd.o)
    0x08000354   0x08000354   0x000000e4   Code   RO         5379    .text               mf_w.l(dmul.o)
    0x08000438   0x08000438   0x000000de   Code   RO         5381    .text               mf_w.l(ddiv.o)
    0x08000516   0x08000516   0x0000001a   Code   RO         5383    .text               mf_w.l(dfltui.o)
    0x08000530   0x08000530   0x00000038   Code   RO         5389    .text               mf_w.l(d2f.o)
    0x08000568   0x08000568   0x0000002c   Code   RO         5410    .text               mc_w.l(uidiv.o)
    0x08000594   0x08000594   0x00000062   Code   RO         5412    .text               mc_w.l(uldiv.o)
    0x080005f6   0x080005f6   0x0000001e   Code   RO         5414    .text               mc_w.l(llshl.o)
    0x08000614   0x08000614   0x00000024   Code   RO         5416    .text               mc_w.l(llsshr.o)
    0x08000638   0x08000638   0x00000000   Code   RO         5418    .text               mc_w.l(iusefp.o)
    0x08000638   0x08000638   0x0000006e   Code   RO         5419    .text               mf_w.l(fepilogue.o)
    0x080006a6   0x080006a6   0x000000ba   Code   RO         5421    .text               mf_w.l(depilogue.o)
    0x08000760   0x08000760   0x00000030   Code   RO         5423    .text               mf_w.l(dfixul.o)
    0x08000790   0x08000790   0x00000030   Code   RO         5425    .text               mf_w.l(cdrcmple.o)
    0x080007c0   0x080007c0   0x00000024   Code   RO         5427    .text               mc_w.l(init.o)
    0x080007e4   0x080007e4   0x00000040   Code   RO         4473    i.AS608_Check       as608.o
    0x08000824   0x08000824   0x00000034   Code   RO         4474    i.AS608_Init        as608.o
    0x08000858   0x08000858   0x0000061e   Code   RO         4475    i.Add_FR            as608.o
    0x08000e76   0x08000e76   0x00000002   PAD
    0x08000e78   0x08000e78   0x00000028   Code   RO         4890    i.BlueTooth_Init    hc05.o
    0x08000ea0   0x08000ea0   0x000000d8   Code   RO         4891    i.BlueTooth_RX_BUF_Check  hc05.o
    0x08000f78   0x08000f78   0x00000010   Code   RO         4892    i.Blue_Buffer_Clear  hc05.o
    0x08000f88   0x08000f88   0x0000018c   Code   RO         4893    i.Bluetooth_Feedback  hc05.o
    0x08001114   0x08001114   0x00000004   Code   RO          506    i.BusFault_Handler  stm32f1xx_it.o
    0x08001118   0x08001118   0x0000019c   Code   RO         4697    i.Card_Check        rc522.o
    0x080012b4   0x080012b4   0x00000080   Code   RO         4698    i.Card_Feedback     rc522.o
    0x08001334   0x08001334   0x00000010   Code   RO          507    i.DMA1_Channel2_IRQHandler  stm32f1xx_it.o
    0x08001344   0x08001344   0x00000010   Code   RO          508    i.DMA1_Channel3_IRQHandler  stm32f1xx_it.o
    0x08001354   0x08001354   0x0000002c   Code   RO         1676    i.DMA_SetConfig     stm32f1xx_hal_dma.o
    0x08001380   0x08001380   0x00000002   Code   RO          509    i.DebugMon_Handler  stm32f1xx_it.o
    0x08001382   0x08001382   0x00000018   Code   RO         4015    i.Delay_ms          delay.o
    0x0800139a   0x0800139a   0x0000002e   Code   RO         4017    i.Delay_us          delay.o
    0x080013c8   0x080013c8   0x00000048   Code   RO           13    i.Door_Close        main.o
    0x08001410   0x08001410   0x00000074   Code   RO           14    i.Door_Error        main.o
    0x08001484   0x08001484   0x00000074   Code   RO           15    i.Door_Open         main.o
    0x080014f8   0x080014f8   0x00000344   Code   RO         4478    i.EnsureMessage     as608.o
    0x0800183c   0x0800183c   0x00000006   Code   RO           16    i.Error_Handler     main.o
    0x08001842   0x08001842   0x00000002   PAD
    0x08001844   0x08001844   0x00000020   Code   RO         2018    i.FLASH_Program_HalfWord  stm32f1xx_hal_flash.o
    0x08001864   0x08001864   0x00000084   Code   RO         2019    i.FLASH_SetErrorCode  stm32f1xx_hal_flash.o
    0x080018e8   0x080018e8   0x00000070   Code   RO         2020    i.FLASH_WaitForLastOperation  stm32f1xx_hal_flash.o
    0x08001958   0x08001958   0x0000007c   Code   RO         4479    i.FP_Feedback       as608.o
    0x080019d4   0x080019d4   0x00000028   Code   RO         4087    i.Flash_PageErase   stmflash.o
    0x080019fc   0x080019fc   0x00000056   Code   RO         1677    i.HAL_DMA_Abort     stm32f1xx_hal_dma.o
    0x08001a52   0x08001a52   0x00000002   PAD
    0x08001a54   0x08001a54   0x000001a8   Code   RO         1678    i.HAL_DMA_Abort_IT  stm32f1xx_hal_dma.o
    0x08001bfc   0x08001bfc   0x00000008   Code   RO         1681    i.HAL_DMA_GetState  stm32f1xx_hal_dma.o
    0x08001c04   0x08001c04   0x00000398   Code   RO         1682    i.HAL_DMA_IRQHandler  stm32f1xx_hal_dma.o
    0x08001f9c   0x08001f9c   0x0000008c   Code   RO         1683    i.HAL_DMA_Init      stm32f1xx_hal_dma.o
    0x08002028   0x08002028   0x0000009c   Code   RO         1687    i.HAL_DMA_Start_IT  stm32f1xx_hal_dma.o
    0x080020c4   0x080020c4   0x00000014   Code   RO         2024    i.HAL_FLASH_Lock    stm32f1xx_hal_flash.o
    0x080020d8   0x080020d8   0x000000b0   Code   RO         2029    i.HAL_FLASH_Program  stm32f1xx_hal_flash.o
    0x08002188   0x08002188   0x00000030   Code   RO         2031    i.HAL_FLASH_Unlock  stm32f1xx_hal_flash.o
    0x080021b8   0x080021b8   0x00000340   Code   RO         1613    i.HAL_GPIO_Init     stm32f1xx_hal_gpio.o
    0x080024f8   0x080024f8   0x00000010   Code   RO         1615    i.HAL_GPIO_ReadPin  stm32f1xx_hal_gpio.o
    0x08002508   0x08002508   0x0000000c   Code   RO         1617    i.HAL_GPIO_WritePin  stm32f1xx_hal_gpio.o
    0x08002514   0x08002514   0x0000000c   Code   RO         1302    i.HAL_GetTick       stm32f1xx_hal.o
    0x08002520   0x08002520   0x00000002   Code   RO          814    i.HAL_I2C_AbortCpltCallback  stm32f1xx_hal_i2c.o
    0x08002522   0x08002522   0x00000002   Code   RO          815    i.HAL_I2C_AddrCallback  stm32f1xx_hal_i2c.o
    0x08002524   0x08002524   0x000000e0   Code   RO          818    i.HAL_I2C_ER_IRQHandler  stm32f1xx_hal_i2c.o
    0x08002604   0x08002604   0x000001da   Code   RO          819    i.HAL_I2C_EV_IRQHandler  stm32f1xx_hal_i2c.o
    0x080027de   0x080027de   0x00000002   Code   RO          821    i.HAL_I2C_ErrorCallback  stm32f1xx_hal_i2c.o
    0x080027e0   0x080027e0   0x000001d0   Code   RO          825    i.HAL_I2C_Init      stm32f1xx_hal_i2c.o
    0x080029b0   0x080029b0   0x00000002   Code   RO          827    i.HAL_I2C_ListenCpltCallback  stm32f1xx_hal_i2c.o
    0x080029b2   0x080029b2   0x00000002   Code   RO          828    i.HAL_I2C_MasterRxCpltCallback  stm32f1xx_hal_i2c.o
    0x080029b4   0x080029b4   0x00000002   Code   RO          829    i.HAL_I2C_MasterTxCpltCallback  stm32f1xx_hal_i2c.o
    0x080029b6   0x080029b6   0x00000002   Code   RO          841    i.HAL_I2C_MemRxCpltCallback  stm32f1xx_hal_i2c.o
    0x080029b8   0x080029b8   0x00000002   Code   RO          842    i.HAL_I2C_MemTxCpltCallback  stm32f1xx_hal_i2c.o
    0x080029ba   0x080029ba   0x00000002   PAD
    0x080029bc   0x080029bc   0x00000094   Code   RO          285    i.HAL_I2C_MspInit   i2c.o
    0x08002a50   0x08002a50   0x00000002   Code   RO          851    i.HAL_I2C_SlaveRxCpltCallback  stm32f1xx_hal_i2c.o
    0x08002a52   0x08002a52   0x00000002   Code   RO          852    i.HAL_I2C_SlaveTxCpltCallback  stm32f1xx_hal_i2c.o
    0x08002a54   0x08002a54   0x00000018   Code   RO         1308    i.HAL_IncTick       stm32f1xx_hal.o
    0x08002a6c   0x08002a6c   0x00000028   Code   RO         1309    i.HAL_Init          stm32f1xx_hal.o
    0x08002a94   0x08002a94   0x0000004c   Code   RO         1310    i.HAL_InitTick      stm32f1xx_hal.o
    0x08002ae0   0x08002ae0   0x00000064   Code   RO          670    i.HAL_MspInit       stm32f1xx_hal_msp.o
    0x08002b44   0x08002b44   0x00000020   Code   RO         1773    i.HAL_NVIC_EnableIRQ  stm32f1xx_hal_cortex.o
    0x08002b64   0x08002b64   0x0000007c   Code   RO         1779    i.HAL_NVIC_SetPriority  stm32f1xx_hal_cortex.o
    0x08002be0   0x08002be0   0x00000028   Code   RO         1780    i.HAL_NVIC_SetPriorityGrouping  stm32f1xx_hal_cortex.o
    0x08002c08   0x08002c08   0x0000018c   Code   RO         1466    i.HAL_RCC_ClockConfig  stm32f1xx_hal_rcc.o
    0x08002d94   0x08002d94   0x0000000c   Code   RO         1471    i.HAL_RCC_GetHCLKFreq  stm32f1xx_hal_rcc.o
    0x08002da0   0x08002da0   0x00000020   Code   RO         1473    i.HAL_RCC_GetPCLK1Freq  stm32f1xx_hal_rcc.o
    0x08002dc0   0x08002dc0   0x00000020   Code   RO         1474    i.HAL_RCC_GetPCLK2Freq  stm32f1xx_hal_rcc.o
    0x08002de0   0x08002de0   0x00000070   Code   RO         1475    i.HAL_RCC_GetSysClockFreq  stm32f1xx_hal_rcc.o
    0x08002e50   0x08002e50   0x00000464   Code   RO         1478    i.HAL_RCC_OscConfig  stm32f1xx_hal_rcc.o
    0x080032b4   0x080032b4   0x00000002   Code   RO         2306    i.HAL_SPI_ErrorCallback  stm32f1xx_hal_spi.o
    0x080032b6   0x080032b6   0x00000002   PAD
    0x080032b8   0x080032b8   0x00000134   Code   RO         2309    i.HAL_SPI_IRQHandler  stm32f1xx_hal_spi.o
    0x080033ec   0x080033ec   0x000000be   Code   RO         2310    i.HAL_SPI_Init      stm32f1xx_hal_spi.o
    0x080034aa   0x080034aa   0x00000002   PAD
    0x080034ac   0x080034ac   0x00000118   Code   RO          327    i.HAL_SPI_MspInit   spi.o
    0x080035c4   0x080035c4   0x000001bc   Code   RO         2318    i.HAL_SPI_Transmit  stm32f1xx_hal_spi.o
    0x08003780   0x08003780   0x00000240   Code   RO         2319    i.HAL_SPI_TransmitReceive  stm32f1xx_hal_spi.o
    0x080039c0   0x080039c0   0x00000034   Code   RO         1784    i.HAL_SYSTICK_Config  stm32f1xx_hal_cortex.o
    0x080039f4   0x080039f4   0x00000002   Code   RO         3338    i.HAL_TIMEx_BreakCallback  stm32f1xx_hal_tim_ex.o
    0x080039f6   0x080039f6   0x00000002   Code   RO         3339    i.HAL_TIMEx_CommutCallback  stm32f1xx_hal_tim_ex.o
    0x080039f8   0x080039f8   0x0000009c   Code   RO         3357    i.HAL_TIMEx_MasterConfigSynchronization  stm32f1xx_hal_tim_ex.o
    0x08003a94   0x08003a94   0x00000066   Code   RO         2623    i.HAL_TIM_Base_Init  stm32f1xx_hal_tim.o
    0x08003afa   0x08003afa   0x00000002   PAD
    0x08003afc   0x08003afc   0x00000078   Code   RO          381    i.HAL_TIM_Base_MspInit  tim.o
    0x08003b74   0x08003b74   0x00000090   Code   RO         2628    i.HAL_TIM_Base_Start_IT  stm32f1xx_hal_tim.o
    0x08003c04   0x08003c04   0x0000010c   Code   RO         2632    i.HAL_TIM_ConfigClockSource  stm32f1xx_hal_tim.o
    0x08003d10   0x08003d10   0x0000000c   Code   RO         5002    i.HAL_TIM_IC_CaptureCallback  hcsr04.o
    0x08003d1c   0x08003d1c   0x000000de   Code   RO         2659    i.HAL_TIM_IC_ConfigChannel  stm32f1xx_hal_tim.o
    0x08003dfa   0x08003dfa   0x00000066   Code   RO         2662    i.HAL_TIM_IC_Init   stm32f1xx_hal_tim.o
    0x08003e60   0x08003e60   0x00000080   Code   RO          383    i.HAL_TIM_IC_MspInit  tim.o
    0x08003ee0   0x08003ee0   0x00000178   Code   RO         2667    i.HAL_TIM_IC_Start_IT  stm32f1xx_hal_tim.o
    0x08004058   0x08004058   0x00000196   Code   RO         2671    i.HAL_TIM_IRQHandler  stm32f1xx_hal_tim.o
    0x080041ee   0x080041ee   0x00000002   PAD
    0x080041f0   0x080041f0   0x00000054   Code   RO          384    i.HAL_TIM_MspPostInit  tim.o
    0x08004244   0x08004244   0x00000002   Code   RO         2674    i.HAL_TIM_OC_DelayElapsedCallback  stm32f1xx_hal_tim.o
    0x08004246   0x08004246   0x00000104   Code   RO         2695    i.HAL_TIM_PWM_ConfigChannel  stm32f1xx_hal_tim.o
    0x0800434a   0x0800434a   0x00000066   Code   RO         2698    i.HAL_TIM_PWM_Init  stm32f1xx_hal_tim.o
    0x080043b0   0x080043b0   0x00000002   Code   RO         2700    i.HAL_TIM_PWM_MspInit  stm32f1xx_hal_tim.o
    0x080043b2   0x080043b2   0x00000002   Code   RO         2701    i.HAL_TIM_PWM_PulseFinishedCallback  stm32f1xx_hal_tim.o
    0x080043b4   0x080043b4   0x000000f4   Code   RO         2703    i.HAL_TIM_PWM_Start  stm32f1xx_hal_tim.o
    0x080044a8   0x080044a8   0x0000000c   Code   RO         5003    i.HAL_TIM_PeriodElapsedCallback  hcsr04.o
    0x080044b4   0x080044b4   0x00000032   Code   RO         2711    i.HAL_TIM_ReadCapturedValue  stm32f1xx_hal_tim.o
    0x080044e6   0x080044e6   0x00000002   Code   RO         2714    i.HAL_TIM_TriggerCallback  stm32f1xx_hal_tim.o
    0x080044e8   0x080044e8   0x00000054   Code   RO         4480    i.HAL_UART2_IdleCpltCallback  as608.o
    0x0800453c   0x0800453c   0x00000080   Code   RO         4894    i.HAL_UART3_IdleCpltCallback  hc05.o
    0x080045bc   0x080045bc   0x00000002   Code   RO         3617    i.HAL_UARTEx_RxEventCallback  stm32f1xx_hal_uart.o
    0x080045be   0x080045be   0x00000002   Code   RO         3631    i.HAL_UART_ErrorCallback  stm32f1xx_hal_uart.o
    0x080045c0   0x080045c0   0x000002e4   Code   RO         3634    i.HAL_UART_IRQHandler  stm32f1xx_hal_uart.o
    0x080048a4   0x080048a4   0x00000076   Code   RO         3635    i.HAL_UART_Init     stm32f1xx_hal_uart.o
    0x0800491a   0x0800491a   0x00000002   PAD
    0x0800491c   0x0800491c   0x00000204   Code   RO          453    i.HAL_UART_MspInit  usart.o
    0x08004b20   0x08004b20   0x0000002c   Code   RO         3639    i.HAL_UART_Receive_DMA  stm32f1xx_hal_uart.o
    0x08004b4c   0x08004b4c   0x0000002c   Code   RO         3640    i.HAL_UART_Receive_IT  stm32f1xx_hal_uart.o
    0x08004b78   0x08004b78   0x0000001c   Code   RO          510    i.HAL_UART_RxCpltCallback  stm32f1xx_it.o
    0x08004b94   0x08004b94   0x00000002   Code   RO         3642    i.HAL_UART_RxHalfCpltCallback  stm32f1xx_hal_uart.o
    0x08004b96   0x08004b96   0x000000b2   Code   RO         3643    i.HAL_UART_Transmit  stm32f1xx_hal_uart.o
    0x08004c48   0x08004c48   0x00000002   Code   RO         3646    i.HAL_UART_TxCpltCallback  stm32f1xx_hal_uart.o
    0x08004c4a   0x08004c4a   0x00000004   Code   RO          511    i.HardFault_Handler  stm32f1xx_it.o
    0x08004c4e   0x08004c4e   0x00000002   PAD
    0x08004c50   0x08004c50   0x00000080   Code   RO         5007    i.Hcsr04Init        hcsr04.o
    0x08004cd0   0x08004cd0   0x00000024   Code   RO         5009    i.Hcsr04Start       hcsr04.o
    0x08004cf4   0x08004cf4   0x00000234   Code   RO         5010    i.Hcsr04TimIcIsr    hcsr04.o
    0x08004f28   0x08004f28   0x0000001c   Code   RO         5011    i.Hcsr04TimOverflowIsr  hcsr04.o
    0x08004f44   0x08004f44   0x00000010   Code   RO          512    i.I2C1_ER_IRQHandler  stm32f1xx_it.o
    0x08004f54   0x08004f54   0x00000010   Code   RO          513    i.I2C1_EV_IRQHandler  stm32f1xx_it.o
    0x08004f64   0x08004f64   0x0000001c   Code   RO          863    i.I2C_ConvertOtherXferOptions  stm32f1xx_hal_i2c.o
    0x08004f80   0x08004f80   0x000000f8   Code   RO          864    i.I2C_DMAAbort      stm32f1xx_hal_i2c.o
    0x08005078   0x08005078   0x00000012   Code   RO          867    i.I2C_Flush_DR      stm32f1xx_hal_i2c.o
    0x0800508a   0x0800508a   0x00000002   PAD
    0x0800508c   0x0800508c   0x000001ac   Code   RO          868    i.I2C_ITError       stm32f1xx_hal_i2c.o
    0x08005238   0x08005238   0x00000126   Code   RO          870    i.I2C_MasterReceive_BTF  stm32f1xx_hal_i2c.o
    0x0800535e   0x0800535e   0x000000f0   Code   RO          871    i.I2C_MasterReceive_RXNE  stm32f1xx_hal_i2c.o
    0x0800544e   0x0800544e   0x000000a0   Code   RO          874    i.I2C_MasterTransmit_BTF  stm32f1xx_hal_i2c.o
    0x080054ee   0x080054ee   0x000000d8   Code   RO          875    i.I2C_MasterTransmit_TXE  stm32f1xx_hal_i2c.o
    0x080055c6   0x080055c6   0x0000002a   Code   RO          876    i.I2C_Master_ADD10  stm32f1xx_hal_i2c.o
    0x080055f0   0x080055f0   0x00000280   Code   RO          877    i.I2C_Master_ADDR   stm32f1xx_hal_i2c.o
    0x08005870   0x08005870   0x0000009e   Code   RO          878    i.I2C_Master_SB     stm32f1xx_hal_i2c.o
    0x0800590e   0x0800590e   0x000000c6   Code   RO          879    i.I2C_MemoryTransmit_TXE_BTF  stm32f1xx_hal_i2c.o
    0x080059d4   0x080059d4   0x0000001a   Code   RO          882    i.I2C_SlaveReceive_BTF  stm32f1xx_hal_i2c.o
    0x080059ee   0x080059ee   0x00000046   Code   RO          883    i.I2C_SlaveReceive_RXNE  stm32f1xx_hal_i2c.o
    0x08005a34   0x08005a34   0x0000001a   Code   RO          884    i.I2C_SlaveTransmit_BTF  stm32f1xx_hal_i2c.o
    0x08005a4e   0x08005a4e   0x00000046   Code   RO          885    i.I2C_SlaveTransmit_TXE  stm32f1xx_hal_i2c.o
    0x08005a94   0x08005a94   0x00000070   Code   RO          886    i.I2C_Slave_ADDR    stm32f1xx_hal_i2c.o
    0x08005b04   0x08005b04   0x000000a8   Code   RO          887    i.I2C_Slave_AF      stm32f1xx_hal_i2c.o
    0x08005bac   0x08005bac   0x0000018c   Code   RO          888    i.I2C_Slave_STOPF   stm32f1xx_hal_i2c.o
    0x08005d38   0x08005d38   0x00000050   Code   RO          894    i.I2C_WaitOnSTOPRequestThroughIT  stm32f1xx_hal_i2c.o
    0x08005d88   0x08005d88   0x00000084   Code   RO         4481    i.JudgeStr          as608.o
    0x08005e0c   0x08005e0c   0x0000068c   Code   RO         4210    i.KEY_Change        key.o
    0x08006498   0x08006498   0x000000ac   Code   RO         4211    i.KEY_Feedback      key.o
    0x08006544   0x08006544   0x00000064   Code   RO         4212    i.KEY_Judge_Unlock  key.o
    0x080065a8   0x080065a8   0x00000108   Code   RO         4214    i.Key_GetNum        key.o
    0x080066b0   0x080066b0   0x00000042   Code   RO         4407    i.LCD_Address_Set   lcd_init.o
    0x080066f2   0x080066f2   0x0000001c   Code   RO         4285    i.LCD_DrawPoint     lcd.o
    0x0800670e   0x0800670e   0x00000002   PAD
    0x08006710   0x08006710   0x00000078   Code   RO         4286    i.LCD_Fill          lcd.o
    0x08006788   0x08006788   0x00000218   Code   RO         4409    i.LCD_Init          lcd_init.o
    0x080069a0   0x080069a0   0x00000158   Code   RO         4287    i.LCD_ShowChar      lcd.o
    0x08006af8   0x08006af8   0x00000096   Code   RO         4294    i.LCD_ShowIntNum    lcd.o
    0x08006b8e   0x08006b8e   0x00000042   Code   RO         4296    i.LCD_ShowString    lcd.o
    0x08006bd0   0x08006bd0   0x00000012   Code   RO         4410    i.LCD_WR_DATA       lcd_init.o
    0x08006be2   0x08006be2   0x0000000c   Code   RO         4411    i.LCD_WR_DATA8      lcd_init.o
    0x08006bee   0x08006bee   0x00000002   PAD
    0x08006bf0   0x08006bf0   0x00000024   Code   RO         4412    i.LCD_WR_REG        lcd_init.o
    0x08006c14   0x08006c14   0x00000024   Code   RO         4413    i.LCD_Writ_Bus      lcd_init.o
    0x08006c38   0x08006c38   0x00000014   Code   RO         4141    i.LED1_OFF          led.o
    0x08006c4c   0x08006c4c   0x00000014   Code   RO         4142    i.LED1_ON           led.o
    0x08006c60   0x08006c60   0x00000014   Code   RO         4143    i.LED2_OFF          led.o
    0x08006c74   0x08006c74   0x00000014   Code   RO         4144    i.LED2_ON           led.o
    0x08006c88   0x08006c88   0x00000014   Code   RO         4145    i.LED3_OFF          led.o
    0x08006c9c   0x08006c9c   0x00000014   Code   RO         4146    i.LED3_ON           led.o
    0x08006cb0   0x08006cb0   0x0000006c   Code   RO         4700    i.MFRC_CalulateCRC  rc522.o
    0x08006d1c   0x08006d1c   0x0000001a   Code   RO         4701    i.MFRC_ClrBitMask   rc522.o
    0x08006d36   0x08006d36   0x00000002   PAD
    0x08006d38   0x08006d38   0x00000134   Code   RO         4702    i.MFRC_CmdFrame     rc522.o
    0x08006e6c   0x08006e6c   0x00000020   Code   RO         4703    i.MFRC_Init         rc522.o
    0x08006e8c   0x08006e8c   0x0000003c   Code   RO         4704    i.MFRC_ReadReg      rc522.o
    0x08006ec8   0x08006ec8   0x0000001a   Code   RO         4705    i.MFRC_SetBitMask   rc522.o
    0x08006ee2   0x08006ee2   0x00000002   PAD
    0x08006ee4   0x08006ee4   0x00000034   Code   RO         4706    i.MFRC_WriteReg     rc522.o
    0x08006f18   0x08006f18   0x00000044   Code   RO          260    i.MX_DMA_Init       dma.o
    0x08006f5c   0x08006f5c   0x000001f0   Code   RO          232    i.MX_GPIO_Init      gpio.o
    0x0800714c   0x0800714c   0x0000003c   Code   RO          286    i.MX_I2C1_Init      i2c.o
    0x08007188   0x08007188   0x00000044   Code   RO          328    i.MX_SPI1_Init      spi.o
    0x080071cc   0x080071cc   0x00000044   Code   RO          329    i.MX_SPI2_Init      spi.o
    0x08007210   0x08007210   0x000000a4   Code   RO          385    i.MX_TIM2_Init      tim.o
    0x080072b4   0x080072b4   0x00000070   Code   RO          386    i.MX_TIM4_Init      tim.o
    0x08007324   0x08007324   0x00000078   Code   RO          387    i.MX_TIM5_Init      tim.o
    0x0800739c   0x0800739c   0x00000038   Code   RO          454    i.MX_USART1_UART_Init  usart.o
    0x080073d4   0x080073d4   0x00000038   Code   RO          455    i.MX_USART2_UART_Init  usart.o
    0x0800740c   0x0800740c   0x00000038   Code   RO          456    i.MX_USART3_UART_Init  usart.o
    0x08007444   0x08007444   0x00000020   Code   RO         4482    i.MYUSART_SendData  as608.o
    0x08007464   0x08007464   0x00000004   Code   RO          514    i.MemManage_Handler  stm32f1xx_it.o
    0x08007468   0x08007468   0x00000004   Code   RO          515    i.NMI_Handler       stm32f1xx_it.o
    0x0800746c   0x0800746c   0x0000000c   Code   RO         4707    i.PCD_AntennaOff    rc522.o
    0x08007478   0x08007478   0x0000001a   Code   RO         4708    i.PCD_AntennaOn     rc522.o
    0x08007492   0x08007492   0x00000070   Code   RO         4709    i.PCD_Anticoll      rc522.o
    0x08007502   0x08007502   0x0000006e   Code   RO         4710    i.PCD_AuthState     rc522.o
    0x08007570   0x08007570   0x0000000e   Code   RO         4714    i.PCD_Init_RST      rc522.o
    0x0800757e   0x0800757e   0x00000056   Code   RO         4715    i.PCD_ReadBlock     rc522.o
    0x080075d4   0x080075d4   0x00000052   Code   RO         4716    i.PCD_Request       rc522.o
    0x08007626   0x08007626   0x00000002   PAD
    0x08007628   0x08007628   0x00000088   Code   RO         4717    i.PCD_Reset         rc522.o
    0x080076b0   0x080076b0   0x00000074   Code   RO         4718    i.PCD_Select        rc522.o
    0x08007724   0x08007724   0x00000046   Code   RO         4485    i.PS_GenChar        as608.o
    0x0800776a   0x0800776a   0x0000003a   Code   RO         4486    i.PS_GetImage       as608.o
    0x080077a4   0x080077a4   0x0000007c   Code   RO         4487    i.PS_HandShake      as608.o
    0x08007820   0x08007820   0x00000090   Code   RO         4488    i.PS_HighSpeedSearch  as608.o
    0x080078b0   0x080078b0   0x0000003a   Code   RO         4489    i.PS_Match          as608.o
    0x080078ea   0x080078ea   0x0000003a   Code   RO         4492    i.PS_RegModel       as608.o
    0x08007924   0x08007924   0x00000060   Code   RO         4495    i.PS_StoreChar      as608.o
    0x08007984   0x08007984   0x000000a4   Code   RO         4216    i.Password_Match    key.o
    0x08007a28   0x08007a28   0x00000002   Code   RO          516    i.PendSV_Handler    stm32f1xx_it.o
    0x08007a2a   0x08007a2a   0x00000002   PAD
    0x08007a2c   0x08007a2c   0x000000f0   Code   RO         4499    i.Press_FR          as608.o
    0x08007b1c   0x08007b1c   0x00000028   Code   RO         1479    i.RCC_Delay         stm32f1xx_hal_rcc.o
    0x08007b44   0x08007b44   0x00000002   Code   RO          517    i.RCC_IRQHandler    stm32f1xx_it.o
    0x08007b46   0x08007b46   0x00000002   PAD
    0x08007b48   0x08007b48   0x00000010   Code   RO          518    i.SPI1_IRQHandler   stm32f1xx_it.o
    0x08007b58   0x08007b58   0x0000001c   Code   RO          330    i.SPI1_WriteByte    spi.o
    0x08007b74   0x08007b74   0x00000010   Code   RO          519    i.SPI2_IRQHandler   stm32f1xx_it.o
    0x08007b84   0x08007b84   0x00000024   Code   RO         4722    i.SPI2_RW_Byte      rc522.o
    0x08007ba8   0x08007ba8   0x00000014   Code   RO         2337    i.SPI_DMAAbortOnError  stm32f1xx_hal_spi.o
    0x08007bbc   0x08007bbc   0x00000028   Code   RO         2348    i.SPI_EndRxTxTransaction  stm32f1xx_hal_spi.o
    0x08007be4   0x08007be4   0x000000d8   Code   RO         2353    i.SPI_WaitFlagStateUntilTimeout  stm32f1xx_hal_spi.o
    0x08007cbc   0x08007cbc   0x0000000c   Code   RO         4414    i.SPIv_WriteData    lcd_init.o
    0x08007cc8   0x08007cc8   0x00000022   Code   RO         4088    i.STMFLASH_Read     stmflash.o
    0x08007cea   0x08007cea   0x00000006   Code   RO         4089    i.STMFLASH_ReadHalfWord  stmflash.o
    0x08007cf0   0x08007cf0   0x00000108   Code   RO         4090    i.STMFLASH_Write    stmflash.o
    0x08007df8   0x08007df8   0x0000002c   Code   RO         4091    i.STMFLASH_Write_NoCheck  stmflash.o
    0x08007e24   0x08007e24   0x00000002   Code   RO          520    i.SVC_Handler       stm32f1xx_it.o
    0x08007e26   0x08007e26   0x00000002   PAD
    0x08007e28   0x08007e28   0x00000034   Code   RO         4500    i.SendAddr          as608.o
    0x08007e5c   0x08007e5c   0x00000012   Code   RO         4501    i.SendCheck         as608.o
    0x08007e6e   0x08007e6e   0x0000000c   Code   RO         4502    i.SendFlag          as608.o
    0x08007e7a   0x08007e7a   0x00000002   PAD
    0x08007e7c   0x08007e7c   0x0000001c   Code   RO         4503    i.SendHead          as608.o
    0x08007e98   0x08007e98   0x00000014   Code   RO         4504    i.SendLength        as608.o
    0x08007eac   0x08007eac   0x0000000c   Code   RO         4505    i.Sendcmd           as608.o
    0x08007eb8   0x08007eb8   0x00000010   Code   RO         4945    i.Servo_CloseDoor   servo.o
    0x08007ec8   0x08007ec8   0x00000010   Code   RO         4947    i.Servo_Init        servo.o
    0x08007ed8   0x08007ed8   0x00000010   Code   RO         4948    i.Servo_OpenDoor    servo.o
    0x08007ee8   0x08007ee8   0x00000020   Code   RO         4506    i.ShowErrMessage    as608.o
    0x08007f08   0x08007f08   0x00000008   Code   RO          521    i.SysTick_Handler   stm32f1xx_it.o
    0x08007f10   0x08007f10   0x00000066   Code   RO           17    i.SystemClock_Config  main.o
    0x08007f76   0x08007f76   0x00000002   Code   RO         3979    i.SystemInit        system_stm32f1xx.o
    0x08007f78   0x08007f78   0x00000010   Code   RO          522    i.TIM2_IRQHandler   stm32f1xx_it.o
    0x08007f88   0x08007f88   0x00000010   Code   RO          523    i.TIM4_IRQHandler   stm32f1xx_it.o
    0x08007f98   0x08007f98   0x00000010   Code   RO          524    i.TIM5_IRQHandler   stm32f1xx_it.o
    0x08007fa8   0x08007fa8   0x0000009c   Code   RO         2716    i.TIM_Base_SetConfig  stm32f1xx_hal_tim.o
    0x08008044   0x08008044   0x00000022   Code   RO         2717    i.TIM_CCxChannelCmd  stm32f1xx_hal_tim.o
    0x08008066   0x08008066   0x00000016   Code   RO         2727    i.TIM_ETR_SetConfig  stm32f1xx_hal_tim.o
    0x0800807c   0x0800807c   0x00000012   Code   RO         2728    i.TIM_ITRx_SetConfig  stm32f1xx_hal_tim.o
    0x0800808e   0x0800808e   0x00000002   PAD
    0x08008090   0x08008090   0x00000070   Code   RO         2729    i.TIM_OC1_SetConfig  stm32f1xx_hal_tim.o
    0x08008100   0x08008100   0x0000007c   Code   RO         2730    i.TIM_OC2_SetConfig  stm32f1xx_hal_tim.o
    0x0800817c   0x0800817c   0x00000078   Code   RO         2731    i.TIM_OC3_SetConfig  stm32f1xx_hal_tim.o
    0x080081f4   0x080081f4   0x00000054   Code   RO         2732    i.TIM_OC4_SetConfig  stm32f1xx_hal_tim.o
    0x08008248   0x08008248   0x00000026   Code   RO         2734    i.TIM_TI1_ConfigInputStage  stm32f1xx_hal_tim.o
    0x0800826e   0x0800826e   0x00000002   PAD
    0x08008270   0x08008270   0x0000007c   Code   RO         2735    i.TIM_TI1_SetConfig  stm32f1xx_hal_tim.o
    0x080082ec   0x080082ec   0x00000028   Code   RO         2736    i.TIM_TI2_ConfigInputStage  stm32f1xx_hal_tim.o
    0x08008314   0x08008314   0x0000003a   Code   RO         2737    i.TIM_TI2_SetConfig  stm32f1xx_hal_tim.o
    0x0800834e   0x0800834e   0x00000038   Code   RO         2738    i.TIM_TI3_SetConfig  stm32f1xx_hal_tim.o
    0x08008386   0x08008386   0x0000003c   Code   RO         2739    i.TIM_TI4_SetConfig  stm32f1xx_hal_tim.o
    0x080083c2   0x080083c2   0x00000014   Code   RO         3648    i.UART_DMAAbortOnError  stm32f1xx_hal_uart.o
    0x080083d6   0x080083d6   0x00000050   Code   RO         3649    i.UART_DMAError     stm32f1xx_hal_uart.o
    0x08008426   0x08008426   0x000000b4   Code   RO         3650    i.UART_DMAReceiveCplt  stm32f1xx_hal_uart.o
    0x080084da   0x080084da   0x00000024   Code   RO         3652    i.UART_DMARxHalfCplt  stm32f1xx_hal_uart.o
    0x080084fe   0x080084fe   0x0000006c   Code   RO         3658    i.UART_EndRxTransfer  stm32f1xx_hal_uart.o
    0x0800856a   0x0800856a   0x00000020   Code   RO         3659    i.UART_EndTransmit_IT  stm32f1xx_hal_uart.o
    0x0800858a   0x0800858a   0x00000026   Code   RO         3660    i.UART_EndTxTransfer  stm32f1xx_hal_uart.o
    0x080085b0   0x080085b0   0x000000fc   Code   RO         3661    i.UART_Receive_IT   stm32f1xx_hal_uart.o
    0x080086ac   0x080086ac   0x000000fc   Code   RO         3662    i.UART_SetConfig    stm32f1xx_hal_uart.o
    0x080087a8   0x080087a8   0x000000c8   Code   RO         3663    i.UART_Start_Receive_DMA  stm32f1xx_hal_uart.o
    0x08008870   0x08008870   0x00000040   Code   RO         3664    i.UART_Start_Receive_IT  stm32f1xx_hal_uart.o
    0x080088b0   0x080088b0   0x00000060   Code   RO         3665    i.UART_Transmit_IT  stm32f1xx_hal_uart.o
    0x08008910   0x08008910   0x00000092   Code   RO         3666    i.UART_WaitOnFlagUntilTimeout  stm32f1xx_hal_uart.o
    0x080089a2   0x080089a2   0x00000002   PAD
    0x080089a4   0x080089a4   0x00000010   Code   RO          525    i.USART1_IRQHandler  stm32f1xx_it.o
    0x080089b4   0x080089b4   0x00000014   Code   RO          526    i.USART2_IRQHandler  stm32f1xx_it.o
    0x080089c8   0x080089c8   0x00000014   Code   RO          527    i.USART3_IRQHandler  stm32f1xx_it.o
    0x080089dc   0x080089dc   0x00000004   Code   RO          528    i.UsageFault_Handler  stm32f1xx_it.o
    0x080089e0   0x080089e0   0x00000224   Code   RO         4217    i.Write_PassWord    key.o
    0x08008c04   0x08008c04   0x00000020   Code   RO         5343    i.__0printf         mc_w.l(printfa.o)
    0x08008c24   0x08008c24   0x00000028   Code   RO         5345    i.__0sprintf        mc_w.l(printfa.o)
    0x08008c4c   0x08008c4c   0x00000010   Code   RO         1786    i.__NVIC_GetPriorityGrouping  stm32f1xx_hal_cortex.o
    0x08008c5c   0x08008c5c   0x00000028   Code   RO         1787    i.__NVIC_SetPriority  stm32f1xx_hal_cortex.o
    0x08008c84   0x08008c84   0x0000000e   Code   RO         5431    i.__scatterload_copy  mc_w.l(handlers.o)
    0x08008c92   0x08008c92   0x00000002   Code   RO         5432    i.__scatterload_null  mc_w.l(handlers.o)
    0x08008c94   0x08008c94   0x0000000e   Code   RO         5433    i.__scatterload_zeroinit  mc_w.l(handlers.o)
    0x08008ca2   0x08008ca2   0x00000002   PAD
    0x08008ca4   0x08008ca4   0x00000184   Code   RO         5350    i._fp_digits        mc_w.l(printfa.o)
    0x08008e28   0x08008e28   0x000006dc   Code   RO         5351    i._printf_core      mc_w.l(printfa.o)
    0x08009504   0x08009504   0x00000024   Code   RO         5352    i._printf_post_padding  mc_w.l(printfa.o)
    0x08009528   0x08009528   0x0000002e   Code   RO         5353    i._printf_pre_padding  mc_w.l(printfa.o)
    0x08009556   0x08009556   0x0000000a   Code   RO         5355    i._sputc            mc_w.l(printfa.o)
    0x08009560   0x08009560   0x0000001c   Code   RO         4055    i.fputc             uart_redefine.o
    0x0800957c   0x0800957c   0x00000224   Code   RO           18    i.main              main.o
    0x080097a0   0x080097a0   0x00000016   Code   RO         4298    i.mypow             lcd.o
    0x080097b6   0x080097b6   0x00000012   Data   RO         1480    .constdata          stm32f1xx_hal_rcc.o
    0x080097c8   0x080097c8   0x00000018   Data   RO         3980    .constdata          system_stm32f1xx.o
    0x080097e0   0x080097e0   0x0000459c   Data   RO         4299    .constdata          lcd.o
    0x0800dd7c   0x0800dd7c   0x00000020   Data   RO         5429    Region$$Table       anon$$obj.o


    Execution Region RW_IRAM1 (Exec base: 0x20000000, Load base: 0x0800dd9c, Size: 0x00001188, Max: 0x00010000, ABSOLUTE)

    Exec Addr    Load Addr    Size         Type   Attr      Idx    E Section Name        Object

    0x20000000   0x0800dd9c   0x00000008   Data   RW           19    .data               main.o
    0x20000008   0x0800dda4   0x00000009   Data   RW         1316    .data               stm32f1xx_hal.o
    0x20000011   0x0800ddad   0x00000003   PAD
    0x20000014   0x0800ddb0   0x00000004   Data   RW         3981    .data               system_stm32f1xx.o
    0x20000018   0x0800ddb4   0x00000010   Data   RW         4219    .data               key.o
    0x20000028   0x0800ddc4   0x00000012   Data   RW         4508    .data               as608.o
    0x2000003a   0x0800ddd6   0x00000028   Data   RW         4725    .data               rc522.o
    0x20000062   0x0800ddfe   0x00000002   PAD
    0x20000064   0x0800de00   0x00000008   Data   RW         4896    .data               hc05.o
    0x2000006c   0x0800de08   0x00000004   Data   RW         5409    .data               mc_w.l(stdout.o)
    0x20000070        -       0x00000054   Zero   RW          287    .bss                i2c.o
    0x200000c4        -       0x000000b0   Zero   RW          331    .bss                spi.o
    0x20000174        -       0x000000d8   Zero   RW          388    .bss                tim.o
    0x2000024c        -       0x00000160   Zero   RW          457    .bss                usart.o
    0x200003ac   0x0800de0c   0x00000004   PAD
    0x200003b0        -       0x00000020   Zero   RW         2032    .bss                stm32f1xx_hal_flash.o
    0x200003d0        -       0x00000820   Zero   RW         4092    .bss                stmflash.o
    0x20000bf0        -       0x00000020   Zero   RW         4218    .bss                key.o
    0x20000c10        -       0x000000d4   Zero   RW         4507    .bss                as608.o
    0x20000ce4        -       0x00000064   Zero   RW         4895    .bss                hc05.o
    0x20000d48        -       0x00000040   Zero   RW         5014    .bss                hcsr04.o
    0x20000d88        -       0x00000400   Zero   RW            1    STACK               startup_stm32f103xe.o


==============================================================================

Image component sizes


      Code (inc. data)   RO Data    RW Data    ZI Data      Debug   Object Name

      3912       1400          0         18        212      15393   as608.o
        70          0          0          0          0        962   delay.o
        68          4          0          0          0        798   dma.o
       496         26          0          0          0       1227   gpio.o
       796        154          0          8        100       3634   hc05.o
       780         34          0          0         64       5032   hcsr04.o
       208         24          0          0         84       1721   i2c.o
      2924        272          0         16         32       5257   key.o
       730         26      17820          0          0       7227   lcd.o
       716         18          0          0          0       4063   lcd_init.o
       120         36          0          0          0       2703   led.o
       960        256          0          8          0     504434   main.o
      1882        116          0         40          0      15908   rc522.o
        48         16          0          0          0       1352   servo.o
       444         44          0          0        176       2979   spi.o
        36          8        304          0       1024        828   startup_stm32f103xe.o
       152         32          0          9          0       5949   stm32f1xx_hal.o
       304         22          0          0          0      29479   stm32f1xx_hal_cortex.o
      1778         28          0          0          0       5925   stm32f1xx_hal_dma.o
       520         48          0          0         32       4226   stm32f1xx_hal_flash.o
       860         40          0          0          0       3367   stm32f1xx_hal_gpio.o
         0          0          0          0          0     497824   stm32f1xx_hal_gpio_ex.o
      4800         54          0          0          0      24629   stm32f1xx_hal_i2c.o
       100          8          0          0          0        954   stm32f1xx_hal_msp.o
      1748         98         18          0          0       6040   stm32f1xx_hal_rcc.o
      1796         10          0          0          0       7893   stm32f1xx_hal_spi.o
      3330        144          0          0          0      21770   stm32f1xx_hal_tim.o
       160         22          0          0          0       2469   stm32f1xx_hal_tim_ex.o
      2636         22          0          0          0      17086   stm32f1xx_hal_uart.o
       264         76          0          0          0      11611   stm32f1xx_it.o
       388         20          0          0       2080       3999   stmflash.o
         2          0         24          4          0       1143   system_stm32f1xx.o
       728         52          0          0        216       4503   tim.o
        28          6          0          0          0        544   uart_redefine.o
       684         68          0          0        352       3314   usart.o

    ----------------------------------------------------------------------
     34514       3184      18198        108       4376    1226243   Object Totals
         0          0         32          0          0          0   (incl. Generated)
        46          0          0          5          4          0   (incl. Padding)

    ----------------------------------------------------------------------

      Code (inc. data)   RO Data    RW Data    ZI Data      Debug   Library Member Name

         0          0          0          0          0          0   entry.o
         0          0          0          0          0          0   entry10a.o
         0          0          0          0          0          0   entry11a.o
         8          4          0          0          0          0   entry2.o
         4          0          0          0          0          0   entry5.o
         0          0          0          0          0          0   entry7b.o
         0          0          0          0          0          0   entry8b.o
         8          4          0          0          0          0   entry9a.o
        30          0          0          0          0          0   handlers.o
        36          8          0          0          0         68   init.o
         0          0          0          0          0          0   iusefp.o
        30          0          0          0          0         68   llshl.o
        36          0          0          0          0         68   llsshr.o
        32          0          0          0          0         68   llushr.o
        26          0          0          0          0         80   memcmp.o
        36          0          0          0          0        108   memseta.o
      2308         96          0          0          0        604   printfa.o
         0          0          0          4          0          0   stdout.o
        28          0          0          0          0         76   strcmp.o
        36          0          0          0          0         80   strstr.o
        44          0          0          0          0         80   uidiv.o
        98          0          0          0          0         92   uldiv.o
        48          0          0          0          0         68   cdrcmple.o
        56          0          0          0          0         88   d2f.o
       334          0          0          0          0        148   dadd.o
       222          0          0          0          0        100   ddiv.o
       186          0          0          0          0        176   depilogue.o
        48          0          0          0          0         68   dfixul.o
        26          0          0          0          0         76   dfltui.o
       228          0          0          0          0         96   dmul.o
       110          0          0          0          0        168   fepilogue.o

    ----------------------------------------------------------------------
      4020        112          0          4          0       2380   Library Totals
         2          0          0          0          0          0   (incl. Padding)

    ----------------------------------------------------------------------

      Code (inc. data)   RO Data    RW Data    ZI Data      Debug   Library Name

      2760        112          0          4          0       1392   mc_w.l
      1258          0          0          0          0        988   mf_w.l

    ----------------------------------------------------------------------
      4020        112          0          4          0       2380   Library Totals

    ----------------------------------------------------------------------

==============================================================================


      Code (inc. data)   RO Data    RW Data    ZI Data      Debug   

     38534       3296      18198        112       4376    1213903   Grand Totals
     38534       3296      18198        112       4376    1213903   ELF Image Totals
     38534       3296      18198        112          0          0   ROM Totals

==============================================================================

    Total RO  Size (Code + RO Data)                56732 (  55.40kB)
    Total RW  Size (RW Data + ZI Data)              4488 (   4.38kB)
    Total ROM Size (Code + RO Data + RW Data)      56844 (  55.51kB)

==============================================================================

